Archive member included to satisfy reference by file (symbol)

c:/stm32cubeide_1.6.0/stm32cubeide/plugins/com.st.stm32cube.ide.mcu.externaltools.gnu-tools-for-stm32.9-2020-q2-update.win32_1.5.0.202011040924/tools/bin/../lib/gcc/arm-none-eabi/9.3.1/../../../../arm-none-eabi/lib/thumb/v7e-m+fp/hard\libc_nano.a(lib_a-errno.o)
                              Core/Src/syscalls.o (__errno)
c:/stm32cubeide_1.6.0/stm32cubeide/plugins/com.st.stm32cube.ide.mcu.externaltools.gnu-tools-for-stm32.9-2020-q2-update.win32_1.5.0.202011040924/tools/bin/../lib/gcc/arm-none-eabi/9.3.1/../../../../arm-none-eabi/lib/thumb/v7e-m+fp/hard\libc_nano.a(lib_a-exit.o)
                              c:/stm32cubeide_1.6.0/stm32cubeide/plugins/com.st.stm32cube.ide.mcu.externaltools.gnu-tools-for-stm32.9-2020-q2-update.win32_1.5.0.202011040924/tools/bin/../lib/gcc/arm-none-eabi/9.3.1/../../../../arm-none-eabi/lib/thumb/v7e-m+fp/hard/crt0.o (exit)
c:/stm32cubeide_1.6.0/stm32cubeide/plugins/com.st.stm32cube.ide.mcu.externaltools.gnu-tools-for-stm32.9-2020-q2-update.win32_1.5.0.202011040924/tools/bin/../lib/gcc/arm-none-eabi/9.3.1/../../../../arm-none-eabi/lib/thumb/v7e-m+fp/hard\libc_nano.a(lib_a-impure.o)
                              c:/stm32cubeide_1.6.0/stm32cubeide/plugins/com.st.stm32cube.ide.mcu.externaltools.gnu-tools-for-stm32.9-2020-q2-update.win32_1.5.0.202011040924/tools/bin/../lib/gcc/arm-none-eabi/9.3.1/../../../../arm-none-eabi/lib/thumb/v7e-m+fp/hard\libc_nano.a(lib_a-exit.o) (_global_impure_ptr)
c:/stm32cubeide_1.6.0/stm32cubeide/plugins/com.st.stm32cube.ide.mcu.externaltools.gnu-tools-for-stm32.9-2020-q2-update.win32_1.5.0.202011040924/tools/bin/../lib/gcc/arm-none-eabi/9.3.1/../../../../arm-none-eabi/lib/thumb/v7e-m+fp/hard\libc_nano.a(lib_a-init.o)
                              c:/stm32cubeide_1.6.0/stm32cubeide/plugins/com.st.stm32cube.ide.mcu.externaltools.gnu-tools-for-stm32.9-2020-q2-update.win32_1.5.0.202011040924/tools/bin/../lib/gcc/arm-none-eabi/9.3.1/../../../../arm-none-eabi/lib/thumb/v7e-m+fp/hard/crt0.o (__libc_init_array)
c:/stm32cubeide_1.6.0/stm32cubeide/plugins/com.st.stm32cube.ide.mcu.externaltools.gnu-tools-for-stm32.9-2020-q2-update.win32_1.5.0.202011040924/tools/bin/../lib/gcc/arm-none-eabi/9.3.1/../../../../arm-none-eabi/lib/thumb/v7e-m+fp/hard\libc_nano.a(lib_a-memset.o)
                              c:/stm32cubeide_1.6.0/stm32cubeide/plugins/com.st.stm32cube.ide.mcu.externaltools.gnu-tools-for-stm32.9-2020-q2-update.win32_1.5.0.202011040924/tools/bin/../lib/gcc/arm-none-eabi/9.3.1/../../../../arm-none-eabi/lib/thumb/v7e-m+fp/hard/crt0.o (memset)
c:/stm32cubeide_1.6.0/stm32cubeide/plugins/com.st.stm32cube.ide.mcu.externaltools.gnu-tools-for-stm32.9-2020-q2-update.win32_1.5.0.202011040924/tools/bin/../lib/gcc/arm-none-eabi/9.3.1/thumb/v7e-m+fp/hard\libgcc.a(_aeabi_uldivmod.o)
                              Drivers/STM32F4xx_HAL_Driver/Src/stm32f4xx_hal_rcc.o (__aeabi_uldivmod)
c:/stm32cubeide_1.6.0/stm32cubeide/plugins/com.st.stm32cube.ide.mcu.externaltools.gnu-tools-for-stm32.9-2020-q2-update.win32_1.5.0.202011040924/tools/bin/../lib/gcc/arm-none-eabi/9.3.1/thumb/v7e-m+fp/hard\libgcc.a(_udivmoddi4.o)
                              c:/stm32cubeide_1.6.0/stm32cubeide/plugins/com.st.stm32cube.ide.mcu.externaltools.gnu-tools-for-stm32.9-2020-q2-update.win32_1.5.0.202011040924/tools/bin/../lib/gcc/arm-none-eabi/9.3.1/thumb/v7e-m+fp/hard\libgcc.a(_aeabi_uldivmod.o) (__udivmoddi4)
c:/stm32cubeide_1.6.0/stm32cubeide/plugins/com.st.stm32cube.ide.mcu.externaltools.gnu-tools-for-stm32.9-2020-q2-update.win32_1.5.0.202011040924/tools/bin/../lib/gcc/arm-none-eabi/9.3.1/thumb/v7e-m+fp/hard\libgcc.a(_dvmd_tls.o)
                              c:/stm32cubeide_1.6.0/stm32cubeide/plugins/com.st.stm32cube.ide.mcu.externaltools.gnu-tools-for-stm32.9-2020-q2-update.win32_1.5.0.202011040924/tools/bin/../lib/gcc/arm-none-eabi/9.3.1/thumb/v7e-m+fp/hard\libgcc.a(_aeabi_uldivmod.o) (__aeabi_ldiv0)

Allocating common symbols
Common symbol       size              file

hdma_tim1_ch1       0x60              Core/Src/tim.o
hdma_tim8_ch2       0x60              Core/Src/tim.o
htim8               0x40              Core/Src/tim.o
hdma_tim1_ch3       0x60              Core/Src/tim.o
hdma_tim1_ch2       0x60              Core/Src/tim.o
uwTick              0x4               Drivers/STM32F4xx_HAL_Driver/Src/stm32f4xx_hal.o
pFlash              0x20              Drivers/STM32F4xx_HAL_Driver/Src/stm32f4xx_hal_flash.o
hdma_tim8_ch4_trig_com
                    0x60              Core/Src/tim.o
UART_Buffer         0x64              lc_rm/source/bsp_usart.o
hdma_usart1_rx      0x60              Core/Src/usart.o
huart1              0x40              Core/Src/usart.o
remote_control      0x14              lc_rm/source/bsp_usart.o
htim1               0x40              Core/Src/tim.o
huart8              0x40              Core/Src/usart.o
htim2               0x40              Core/Src/tim.o
can_cnt             0x2               lc_rm/source/bsp_can.o
[...]
Memory Configuration

Name             Origin             Length             Attributes
CCMRAM           0x0000000010000000 0x0000000000010000 xrw
RAM              0x0000000020000000 0x0000000000030000 xrw
FLASH            0x0000000008000000 0x0000000000200000 xr
*default*        0x0000000000000000 0xffffffffffffffff

Linker script and memory map

LOAD c:/stm32cubeide_1.6.0/stm32cubeide/plugins/com.st.stm32cube.ide.mcu.externaltools.gnu-tools-for-stm32.9-2020-q2-update.win32_1.5.0.202011040924/tools/bin/../lib/gcc/arm-none-eabi/9.3.1/thumb/v7e-m+fp/hard/crti.o
LOAD c:/stm32cubeide_1.6.0/stm32cubeide/plugins/com.st.stm32cube.ide.mcu.externaltools.gnu-tools-for-stm32.9-2020-q2-update.win32_1.5.0.202011040924/tools/bin/../lib/gcc/arm-none-eabi/9.3.1/thumb/v7e-m+fp/hard/crtbegin.o
LOAD c:/stm32cubeide_1.6.0/stm32cubeide/plugins/com.st.stm32cube.ide.mcu.externaltools.gnu-tools-for-stm32.9-2020-q2-update.win32_1.5.0.202011040924/tools/bin/../lib/gcc/arm-none-eabi/9.3.1/../../../../arm-none-eabi/lib/thumb/v7e-m+fp/hard/crt0.o
LOAD Core/Src/can.o
LOAD Core/Src/dma.o
LOAD Core/Src/gpio.o
LOAD Core/Src/main.o
LOAD Core/Src/stm32f4xx_hal_msp.o
LOAD Core/Src/stm32f4xx_it.o
LOAD Core/Src/syscalls.o
LOAD Core/Src/sysmem.o
LOAD Core/Src/system_stm32f4xx.o
LOAD Core/Src/tim.o
LOAD Core/Src/usart.o
LOAD Core/Startup/startup_stm32f427iihx.o
LOAD Drivers/STM32F4xx_HAL_Driver/Src/stm32f4xx_hal.o
LOAD Drivers/STM32F4xx_HAL_Driver/Src/stm32f4xx_hal_can.o
LOAD Drivers/STM32F4xx_HAL_Driver/Src/stm32f4xx_hal_cortex.o
LOAD Drivers/STM32F4xx_HAL_Driver/Src/stm32f4xx_hal_dma.o
LOAD Drivers/STM32F4xx_HAL_Driver/Src/stm32f4xx_hal_dma_ex.o
LOAD Drivers/STM32F4xx_HAL_Driver/Src/stm32f4xx_hal_exti.o
LOAD Drivers/STM32F4xx_HAL_Driver/Src/stm32f4xx_hal_flash.o
LOAD Drivers/STM32F4xx_HAL_Driver/Src/stm32f4xx_hal_flash_ex.o
LOAD Drivers/STM32F4xx_HAL_Driver/Src/stm32f4xx_hal_flash_ramfunc.o
LOAD Drivers/STM32F4xx_HAL_Driver/Src/stm32f4xx_hal_gpio.o
LOAD Drivers/STM32F4xx_HAL_Driver/Src/stm32f4xx_hal_pwr.o
LOAD Drivers/STM32F4xx_HAL_Driver/Src/stm32f4xx_hal_pwr_ex.o
LOAD Drivers/STM32F4xx_HAL_Driver/Src/stm32f4xx_hal_rcc.o
LOAD Drivers/STM32F4xx_HAL_Driver/Src/stm32f4xx_hal_rcc_ex.o
LOAD Drivers/STM32F4xx_HAL_Driver/Src/stm32f4xx_hal_tim.o
LOAD Drivers/STM32F4xx_HAL_Driver/Src/stm32f4xx_hal_tim_ex.o
LOAD Drivers/STM32F4xx_HAL_Driver/Src/stm32f4xx_hal_uart.o
LOAD Mycode/LC_Nvic/lc_exit_nvic.o
LOAD Mycode/LC_Nvic/lc_pwm.o
LOAD Mycode/LC_Nvic/lc_tim_nvic.o
LOAD Mycode/LC_Nvic/lc_ws2812.o
LOAD lc_rm/source/bsp_can.o
LOAD lc_rm/source/bsp_usart.o
LOAD lc_rm/source/pid.o
LOAD lc_rm/source/robomaster_vcan.o
START GROUP
LOAD c:/stm32cubeide_1.6.0/stm32cubeide/plugins/com.st.stm32cube.ide.mcu.externaltools.gnu-tools-for-stm32.9-2020-q2-update.win32_1.5.0.202011040924/tools/bin/../lib/gcc/arm-none-eabi/9.3.1/../../../../arm-none-eabi/lib/thumb/v7e-m+fp/hard\libc_nano.a
LOAD c:/stm32cubeide_1.6.0/stm32cubeide/plugins/com.st.stm32cube.ide.mcu.externaltools.gnu-tools-for-stm32.9-2020-q2-update.win32_1.5.0.202011040924/tools/bin/../lib/gcc/arm-none-eabi/9.3.1/../../../../arm-none-eabi/lib/thumb/v7e-m+fp/hard\libm.a
END GROUP
START GROUP
LOAD c:/stm32cubeide_1.6.0/stm32cubeide/plugins/com.st.stm32cube.ide.mcu.externaltools.gnu-tools-for-stm32.9-2020-q2-update.win32_1.5.0.202011040924/tools/bin/../lib/gcc/arm-none-eabi/9.3.1/thumb/v7e-m+fp/hard\libgcc.a
LOAD c:/stm32cubeide_1.6.0/stm32cubeide/plugins/com.st.stm32cube.ide.mcu.externaltools.gnu-tools-for-stm32.9-2020-q2-update.win32_1.5.0.202011040924/tools/bin/../lib/gcc/arm-none-eabi/9.3.1/../../../../arm-none-eabi/lib/thumb/v7e-m+fp/hard\libc_nano.a
END GROUP
START GROUP
LOAD c:/stm32cubeide_1.6.0/stm32cubeide/plugins/com.st.stm32cube.ide.mcu.externaltools.gnu-tools-for-stm32.9-2020-q2-update.win32_1.5.0.202011040924/tools/bin/../lib/gcc/arm-none-eabi/9.3.1/thumb/v7e-m+fp/hard\libgcc.a
LOAD c:/stm32cubeide_1.6.0/stm32cubeide/plugins/com.st.stm32cube.ide.mcu.externaltools.gnu-tools-for-stm32.9-2020-q2-update.win32_1.5.0.202011040924/tools/bin/../lib/gcc/arm-none-eabi/9.3.1/../../../../arm-none-eabi/lib/thumb/v7e-m+fp/hard\libc_nano.a
LOAD c:/stm32cubeide_1.6.0/stm32cubeide/plugins/com.st.stm32cube.ide.mcu.externaltools.gnu-tools-for-stm32.9-2020-q2-update.win32_1.5.0.202011040924/tools/bin/../lib/gcc/arm-none-eabi/9.3.1/../../../../arm-none-eabi/lib/thumb/v7e-m+fp/hard\libnosys.a
END GROUP
START GROUP
LOAD c:/stm32cubeide_1.6.0/stm32cubeide/plugins/com.st.stm32cube.ide.mcu.externaltools.gnu-tools-for-stm32.9-2020-q2-update.win32_1.5.0.202011040924/tools/bin/../lib/gcc/arm-none-eabi/9.3.1/thumb/v7e-m+fp/hard\libgcc.a
LOAD c:/stm32cubeide_1.6.0/stm32cubeide/plugins/com.st.stm32cube.ide.mcu.externaltools.gnu-tools-for-stm32.9-2020-q2-update.win32_1.5.0.202011040924/tools/bin/../lib/gcc/arm-none-eabi/9.3.1/../../../../arm-none-eabi/lib/thumb/v7e-m+fp/hard\libc_nano.a
LOAD c:/stm32cubeide_1.6.0/stm32cubeide/plugins/com.st.stm32cube.ide.mcu.externaltools.gnu-tools-for-stm32.9-2020-q2-update.win32_1.5.0.202011040924/tools/bin/../lib/gcc/arm-none-eabi/9.3.1/../../../../arm-none-eabi/lib/thumb/v7e-m+fp/hard\libnosys.a
END GROUP
LOAD c:/stm32cubeide_1.6.0/stm32cubeide/plugins/com.st.stm32cube.ide.mcu.externaltools.gnu-tools-for-stm32.9-2020-q2-update.win32_1.5.0.202011040924/tools/bin/../lib/gcc/arm-none-eabi/9.3.1/thumb/v7e-m+fp/hard/crtend.o
LOAD c:/stm32cubeide_1.6.0/stm32cubeide/plugins/com.st.stm32cube.ide.mcu.externaltools.gnu-tools-for-stm32.9-2020-q2-update.win32_1.5.0.202011040924/tools/bin/../lib/gcc/arm-none-eabi/9.3.1/thumb/v7e-m+fp/hard/crtn.o
                0x0000000020030000                _estack = (ORIGIN (RAM) + LENGTH (RAM))
                0x0000000000000200                _Min_Heap_Size = 0x200
                0x0000000000000400                _Min_Stack_Size = 0x400

.isr_vector     0x0000000008000000      0x1ac
                0x0000000008000000                . = ALIGN (0x4)
 *(.isr_vector)
 .isr_vector    0x0000000008000000      0x1ac Core/Startup/startup_stm32f427iihx.o
                0x0000000008000000                g_pfnVectors
                0x00000000080001ac                . = ALIGN (0x4)

.text           0x00000000080001ac     0x6f18
                0x00000000080001ac                . = ALIGN (0x4)
 *(.text)
 .text          0x00000000080001ac       0x40 c:/stm32cubeide_1.6.0/stm32cubeide/plugins/com.st.stm32cube.ide.mcu.externaltools.gnu-tools-for-stm32.9-2020-q2-update.win32_1.5.0.202011040924/tools/bin/../lib/gcc/arm-none-eabi/9.3.1/thumb/v7e-m+fp/hard/crtbegin.o
 .text          0x00000000080001ec       0x30 c:/stm32cubeide_1.6.0/stm32cubeide/plugins/com.st.stm32cube.ide.mcu.externaltools.gnu-tools-for-stm32.9-2020-q2-update.win32_1.5.0.202011040924/tools/bin/../lib/gcc/arm-none-eabi/9.3.1/thumb/v7e-m+fp/hard\libgcc.a(_aeabi_uldivmod.o)
                0x00000000080001ec                __aeabi_uldivmod
 .text          0x000000000800021c      0x2c4 c:/stm32cubeide_1.6.0/stm32cubeide/plugins/com.st.stm32cube.ide.mcu.externaltools.gnu-tools-for-stm32.9-2020-q2-update.win32_1.5.0.202011040924/tools/bin/../lib/gcc/arm-none-eabi/9.3.1/thumb/v7e-m+fp/hard\libgcc.a(_udivmoddi4.o)
                0x000000000800021c                __udivmoddi4
 .text          0x00000000080004e0        0x4 c:/stm32cubeide_1.6.0/stm32cubeide/plugins/com.st.stm32cube.ide.mcu.externaltools.gnu-tools-for-stm32.9-2020-q2-update.win32_1.5.0.202011040924/tools/bin/../lib/gcc/arm-none-eabi/9.3.1/thumb/v7e-m+fp/hard\libgcc.a(_dvmd_tls.o)
                0x00000000080004e0                __aeabi_idiv0
                0x00000000080004e0                __aeabi_ldiv0
 *(.text*)
 .text.MX_CAN1_Init
                0x00000000080004e4       0x6c Core/Src/can.o
                0x00000000080004e4                MX_CAN1_Init
 .text.HAL_CAN_MspInit
                0x0000000008000550       0xb0 Core/Src/can.o
                0x0000000008000550                HAL_CAN_MspInit
 .text.MX_DMA_Init
                0x0000000008000600       0xa0 Core/Src/dma.o
                0x0000000008000600                MX_DMA_Init
 .text.MX_GPIO_Init
                0x00000000080006a0      0x274 Core/Src/gpio.o
                0x00000000080006a0                MX_GPIO_Init
 .text.main     0x0000000008000914      0x114 Core/Src/main.o
                0x0000000008000914                main
 .text.SystemClock_Config
                0x0000000008000a28       0xd4 Core/Src/main.o
                0x0000000008000a28                SystemClock_Config
 .text.Error_Handler
                0x0000000008000afc        0xe Core/Src/main.o
                0x0000000008000afc                Error_Handler
 *fill*         0x0000000008000b0a        0x2 
 .text.HAL_MspInit
                0x0000000008000b0c       0x50 Core/Src/stm32f4xx_hal_msp.o
                0x0000000008000b0c                HAL_MspInit
 .text.NMI_Handler
                0x0000000008000b5c        0xe Core/Src/stm32f4xx_it.o
                0x0000000008000b5c                NMI_Handler
 .text.HardFault_Handler
                0x0000000008000b6a        0x6 Core/Src/stm32f4xx_it.o
                0x0000000008000b6a                HardFault_Handler
 .text.MemManage_Handler
                0x0000000008000b70        0x6 Core/Src/stm32f4xx_it.o
                0x0000000008000b70                MemManage_Handler
 .text.BusFault_Handler
                0x0000000008000b76        0x6 Core/Src/stm32f4xx_it.o
                0x0000000008000b76                BusFault_Handler
 .text.UsageFault_Handler
                0x0000000008000b7c        0x6 Core/Src/stm32f4xx_it.o
                0x0000000008000b7c                UsageFault_Handler
 .text.SVC_Handler
                0x0000000008000b82        0xe Core/Src/stm32f4xx_it.o
                0x0000000008000b82                SVC_Handler
 .text.DebugMon_Handler
                0x0000000008000b90        0xe Core/Src/stm32f4xx_it.o
                0x0000000008000b90                DebugMon_Handler
 .text.PendSV_Handler
                0x0000000008000b9e        0xe Core/Src/stm32f4xx_it.o
                0x0000000008000b9e                PendSV_Handler
 .text.SysTick_Handler
                0x0000000008000bac        0xc Core/Src/stm32f4xx_it.o
                0x0000000008000bac                SysTick_Handler
 .text.EXTI0_IRQHandler
                0x0000000008000bb8        0xe Core/Src/stm32f4xx_it.o
                0x0000000008000bb8                EXTI0_IRQHandler
 .text.EXTI1_IRQHandler
                0x0000000008000bc6        0xe Core/Src/stm32f4xx_it.o
                0x0000000008000bc6                EXTI1_IRQHandler
 .text.EXTI2_IRQHandler
                0x0000000008000bd4        0xe Core/Src/stm32f4xx_it.o
                0x0000000008000bd4                EXTI2_IRQHandler
 .text.EXTI4_IRQHandler
                0x0000000008000be2        0xe Core/Src/stm32f4xx_it.o
                0x0000000008000be2                EXTI4_IRQHandler
 .text.CAN1_TX_IRQHandler
                0x0000000008000bf0       0x14 Core/Src/stm32f4xx_it.o
                0x0000000008000bf0                CAN1_TX_IRQHandler
 .text.CAN1_RX0_IRQHandler
                0x0000000008000c04       0x14 Core/Src/stm32f4xx_it.o
                0x0000000008000c04                CAN1_RX0_IRQHandler
 .text.EXTI9_5_IRQHandler
                0x0000000008000c18       0x14 Core/Src/stm32f4xx_it.o
                0x0000000008000c18                EXTI9_5_IRQHandler
 .text.TIM2_IRQHandler
                0x0000000008000c2c       0x14 Core/Src/stm32f4xx_it.o
                0x0000000008000c2c                TIM2_IRQHandler
 .text.USART1_IRQHandler
                0x0000000008000c40       0x14 Core/Src/stm32f4xx_it.o
                0x0000000008000c40                USART1_IRQHandler
 .text.DMA2_Stream1_IRQHandler
                0x0000000008000c54       0x14 Core/Src/stm32f4xx_it.o
                0x0000000008000c54                DMA2_Stream1_IRQHandler
 .text.DMA2_Stream2_IRQHandler
                0x0000000008000c68       0x14 Core/Src/stm32f4xx_it.o
                0x0000000008000c68                DMA2_Stream2_IRQHandler
 .text.DMA2_Stream3_IRQHandler
                0x0000000008000c7c       0x14 Core/Src/stm32f4xx_it.o
                0x0000000008000c7c                DMA2_Stream3_IRQHandler
 .text.DMA2_Stream4_IRQHandler
                0x0000000008000c90       0x14 Core/Src/stm32f4xx_it.o
                0x0000000008000c90                DMA2_Stream4_IRQHandler
 .text.DMA2_Stream5_IRQHandler
                0x0000000008000ca4       0x14 Core/Src/stm32f4xx_it.o
                0x0000000008000ca4                DMA2_Stream5_IRQHandler
 .text.DMA2_Stream6_IRQHandler
                0x0000000008000cb8       0x14 Core/Src/stm32f4xx_it.o
                0x0000000008000cb8                DMA2_Stream6_IRQHandler
 .text.DMA2_Stream7_IRQHandler
                0x0000000008000ccc       0x14 Core/Src/stm32f4xx_it.o
                0x0000000008000ccc                DMA2_Stream7_IRQHandler
 .text.SystemInit
                0x0000000008000ce0       0x2c Core/Src/system_stm32f4xx.o
                0x0000000008000ce0                SystemInit
 .text.MX_TIM1_Init
                0x0000000008000d0c      0x170 Core/Src/tim.o
                0x0000000008000d0c                MX_TIM1_Init
 .text.MX_TIM2_Init
                0x0000000008000e7c       0x9c Core/Src/tim.o
                0x0000000008000e7c                MX_TIM2_Init
 .text.MX_TIM8_Init
                0x0000000008000f18      0x170 Core/Src/tim.o
                0x0000000008000f18                MX_TIM8_Init
 .text.HAL_TIM_Base_MspInit
                0x0000000008001088      0x340 Core/Src/tim.o
                0x0000000008001088                HAL_TIM_Base_MspInit
 .text.HAL_TIM_MspPostInit
                0x00000000080013c8      0x108 Core/Src/tim.o
                0x00000000080013c8                HAL_TIM_MspPostInit
 .text.MX_UART8_Init
                0x00000000080014d0       0x54 Core/Src/usart.o
                0x00000000080014d0                MX_UART8_Init
 .text.MX_USART1_UART_Init
                0x0000000008001524       0x54 Core/Src/usart.o
                0x0000000008001524                MX_USART1_UART_Init
 .text.HAL_UART_MspInit
                0x0000000008001578      0x170 Core/Src/usart.o
                0x0000000008001578                HAL_UART_MspInit
 .text.Reset_Handler
                0x00000000080016e8       0x50 Core/Startup/startup_stm32f427iihx.o
                0x00000000080016e8                Reset_Handler
 .text.Default_Handler
                0x0000000008001738        0x2 Core/Startup/startup_stm32f427iihx.o
                0x0000000008001738                RTC_Alarm_IRQHandler
                0x0000000008001738                HASH_RNG_IRQHandler
                0x0000000008001738                TIM8_CC_IRQHandler
                0x0000000008001738                UART8_IRQHandler
                0x0000000008001738                SPI4_IRQHandler
                0x0000000008001738                TIM1_CC_IRQHandler
                0x0000000008001738                DMA1_Stream5_IRQHandler
                0x0000000008001738                PVD_IRQHandler
                0x0000000008001738                SDIO_IRQHandler
                0x0000000008001738                TAMP_STAMP_IRQHandler
                0x0000000008001738                CAN2_RX1_IRQHandler
                0x0000000008001738                EXTI3_IRQHandler
                0x0000000008001738                TIM8_TRG_COM_TIM14_IRQHandler
                0x0000000008001738                TIM1_UP_TIM10_IRQHandler
                0x0000000008001738                TIM8_UP_TIM13_IRQHandler
                0x0000000008001738                I2C3_ER_IRQHandler
                0x0000000008001738                I2C2_EV_IRQHandler
                0x0000000008001738                DMA1_Stream2_IRQHandler
                0x0000000008001738                FPU_IRQHandler
                0x0000000008001738                OTG_HS_WKUP_IRQHandler
                0x0000000008001738                CAN2_SCE_IRQHandler
                0x0000000008001738                SPI1_IRQHandler
                0x0000000008001738                TIM6_DAC_IRQHandler
                0x0000000008001738                TIM1_BRK_TIM9_IRQHandler
                0x0000000008001738                DCMI_IRQHandler
                0x0000000008001738                CAN2_RX0_IRQHandler
                0x0000000008001738                USART6_IRQHandler
                0x0000000008001738                USART3_IRQHandler
                0x0000000008001738                CAN1_RX1_IRQHandler
                0x0000000008001738                UART5_IRQHandler
                0x0000000008001738                DMA2_Stream0_IRQHandler
                0x0000000008001738                TIM4_IRQHandler
                0x0000000008001738                I2C1_EV_IRQHandler
                0x0000000008001738                DMA1_Stream6_IRQHandler
                0x0000000008001738                DMA1_Stream1_IRQHandler
                0x0000000008001738                UART4_IRQHandler
                0x0000000008001738                TIM3_IRQHandler
                0x0000000008001738                RCC_IRQHandler
                0x0000000008001738                TIM8_BRK_TIM12_IRQHandler
                0x0000000008001738                Default_Handler
                0x0000000008001738                EXTI15_10_IRQHandler
                0x0000000008001738                ADC_IRQHandler
                0x0000000008001738                DMA1_Stream7_IRQHandler
                0x0000000008001738                SPI5_IRQHandler
                0x0000000008001738                TIM7_IRQHandler
                0x0000000008001738                CAN2_TX_IRQHandler
                0x0000000008001738                TIM5_IRQHandler
                0x0000000008001738                I2C3_EV_IRQHandler
                0x0000000008001738                RTC_WKUP_IRQHandler
                0x0000000008001738                ETH_WKUP_IRQHandler
                0x0000000008001738                SPI2_IRQHandler
                0x0000000008001738                OTG_HS_EP1_IN_IRQHandler
                0x0000000008001738                DMA1_Stream0_IRQHandler
                0x0000000008001738                ETH_IRQHandler
                0x0000000008001738                OTG_HS_EP1_OUT_IRQHandler
                0x0000000008001738                WWDG_IRQHandler
                0x0000000008001738                SPI6_IRQHandler
                0x0000000008001738                OTG_FS_WKUP_IRQHandler
                0x0000000008001738                TIM1_TRG_COM_TIM11_IRQHandler
                0x0000000008001738                OTG_HS_IRQHandler
                0x0000000008001738                DMA2D_IRQHandler
                0x0000000008001738                UART7_IRQHandler
                0x0000000008001738                USART2_IRQHandler
                0x0000000008001738                I2C2_ER_IRQHandler
                0x0000000008001738                CAN1_SCE_IRQHandler
                0x0000000008001738                FLASH_IRQHandler
                0x0000000008001738                OTG_FS_IRQHandler
                0x0000000008001738                SPI3_IRQHandler
                0x0000000008001738                DMA1_Stream4_IRQHandler
                0x0000000008001738                I2C1_ER_IRQHandler
                0x0000000008001738                FMC_IRQHandler
                0x0000000008001738                SAI1_IRQHandler
                0x0000000008001738                DMA1_Stream3_IRQHandler
 *fill*         0x000000000800173a        0x2 
 .text.HAL_Init
                0x000000000800173c       0x44 Drivers/STM32F4xx_HAL_Driver/Src/stm32f4xx_hal.o
                0x000000000800173c                HAL_Init
 .text.HAL_InitTick
                0x0000000008001780       0x60 Drivers/STM32F4xx_HAL_Driver/Src/stm32f4xx_hal.o
                0x0000000008001780                HAL_InitTick
 .text.HAL_IncTick
                0x00000000080017e0       0x28 Drivers/STM32F4xx_HAL_Driver/Src/stm32f4xx_hal.o
                0x00000000080017e0                HAL_IncTick
 .text.HAL_GetTick
                0x0000000008001808       0x18 Drivers/STM32F4xx_HAL_Driver/Src/stm32f4xx_hal.o
                0x0000000008001808                HAL_GetTick
 .text.HAL_Delay
                0x0000000008001820       0x48 Drivers/STM32F4xx_HAL_Driver/Src/stm32f4xx_hal.o
                0x0000000008001820                HAL_Delay
 .text.HAL_CAN_Init
                0x0000000008001868      0x1f6 Drivers/STM32F4xx_HAL_Driver/Src/stm32f4xx_hal_can.o
                0x0000000008001868                HAL_CAN_Init
 *fill*         0x0000000008001a5e        0x2 
 .text.HAL_CAN_ConfigFilter
                0x0000000008001a60      0x1c0 Drivers/STM32F4xx_HAL_Driver/Src/stm32f4xx_hal_can.o
                0x0000000008001a60                HAL_CAN_ConfigFilter
 .text.HAL_CAN_Start
                0x0000000008001c20       0x88 Drivers/STM32F4xx_HAL_Driver/Src/stm32f4xx_hal_can.o
                0x0000000008001c20                HAL_CAN_Start
 .text.HAL_CAN_AddTxMessage
                0x0000000008001ca8      0x1b6 Drivers/STM32F4xx_HAL_Driver/Src/stm32f4xx_hal_can.o
                0x0000000008001ca8                HAL_CAN_AddTxMessage
 .text.HAL_CAN_GetRxMessage
                0x0000000008001e5e      0x224 Drivers/STM32F4xx_HAL_Driver/Src/stm32f4xx_hal_can.o
                0x0000000008001e5e                HAL_CAN_GetRxMessage
 .text.HAL_CAN_ActivateNotification
                0x0000000008002082       0x4c Drivers/STM32F4xx_HAL_Driver/Src/stm32f4xx_hal_can.o
                0x0000000008002082                HAL_CAN_ActivateNotification
 .text.HAL_CAN_IRQHandler
                0x00000000080020ce      0x36e Drivers/STM32F4xx_HAL_Driver/Src/stm32f4xx_hal_can.o
                0x00000000080020ce                HAL_CAN_IRQHandler
 .text.HAL_CAN_TxMailbox0CompleteCallback
                0x000000000800243c       0x14 Drivers/STM32F4xx_HAL_Driver/Src/stm32f4xx_hal_can.o
                0x000000000800243c                HAL_CAN_TxMailbox0CompleteCallback
 .text.HAL_CAN_TxMailbox1CompleteCallback
                0x0000000008002450       0x14 Drivers/STM32F4xx_HAL_Driver/Src/stm32f4xx_hal_can.o
                0x0000000008002450                HAL_CAN_TxMailbox1CompleteCallback
 .text.HAL_CAN_TxMailbox2CompleteCallback
                0x0000000008002464       0x14 Drivers/STM32F4xx_HAL_Driver/Src/stm32f4xx_hal_can.o
                0x0000000008002464                HAL_CAN_TxMailbox2CompleteCallback
 .text.HAL_CAN_TxMailbox0AbortCallback
                0x0000000008002478       0x14 Drivers/STM32F4xx_HAL_Driver/Src/stm32f4xx_hal_can.o
                0x0000000008002478                HAL_CAN_TxMailbox0AbortCallback
 .text.HAL_CAN_TxMailbox1AbortCallback
                0x000000000800248c       0x14 Drivers/STM32F4xx_HAL_Driver/Src/stm32f4xx_hal_can.o
                0x000000000800248c                HAL_CAN_TxMailbox1AbortCallback
 .text.HAL_CAN_TxMailbox2AbortCallback
                0x00000000080024a0       0x14 Drivers/STM32F4xx_HAL_Driver/Src/stm32f4xx_hal_can.o
                0x00000000080024a0                HAL_CAN_TxMailbox2AbortCallback
 .text.HAL_CAN_RxFifo0FullCallback
                0x00000000080024b4       0x14 Drivers/STM32F4xx_HAL_Driver/Src/stm32f4xx_hal_can.o
                0x00000000080024b4                HAL_CAN_RxFifo0FullCallback
 .text.HAL_CAN_RxFifo1MsgPendingCallback
                0x00000000080024c8       0x14 Drivers/STM32F4xx_HAL_Driver/Src/stm32f4xx_hal_can.o
                0x00000000080024c8                HAL_CAN_RxFifo1MsgPendingCallback
 .text.HAL_CAN_RxFifo1FullCallback
                0x00000000080024dc       0x14 Drivers/STM32F4xx_HAL_Driver/Src/stm32f4xx_hal_can.o
                0x00000000080024dc                HAL_CAN_RxFifo1FullCallback
 .text.HAL_CAN_SleepCallback
                0x00000000080024f0       0x14 Drivers/STM32F4xx_HAL_Driver/Src/stm32f4xx_hal_can.o
                0x00000000080024f0                HAL_CAN_SleepCallback
 .text.HAL_CAN_WakeUpFromRxMsgCallback
                0x0000000008002504       0x14 Drivers/STM32F4xx_HAL_Driver/Src/stm32f4xx_hal_can.o
                0x0000000008002504                HAL_CAN_WakeUpFromRxMsgCallback
 .text.HAL_CAN_ErrorCallback
                0x0000000008002518       0x14 Drivers/STM32F4xx_HAL_Driver/Src/stm32f4xx_hal_can.o
                0x0000000008002518                HAL_CAN_ErrorCallback
 .text.__NVIC_SetPriorityGrouping
                0x000000000800252c       0x48 Drivers/STM32F4xx_HAL_Driver/Src/stm32f4xx_hal_cortex.o
 .text.__NVIC_GetPriorityGrouping
                0x0000000008002574       0x1c Drivers/STM32F4xx_HAL_Driver/Src/stm32f4xx_hal_cortex.o
 .text.__NVIC_EnableIRQ
                0x0000000008002590       0x3c Drivers/STM32F4xx_HAL_Driver/Src/stm32f4xx_hal_cortex.o
 .text.__NVIC_SetPriority
                0x00000000080025cc       0x54 Drivers/STM32F4xx_HAL_Driver/Src/stm32f4xx_hal_cortex.o
 .text.NVIC_EncodePriority
                0x0000000008002620       0x66 Drivers/STM32F4xx_HAL_Driver/Src/stm32f4xx_hal_cortex.o
 *fill*         0x0000000008002686        0x2 
 .text.SysTick_Config
                0x0000000008002688       0x44 Drivers/STM32F4xx_HAL_Driver/Src/stm32f4xx_hal_cortex.o
 .text.HAL_NVIC_SetPriorityGrouping
                0x00000000080026cc       0x16 Drivers/STM32F4xx_HAL_Driver/Src/stm32f4xx_hal_cortex.o
                0x00000000080026cc                HAL_NVIC_SetPriorityGrouping
 .text.HAL_NVIC_SetPriority
                0x00000000080026e2       0x38 Drivers/STM32F4xx_HAL_Driver/Src/stm32f4xx_hal_cortex.o
                0x00000000080026e2                HAL_NVIC_SetPriority
 .text.HAL_NVIC_EnableIRQ
                0x000000000800271a       0x1c Drivers/STM32F4xx_HAL_Driver/Src/stm32f4xx_hal_cortex.o
                0x000000000800271a                HAL_NVIC_EnableIRQ
 .text.HAL_SYSTICK_Config
                0x0000000008002736       0x18 Drivers/STM32F4xx_HAL_Driver/Src/stm32f4xx_hal_cortex.o
                0x0000000008002736                HAL_SYSTICK_Config
 *fill*         0x000000000800274e        0x2 
 .text.HAL_DMA_Init
                0x0000000008002750      0x15c Drivers/STM32F4xx_HAL_Driver/Src/stm32f4xx_hal_dma.o
                0x0000000008002750                HAL_DMA_Init
 .text.HAL_DMA_Start_IT
                0x00000000080028ac       0xb0 Drivers/STM32F4xx_HAL_Driver/Src/stm32f4xx_hal_dma.o
                0x00000000080028ac                HAL_DMA_Start_IT
 .text.HAL_DMA_Abort_IT
                0x000000000800295c       0x44 Drivers/STM32F4xx_HAL_Driver/Src/stm32f4xx_hal_dma.o
                0x000000000800295c                HAL_DMA_Abort_IT
 .text.HAL_DMA_IRQHandler
                0x00000000080029a0      0x314 Drivers/STM32F4xx_HAL_Driver/Src/stm32f4xx_hal_dma.o
                0x00000000080029a0                HAL_DMA_IRQHandler
 .text.DMA_SetConfig
                0x0000000008002cb4       0x5c Drivers/STM32F4xx_HAL_Driver/Src/stm32f4xx_hal_dma.o
 .text.DMA_CalcBaseAndBitshift
                0x0000000008002d10       0x6c Drivers/STM32F4xx_HAL_Driver/Src/stm32f4xx_hal_dma.o
 .text.DMA_CheckFifoParam
                0x0000000008002d7c       0xf8 Drivers/STM32F4xx_HAL_Driver/Src/stm32f4xx_hal_dma.o
 .text.HAL_GPIO_Init
                0x0000000008002e74      0x358 Drivers/STM32F4xx_HAL_Driver/Src/stm32f4xx_hal_gpio.o
                0x0000000008002e74                HAL_GPIO_Init
 .text.HAL_GPIO_WritePin
                0x00000000080031cc       0x32 Drivers/STM32F4xx_HAL_Driver/Src/stm32f4xx_hal_gpio.o
                0x00000000080031cc                HAL_GPIO_WritePin
 .text.HAL_GPIO_TogglePin
                0x00000000080031fe       0x36 Drivers/STM32F4xx_HAL_Driver/Src/stm32f4xx_hal_gpio.o
                0x00000000080031fe                HAL_GPIO_TogglePin
 .text.HAL_GPIO_EXTI_IRQHandler
                0x0000000008003234       0x30 Drivers/STM32F4xx_HAL_Driver/Src/stm32f4xx_hal_gpio.o
                0x0000000008003234                HAL_GPIO_EXTI_IRQHandler
 .text.HAL_RCC_OscConfig
                0x0000000008003264      0x4e0 Drivers/STM32F4xx_HAL_Driver/Src/stm32f4xx_hal_rcc.o
                0x0000000008003264                HAL_RCC_OscConfig
 .text.HAL_RCC_ClockConfig
                0x0000000008003744      0x1cc Drivers/STM32F4xx_HAL_Driver/Src/stm32f4xx_hal_rcc.o
                0x0000000008003744                HAL_RCC_ClockConfig
 .text.HAL_RCC_GetSysClockFreq
                0x0000000008003910      0x16c Drivers/STM32F4xx_HAL_Driver/Src/stm32f4xx_hal_rcc.o
                0x0000000008003910                HAL_RCC_GetSysClockFreq
 .text.HAL_RCC_GetHCLKFreq
                0x0000000008003a7c       0x18 Drivers/STM32F4xx_HAL_Driver/Src/stm32f4xx_hal_rcc.o
                0x0000000008003a7c                HAL_RCC_GetHCLKFreq
 .text.HAL_RCC_GetPCLK1Freq
                0x0000000008003a94       0x28 Drivers/STM32F4xx_HAL_Driver/Src/stm32f4xx_hal_rcc.o
                0x0000000008003a94                HAL_RCC_GetPCLK1Freq
 .text.HAL_RCC_GetPCLK2Freq
                0x0000000008003abc       0x28 Drivers/STM32F4xx_HAL_Driver/Src/stm32f4xx_hal_rcc.o
                0x0000000008003abc                HAL_RCC_GetPCLK2Freq
 .text.HAL_TIM_Base_Init
                0x0000000008003ae4       0x56 Drivers/STM32F4xx_HAL_Driver/Src/stm32f4xx_hal_tim.o
                0x0000000008003ae4                HAL_TIM_Base_Init
 .text.HAL_TIM_Base_Start_IT
                0x0000000008003b3a       0x48 Drivers/STM32F4xx_HAL_Driver/Src/stm32f4xx_hal_tim.o
                0x0000000008003b3a                HAL_TIM_Base_Start_IT
 .text.HAL_TIM_PWM_Init
                0x0000000008003b82       0x56 Drivers/STM32F4xx_HAL_Driver/Src/stm32f4xx_hal_tim.o
                0x0000000008003b82                HAL_TIM_PWM_Init
 .text.HAL_TIM_PWM_MspInit
                0x0000000008003bd8       0x14 Drivers/STM32F4xx_HAL_Driver/Src/stm32f4xx_hal_tim.o
                0x0000000008003bd8                HAL_TIM_PWM_MspInit
 .text.HAL_TIM_PWM_Start
                0x0000000008003bec       0x7c Drivers/STM32F4xx_HAL_Driver/Src/stm32f4xx_hal_tim.o
                0x0000000008003bec                HAL_TIM_PWM_Start
 .text.HAL_TIM_PWM_Start_DMA
                0x0000000008003c68      0x224 Drivers/STM32F4xx_HAL_Driver/Src/stm32f4xx_hal_tim.o
                0x0000000008003c68                HAL_TIM_PWM_Start_DMA
 .text.HAL_TIM_PWM_Stop_DMA
                0x0000000008003e8c      0x164 Drivers/STM32F4xx_HAL_Driver/Src/stm32f4xx_hal_tim.o
                0x0000000008003e8c                HAL_TIM_PWM_Stop_DMA
 .text.HAL_TIM_IRQHandler
                0x0000000008003ff0      0x210 Drivers/STM32F4xx_HAL_Driver/Src/stm32f4xx_hal_tim.o
                0x0000000008003ff0                HAL_TIM_IRQHandler
 .text.HAL_TIM_PWM_ConfigChannel
                0x0000000008004200      0x18c Drivers/STM32F4xx_HAL_Driver/Src/stm32f4xx_hal_tim.o
                0x0000000008004200                HAL_TIM_PWM_ConfigChannel
 .text.HAL_TIM_ConfigClockSource
                0x000000000800438c      0x188 Drivers/STM32F4xx_HAL_Driver/Src/stm32f4xx_hal_tim.o
                0x000000000800438c                HAL_TIM_ConfigClockSource
 .text.HAL_TIM_OC_DelayElapsedCallback
                0x0000000008004514       0x14 Drivers/STM32F4xx_HAL_Driver/Src/stm32f4xx_hal_tim.o
                0x0000000008004514                HAL_TIM_OC_DelayElapsedCallback
 .text.HAL_TIM_IC_CaptureCallback
                0x0000000008004528       0x14 Drivers/STM32F4xx_HAL_Driver/Src/stm32f4xx_hal_tim.o
                0x0000000008004528                HAL_TIM_IC_CaptureCallback
 .text.HAL_TIM_PWM_PulseFinishedHalfCpltCallback
                0x000000000800453c       0x14 Drivers/STM32F4xx_HAL_Driver/Src/stm32f4xx_hal_tim.o
                0x000000000800453c                HAL_TIM_PWM_PulseFinishedHalfCpltCallback
 .text.HAL_TIM_TriggerCallback
                0x0000000008004550       0x14 Drivers/STM32F4xx_HAL_Driver/Src/stm32f4xx_hal_tim.o
                0x0000000008004550                HAL_TIM_TriggerCallback
 .text.HAL_TIM_ErrorCallback
                0x0000000008004564       0x14 Drivers/STM32F4xx_HAL_Driver/Src/stm32f4xx_hal_tim.o
                0x0000000008004564                HAL_TIM_ErrorCallback
 .text.TIM_DMAError
                0x0000000008004578       0x24 Drivers/STM32F4xx_HAL_Driver/Src/stm32f4xx_hal_tim.o
                0x0000000008004578                TIM_DMAError
 .text.TIM_DMADelayPulseCplt
                0x000000000800459c       0x70 Drivers/STM32F4xx_HAL_Driver/Src/stm32f4xx_hal_tim.o
                0x000000000800459c                TIM_DMADelayPulseCplt
 .text.TIM_DMADelayPulseHalfCplt
                0x000000000800460c       0x70 Drivers/STM32F4xx_HAL_Driver/Src/stm32f4xx_hal_tim.o
                0x000000000800460c                TIM_DMADelayPulseHalfCplt
 .text.TIM_Base_SetConfig
                0x000000000800467c      0x140 Drivers/STM32F4xx_HAL_Driver/Src/stm32f4xx_hal_tim.o
                0x000000000800467c                TIM_Base_SetConfig
 .text.TIM_OC1_SetConfig
                0x00000000080047bc       0xe0 Drivers/STM32F4xx_HAL_Driver/Src/stm32f4xx_hal_tim.o
 .text.TIM_OC2_SetConfig
                0x000000000800489c       0xec Drivers/STM32F4xx_HAL_Driver/Src/stm32f4xx_hal_tim.o
                0x000000000800489c                TIM_OC2_SetConfig
 .text.TIM_OC3_SetConfig
                0x0000000008004988       0xe8 Drivers/STM32F4xx_HAL_Driver/Src/stm32f4xx_hal_tim.o
 .text.TIM_OC4_SetConfig
                0x0000000008004a70       0xac Drivers/STM32F4xx_HAL_Driver/Src/stm32f4xx_hal_tim.o
 .text.TIM_TI1_ConfigInputStage
                0x0000000008004b1c       0x5e Drivers/STM32F4xx_HAL_Driver/Src/stm32f4xx_hal_tim.o
 .text.TIM_TI2_ConfigInputStage
                0x0000000008004b7a       0x60 Drivers/STM32F4xx_HAL_Driver/Src/stm32f4xx_hal_tim.o
 .text.TIM_ITRx_SetConfig
                0x0000000008004bda       0x36 Drivers/STM32F4xx_HAL_Driver/Src/stm32f4xx_hal_tim.o
 .text.TIM_ETR_SetConfig
                0x0000000008004c10       0x40 Drivers/STM32F4xx_HAL_Driver/Src/stm32f4xx_hal_tim.o
                0x0000000008004c10                TIM_ETR_SetConfig
 .text.TIM_CCxChannelCmd
                0x0000000008004c50       0x4a Drivers/STM32F4xx_HAL_Driver/Src/stm32f4xx_hal_tim.o
                0x0000000008004c50                TIM_CCxChannelCmd
 *fill*         0x0000000008004c9a        0x2 
 .text.HAL_TIMEx_MasterConfigSynchronization
                0x0000000008004c9c       0xf8 Drivers/STM32F4xx_HAL_Driver/Src/stm32f4xx_hal_tim_ex.o
                0x0000000008004c9c                HAL_TIMEx_MasterConfigSynchronization
 .text.HAL_TIMEx_ConfigBreakDeadTime
                0x0000000008004d94       0xa4 Drivers/STM32F4xx_HAL_Driver/Src/stm32f4xx_hal_tim_ex.o
                0x0000000008004d94                HAL_TIMEx_ConfigBreakDeadTime
 .text.HAL_TIMEx_CommutCallback
                0x0000000008004e38       0x14 Drivers/STM32F4xx_HAL_Driver/Src/stm32f4xx_hal_tim_ex.o
                0x0000000008004e38                HAL_TIMEx_CommutCallback
 .text.HAL_TIMEx_BreakCallback
                0x0000000008004e4c       0x14 Drivers/STM32F4xx_HAL_Driver/Src/stm32f4xx_hal_tim_ex.o
                0x0000000008004e4c                HAL_TIMEx_BreakCallback
 .text.HAL_UART_Init
                0x0000000008004e60       0x9a Drivers/STM32F4xx_HAL_Driver/Src/stm32f4xx_hal_uart.o
                0x0000000008004e60                HAL_UART_Init
 *fill*         0x0000000008004efa        0x2 
 .text.HAL_UART_IRQHandler
                0x0000000008004efc      0x200 Drivers/STM32F4xx_HAL_Driver/Src/stm32f4xx_hal_uart.o
                0x0000000008004efc                HAL_UART_IRQHandler
 .text.HAL_UART_TxCpltCallback
                0x00000000080050fc       0x14 Drivers/STM32F4xx_HAL_Driver/Src/stm32f4xx_hal_uart.o
                0x00000000080050fc                HAL_UART_TxCpltCallback
 .text.HAL_UART_RxCpltCallback
                0x0000000008005110       0x14 Drivers/STM32F4xx_HAL_Driver/Src/stm32f4xx_hal_uart.o
                0x0000000008005110                HAL_UART_RxCpltCallback
 .text.HAL_UART_ErrorCallback
                0x0000000008005124       0x14 Drivers/STM32F4xx_HAL_Driver/Src/stm32f4xx_hal_uart.o
                0x0000000008005124                HAL_UART_ErrorCallback
 .text.UART_EndRxTransfer
                0x0000000008005138       0x3c Drivers/STM32F4xx_HAL_Driver/Src/stm32f4xx_hal_uart.o
 .text.UART_DMAAbortOnError
                0x0000000008005174       0x28 Drivers/STM32F4xx_HAL_Driver/Src/stm32f4xx_hal_uart.o
 .text.UART_Transmit_IT
                0x000000000800519c       0xac Drivers/STM32F4xx_HAL_Driver/Src/stm32f4xx_hal_uart.o
 .text.UART_EndTransmit_IT
                0x0000000008005248       0x30 Drivers/STM32F4xx_HAL_Driver/Src/stm32f4xx_hal_uart.o
 .text.UART_Receive_IT
                0x0000000008005278      0x102 Drivers/STM32F4xx_HAL_Driver/Src/stm32f4xx_hal_uart.o
 *fill*         0x000000000800537a        0x2 
 .text.UART_SetConfig
                0x000000000800537c      0x738 Drivers/STM32F4xx_HAL_Driver/Src/stm32f4xx_hal_uart.o
 .text.GPIO_State_Init
                0x0000000008005ab4       0x4c Mycode/LC_Nvic/lc_exit_nvic.o
                0x0000000008005ab4                GPIO_State_Init
 .text.GPIO_State_Open
                0x0000000008005b00       0x4c Mycode/LC_Nvic/lc_exit_nvic.o
                0x0000000008005b00                GPIO_State_Open
 .text.GPIO_Single_line
                0x0000000008005b4c      0x1cc Mycode/LC_Nvic/lc_exit_nvic.o
                0x0000000008005b4c                GPIO_Single_line
 .text.HAL_GPIO_EXTI_Callback
                0x0000000008005d18      0x248 Mycode/LC_Nvic/lc_exit_nvic.o
                0x0000000008005d18                HAL_GPIO_EXTI_Callback
 .text.LC_Pwm_Init
                0x0000000008005f60       0x40 Mycode/LC_Nvic/lc_pwm.o
                0x0000000008005f60                LC_Pwm_Init
 .text.LC_TimInterrupt_Init
                0x0000000008005fa0       0x14 Mycode/LC_Nvic/lc_tim_nvic.o
                0x0000000008005fa0                LC_TimInterrupt_Init
 .text.HAL_TIM_PeriodElapsedCallback
                0x0000000008005fb4      0x168 Mycode/LC_Nvic/lc_tim_nvic.o
                0x0000000008005fb4                HAL_TIM_PeriodElapsedCallback
 .text.LC_Ws2812_Init
                0x000000000800611c       0x1c Mycode/LC_Nvic/lc_ws2812.o
                0x000000000800611c                LC_Ws2812_Init
 .text.ws2812_lamp_strip_Init
                0x0000000008006138       0x74 Mycode/LC_Nvic/lc_ws2812.o
                0x0000000008006138                ws2812_lamp_strip_Init
 .text.ws2812_set_RGB_data_Init
                0x00000000080061ac       0xdc Mycode/LC_Nvic/lc_ws2812.o
                0x00000000080061ac                ws2812_set_RGB_data_Init
 .text.ws2812_Set_Wait_Hit_RGB_data_Init
                0x0000000008006288       0xdc Mycode/LC_Nvic/lc_ws2812.o
                0x0000000008006288                ws2812_Set_Wait_Hit_RGB_data_Init
 .text.ws2812_set_RGB_rst_Init
                0x0000000008006364       0xbc Mycode/LC_Nvic/lc_ws2812.o
                0x0000000008006364                ws2812_set_RGB_rst_Init
 .text.Middle_Array_Init
                0x0000000008006420      0x134 Mycode/LC_Nvic/lc_ws2812.o
                0x0000000008006420                Middle_Array_Init
 .text.Middle_Data_combination
                0x0000000008006554      0x104 Mycode/LC_Nvic/lc_ws2812.o
                0x0000000008006554                Middle_Data_combination
 .text.ws2812_Middle_Data_fill
                0x0000000008006658      0x138 Mycode/LC_Nvic/lc_ws2812.o
                0x0000000008006658                ws2812_Middle_Data_fill
 .text.ws2812_frame_send
                0x0000000008006790       0x44 Mycode/LC_Nvic/lc_ws2812.o
                0x0000000008006790                ws2812_frame_send
 .text.ws2812_middle_send
                0x00000000080067d4       0x44 Mycode/LC_Nvic/lc_ws2812.o
                0x00000000080067d4                ws2812_middle_send
 .text.ws2812_Wait_Hit_frame_send
                0x0000000008006818       0x44 Mycode/LC_Nvic/lc_ws2812.o
                0x0000000008006818                ws2812_Wait_Hit_frame_send
 .text.ws2812_rst_send
                0x000000000800685c       0x24 Mycode/LC_Nvic/lc_ws2812.o
                0x000000000800685c                ws2812_rst_send
 .text.array_set_init
                0x0000000008006880       0x60 Mycode/LC_Nvic/lc_ws2812.o
                0x0000000008006880                array_set_init
 .text.array_set_rst
                0x00000000080068e0       0x34 Mycode/LC_Nvic/lc_ws2812.o
                0x00000000080068e0                array_set_rst
 .text.array_wait_hit_set_init
                0x0000000008006914       0xb0 Mycode/LC_Nvic/lc_ws2812.o
                0x0000000008006914                array_wait_hit_set_init
 .text.HAL_TIM_PWM_PulseFinishedCallback
                0x00000000080069c4       0xcc Mycode/LC_Nvic/lc_ws2812.o
                0x00000000080069c4                HAL_TIM_PWM_PulseFinishedCallback
 .text.ws2812_Mission_Accomplished
                0x0000000008006a90       0x54 Mycode/LC_Nvic/lc_ws2812.o
                0x0000000008006a90                ws2812_Mission_Accomplished
 .text.can_user_init
                0x0000000008006ae4       0x52 lc_rm/source/bsp_can.o
                0x0000000008006ae4                can_user_init
 *fill*         0x0000000008006b36        0x2 
 .text.HAL_CAN_RxFifo0MsgPendingCallback
                0x0000000008006b38      0x110 lc_rm/source/bsp_can.o
                0x0000000008006b38                HAL_CAN_RxFifo0MsgPendingCallback
 .text.set_motor_voltage
                0x0000000008006c48       0xb0 lc_rm/source/bsp_can.o
                0x0000000008006c48                set_motor_voltage
 .text.pid_init
                0x0000000008006cf8       0x58 lc_rm/source/pid.o
                0x0000000008006cf8                pid_init
 .text.pid_calc
                0x0000000008006d50      0x304 lc_rm/source/pid.o
                0x0000000008006d50                pid_calc
 .text.__libc_init_array
                0x0000000008007054       0x48 c:/stm32cubeide_1.6.0/stm32cubeide/plugins/com.st.stm32cube.ide.mcu.externaltools.gnu-tools-for-stm32.9-2020-q2-update.win32_1.5.0.202011040924/tools/bin/../lib/gcc/arm-none-eabi/9.3.1/../../../../arm-none-eabi/lib/thumb/v7e-m+fp/hard\libc_nano.a(lib_a-init.o)
                0x0000000008007054                __libc_init_array
 .text.memset   0x000000000800709c       0x10 c:/stm32cubeide_1.6.0/stm32cubeide/plugins/com.st.stm32cube.ide.mcu.externaltools.gnu-tools-for-stm32.9-2020-q2-update.win32_1.5.0.202011040924/tools/bin/../lib/gcc/arm-none-eabi/9.3.1/../../../../arm-none-eabi/lib/thumb/v7e-m+fp/hard\libc_nano.a(lib_a-memset.o)
                0x000000000800709c                memset
 *(.glue_7)
 .glue_7        0x00000000080070ac        0x0 linker stubs
 *(.glue_7t)
 .glue_7t       0x00000000080070ac        0x0 linker stubs
 *(.eh_frame)
 .eh_frame      0x00000000080070ac        0x0 c:/stm32cubeide_1.6.0/stm32cubeide/plugins/com.st.stm32cube.ide.mcu.externaltools.gnu-tools-for-stm32.9-2020-q2-update.win32_1.5.0.202011040924/tools/bin/../lib/gcc/arm-none-eabi/9.3.1/thumb/v7e-m+fp/hard/crtbegin.o
 *(.init)
 .init          0x00000000080070ac        0x4 c:/stm32cubeide_1.6.0/stm32cubeide/plugins/com.st.stm32cube.ide.mcu.externaltools.gnu-tools-for-stm32.9-2020-q2-update.win32_1.5.0.202011040924/tools/bin/../lib/gcc/arm-none-eabi/9.3.1/thumb/v7e-m+fp/hard/crti.o
                0x00000000080070ac                _init
 .init          0x00000000080070b0        0x8 c:/stm32cubeide_1.6.0/stm32cubeide/plugins/com.st.stm32cube.ide.mcu.externaltools.gnu-tools-for-stm32.9-2020-q2-update.win32_1.5.0.202011040924/tools/bin/../lib/gcc/arm-none-eabi/9.3.1/thumb/v7e-m+fp/hard/crtn.o
 *(.fini)
 .fini          0x00000000080070b8        0x4 c:/stm32cubeide_1.6.0/stm32cubeide/plugins/com.st.stm32cube.ide.mcu.externaltools.gnu-tools-for-stm32.9-2020-q2-update.win32_1.5.0.202011040924/tools/bin/../lib/gcc/arm-none-eabi/9.3.1/thumb/v7e-m+fp/hard/crti.o
                0x00000000080070b8                _fini
 .fini          0x00000000080070bc        0x8 c:/stm32cubeide_1.6.0/stm32cubeide/plugins/com.st.stm32cube.ide.mcu.externaltools.gnu-tools-for-stm32.9-2020-q2-update.win32_1.5.0.202011040924/tools/bin/../lib/gcc/arm-none-eabi/9.3.1/thumb/v7e-m+fp/hard/crtn.o
                0x00000000080070c4                . = ALIGN (0x4)
                0x00000000080070c4                _etext = .

.vfp11_veneer   0x00000000080070c4        0x0
 .vfp11_veneer  0x00000000080070c4        0x0 linker stubs

.v4_bx          0x00000000080070c4        0x0
 .v4_bx         0x00000000080070c4        0x0 linker stubs

.iplt           0x00000000080070c4        0x0
 .iplt          0x00000000080070c4        0x0 c:/stm32cubeide_1.6.0/stm32cubeide/plugins/com.st.stm32cube.ide.mcu.externaltools.gnu-tools-for-stm32.9-2020-q2-update.win32_1.5.0.202011040924/tools/bin/../lib/gcc/arm-none-eabi/9.3.1/thumb/v7e-m+fp/hard/crtbegin.o

.rodata         0x00000000080070c4       0x20
                0x00000000080070c4                . = ALIGN (0x4)
 *(.rodata)
 *(.rodata*)
 .rodata.AHBPrescTable
                0x00000000080070c4       0x10 Core/Src/system_stm32f4xx.o
                0x00000000080070c4                AHBPrescTable
 .rodata.APBPrescTable
                0x00000000080070d4        0x8 Core/Src/system_stm32f4xx.o
                0x00000000080070d4                APBPrescTable
 .rodata.flagBitshiftOffset.8489
                0x00000000080070dc        0x8 Drivers/STM32F4xx_HAL_Driver/Src/stm32f4xx_hal_dma.o
                0x00000000080070e4                . = ALIGN (0x4)

.ARM.extab      0x00000000080070e4        0x0
                0x00000000080070e4                . = ALIGN (0x4)
 *(.ARM.extab* .gnu.linkonce.armextab.*)
                0x00000000080070e4                . = ALIGN (0x4)

.ARM            0x00000000080070e4        0x8
                0x00000000080070e4                . = ALIGN (0x4)
                0x00000000080070e4                __exidx_start = .
 *(.ARM.exidx*)
 .ARM.exidx     0x00000000080070e4        0x8 c:/stm32cubeide_1.6.0/stm32cubeide/plugins/com.st.stm32cube.ide.mcu.externaltools.gnu-tools-for-stm32.9-2020-q2-update.win32_1.5.0.202011040924/tools/bin/../lib/gcc/arm-none-eabi/9.3.1/thumb/v7e-m+fp/hard\libgcc.a(_udivmoddi4.o)
                0x00000000080070ec                __exidx_end = .
                0x00000000080070ec                . = ALIGN (0x4)

.rel.dyn        0x00000000080070ec        0x0
 .rel.iplt      0x00000000080070ec        0x0 c:/stm32cubeide_1.6.0/stm32cubeide/plugins/com.st.stm32cube.ide.mcu.externaltools.gnu-tools-for-stm32.9-2020-q2-update.win32_1.5.0.202011040924/tools/bin/../lib/gcc/arm-none-eabi/9.3.1/thumb/v7e-m+fp/hard/crtbegin.o

.preinit_array  0x00000000080070ec        0x0
                0x00000000080070ec                . = ALIGN (0x4)
                0x00000000080070ec                PROVIDE (__preinit_array_start = .)
 *(.preinit_array*)
                0x00000000080070ec                PROVIDE (__preinit_array_end = .)
                0x00000000080070ec                . = ALIGN (0x4)

.init_array     0x00000000080070ec        0x4
                0x00000000080070ec                . = ALIGN (0x4)
                0x00000000080070ec                PROVIDE (__init_array_start = .)
 *(SORT_BY_NAME(.init_array.*))
 *(.init_array*)
 .init_array    0x00000000080070ec        0x4 c:/stm32cubeide_1.6.0/stm32cubeide/plugins/com.st.stm32cube.ide.mcu.externaltools.gnu-tools-for-stm32.9-2020-q2-update.win32_1.5.0.202011040924/tools/bin/../lib/gcc/arm-none-eabi/9.3.1/thumb/v7e-m+fp/hard/crtbegin.o
                0x00000000080070f0                PROVIDE (__init_array_end = .)
                0x00000000080070f0                . = ALIGN (0x4)

.fini_array     0x00000000080070f0        0x4
                0x00000000080070f0                . = ALIGN (0x4)
                [!provide]                        PROVIDE (__fini_array_start = .)
 *(SORT_BY_NAME(.fini_array.*))
 *(.fini_array*)
 .fini_array    0x00000000080070f0        0x4 c:/stm32cubeide_1.6.0/stm32cubeide/plugins/com.st.stm32cube.ide.mcu.externaltools.gnu-tools-for-stm32.9-2020-q2-update.win32_1.5.0.202011040924/tools/bin/../lib/gcc/arm-none-eabi/9.3.1/thumb/v7e-m+fp/hard/crtbegin.o
                [!provide]                        PROVIDE (__fini_array_end = .)
                0x00000000080070f4                . = ALIGN (0x4)
                0x00000000080070f4                _sidata = LOADADDR (.data)

.data           0x0000000020000000       0x6c load address 0x00000000080070f4
                0x0000000020000000                . = ALIGN (0x4)
                0x0000000020000000                _sdata = .
 *(.data)
 *(.data*)
 .data.windwill_num
                0x0000000020000000        0x1 Core/Src/main.o
                0x0000000020000000                windwill_num
 *fill*         0x0000000020000001        0x3 
 .data.SystemCoreClock
                0x0000000020000004        0x4 Core/Src/system_stm32f4xx.o
                0x0000000020000004                SystemCoreClock
 .data.uwTickPrio
                0x0000000020000008        0x4 Drivers/STM32F4xx_HAL_Driver/Src/stm32f4xx_hal.o
                0x0000000020000008                uwTickPrio
 .data.uwTickFreq
                0x000000002000000c        0x1 Drivers/STM32F4xx_HAL_Driver/Src/stm32f4xx_hal.o
                0x000000002000000c                uwTickFreq
 *fill*         0x000000002000000d        0x1 
 .data.shift_count
                0x000000002000000e        0x2 Mycode/LC_Nvic/lc_tim_nvic.o
                0x000000002000000e                shift_count
 .data.red_value
                0x0000000020000010        0x3 Mycode/LC_Nvic/lc_ws2812.o
                0x0000000020000010                red_value
 *fill*         0x0000000020000013        0x1 
 .data.blue_value
                0x0000000020000014        0x3 Mycode/LC_Nvic/lc_ws2812.o
                0x0000000020000014                blue_value
 *fill*         0x0000000020000017        0x1 
 .data.motor_info
                0x0000000020000018       0x54 lc_rm/source/bsp_can.o
                0x0000000020000018                motor_info
                0x000000002000006c                . = ALIGN (0x4)
                0x000000002000006c                _edata = .

.igot.plt       0x000000002000006c        0x0 load address 0x0000000008007160
 .igot.plt      0x000000002000006c        0x0 c:/stm32cubeide_1.6.0/stm32cubeide/plugins/com.st.stm32cube.ide.mcu.externaltools.gnu-tools-for-stm32.9-2020-q2-update.win32_1.5.0.202011040924/tools/bin/../lib/gcc/arm-none-eabi/9.3.1/thumb/v7e-m+fp/hard/crtbegin.o
                0x000000002000006c                . = ALIGN (0x4)

.bss            0x000000002000006c     0xabe8 load address 0x0000000008007160
                0x000000002000006c                _sbss = .
                0x000000002000006c                __bss_start__ = _sbss
 *(.bss)
 .bss           0x000000002000006c       0x1c c:/stm32cubeide_1.6.0/stm32cubeide/plugins/com.st.stm32cube.ide.mcu.externaltools.gnu-tools-for-stm32.9-2020-q2-update.win32_1.5.0.202011040924/tools/bin/../lib/gcc/arm-none-eabi/9.3.1/thumb/v7e-m+fp/hard/crtbegin.o
 *(.bss*)
 .bss.windwill_state
                0x0000000020000088        0x1 Core/Src/main.o
                0x0000000020000088                windwill_state
 .bss.windwill_strike_completed
                0x0000000020000089        0x1 Core/Src/main.o
                0x0000000020000089                windwill_strike_completed
 .bss.Globle_State
                0x000000002000008a        0x1 Mycode/LC_Nvic/lc_ws2812.o
                0x000000002000008a                Globle_State
 *fill*         0x000000002000008b        0x1 
 .bss.rst_value
                0x000000002000008c        0x3 Mycode/LC_Nvic/lc_ws2812.o
                0x000000002000008c                rst_value
 *fill*         0x000000002000008f        0x1 
 .bss.RGB_Blade_Red_buffur
                0x0000000020000090     0x17c0 Mycode/LC_Nvic/lc_ws2812.o
                0x0000000020000090                RGB_Blade_Red_buffur
 .bss.RGB_Red_Wait_Hit_buffur
                0x0000000020001850     0x17c0 Mycode/LC_Nvic/lc_ws2812.o
                0x0000000020001850                RGB_Red_Wait_Hit_buffur
 .bss.RGB_Bule_Wait_Hit_buffur
                0x0000000020003010     0x17c0 Mycode/LC_Nvic/lc_ws2812.o
                0x0000000020003010                RGB_Bule_Wait_Hit_buffur
 .bss.RGB_Blade_Blue_buffur
                0x00000000200047d0     0x17c0 Mycode/LC_Nvic/lc_ws2812.o
                0x00000000200047d0                RGB_Blade_Blue_buffur
 .bss.RGB_Rst_buffur
                0x0000000020005f90     0x17c0 Mycode/LC_Nvic/lc_ws2812.o
                0x0000000020005f90                RGB_Rst_buffur
 .bss.RGB_Array1
                0x0000000020007750       0x64 Mycode/LC_Nvic/lc_ws2812.o
                0x0000000020007750                RGB_Array1
 .bss.RGB_Array2
                0x00000000200077b4       0x64 Mycode/LC_Nvic/lc_ws2812.o
                0x00000000200077b4                RGB_Array2
 .bss.RGB_Array3
                0x0000000020007818       0x64 Mycode/LC_Nvic/lc_ws2812.o
                0x0000000020007818                RGB_Array3
 .bss.RGB_Middle_Red_buffur
                0x000000002000787c     0x17c0 Mycode/LC_Nvic/lc_ws2812.o
                0x000000002000787c                RGB_Middle_Red_buffur
 .bss.RGB_Middle_Blue_buffur
                0x000000002000903c     0x17c0 Mycode/LC_Nvic/lc_ws2812.o
                0x000000002000903c                RGB_Middle_Blue_buffur
 *(COMMON)
 COMMON         0x000000002000a7fc       0x28 Core/Src/can.o
                0x000000002000a7fc                hcan1
 COMMON         0x000000002000a824       0x48 Core/Src/main.o
                0x000000002000a824                windwill_motor_PID
 COMMON         0x000000002000a86c      0x300 Core/Src/tim.o
                0x000000002000a86c                hdma_tim1_ch1
                0x000000002000a8cc                hdma_tim8_ch2
                0x000000002000a92c                htim8
                0x000000002000a96c                hdma_tim1_ch3
                0x000000002000a9cc                hdma_tim1_ch2
                0x000000002000aa2c                hdma_tim8_ch4_trig_com
                0x000000002000aa8c                htim1
                0x000000002000aacc                htim2
                0x000000002000ab0c                hdma_tim8_ch3
 COMMON         0x000000002000ab6c       0xe0 Core/Src/usart.o
                0x000000002000ab6c                hdma_usart1_rx
                0x000000002000abcc                huart1
                0x000000002000ac0c                huart8
 COMMON         0x000000002000ac4c        0x4 Drivers/STM32F4xx_HAL_Driver/Src/stm32f4xx_hal.o
                0x000000002000ac4c                uwTick
 COMMON         0x000000002000ac50        0x2 lc_rm/source/bsp_can.o
                0x000000002000ac50                can_cnt
                0x000000002000ac54                . = ALIGN (0x4)
 *fill*         0x000000002000ac52        0x2 
                0x000000002000ac54                _ebss = .
                0x000000002000ac54                __bss_end__ = _ebss

._user_heap_stack
                0x000000002000ac54      0x604 load address 0x0000000008007160
                0x000000002000ac58                . = ALIGN (0x8)
 *fill*         0x000000002000ac54        0x4 
                [!provide]                        PROVIDE (end = .)
                0x000000002000ac58                PROVIDE (_end = .)
                0x000000002000ae58                . = (. + _Min_Heap_Size)
 *fill*         0x000000002000ac58      0x200 
                0x000000002000b258                . = (. + _Min_Stack_Size)
 *fill*         0x000000002000ae58      0x400 
                0x000000002000b258                . = ALIGN (0x8)

/DISCARD/
 libc.a(*)
 libm.a(*)
 libgcc.a(*)

.ARM.attributes
                0x0000000000000000       0x30
 *(.ARM.attributes)
 .ARM.attributes
                0x0000000000000000       0x1e c:/stm32cubeide_1.6.0/stm32cubeide/plugins/com.st.stm32cube.ide.mcu.externaltools.gnu-tools-for-stm32.9-2020-q2-update.win32_1.5.0.202011040924/tools/bin/../lib/gcc/arm-none-eabi/9.3.1/thumb/v7e-m+fp/hard/crti.o
 .ARM.attributes
                0x000000000000001e       0x34 c:/stm32cubeide_1.6.0/stm32cubeide/plugins/com.st.stm32cube.ide.mcu.externaltools.gnu-tools-for-stm32.9-2020-q2-update.win32_1.5.0.202011040924/tools/bin/../lib/gcc/arm-none-eabi/9.3.1/thumb/v7e-m+fp/hard/crtbegin.o
 .ARM.attributes
                0x0000000000000052       0x34 Core/Src/can.o
 .ARM.attributes
                0x0000000000000086       0x34 Core/Src/dma.o
 .ARM.attributes
                0x00000000000000ba       0x34 Core/Src/gpio.o
 .ARM.attributes
                0x00000000000000ee       0x34 Core/Src/main.o
 .ARM.attributes
                0x0000000000000122       0x34 Core/Src/stm32f4xx_hal_msp.o
 .ARM.attributes
                0x0000000000000156       0x34 Core/Src/stm32f4xx_it.o
 .ARM.attributes
                0x000000000000018a       0x34 Core/Src/system_stm32f4xx.o
 .ARM.attributes
                0x00000000000001be       0x34 Core/Src/tim.o
 .ARM.attributes
                0x00000000000001f2       0x34 Core/Src/usart.o
 .ARM.attributes
                0x0000000000000226       0x21 Core/Startup/startup_stm32f427iihx.o
 .ARM.attributes
                0x0000000000000247       0x34 Drivers/STM32F4xx_HAL_Driver/Src/stm32f4xx_hal.o
 .ARM.attributes
                0x000000000000027b       0x34 Drivers/STM32F4xx_HAL_Driver/Src/stm32f4xx_hal_can.o
 .ARM.attributes
                0x00000000000002af       0x34 Drivers/STM32F4xx_HAL_Driver/Src/stm32f4xx_hal_cortex.o
 .ARM.attributes
                0x00000000000002e3       0x34 Drivers/STM32F4xx_HAL_Driver/Src/stm32f4xx_hal_dma.o
 .ARM.attributes
                0x0000000000000317       0x34 Drivers/STM32F4xx_HAL_Driver/Src/stm32f4xx_hal_gpio.o
 .ARM.attributes
                0x000000000000034b       0x34 Drivers/STM32F4xx_HAL_Driver/Src/stm32f4xx_hal_rcc.o
 .ARM.attributes
                0x000000000000037f       0x34 Drivers/STM32F4xx_HAL_Driver/Src/stm32f4xx_hal_tim.o
 .ARM.attributes
                0x00000000000003b3       0x34 Drivers/STM32F4xx_HAL_Driver/Src/stm32f4xx_hal_tim_ex.o
 .ARM.attributes
                0x00000000000003e7       0x34 Drivers/STM32F4xx_HAL_Driver/Src/stm32f4xx_hal_uart.o
 .ARM.attributes
                0x000000000000041b       0x34 Mycode/LC_Nvic/lc_exit_nvic.o
 .ARM.attributes
                0x000000000000044f       0x34 Mycode/LC_Nvic/lc_pwm.o
 .ARM.attributes
                0x0000000000000483       0x34 Mycode/LC_Nvic/lc_tim_nvic.o
 .ARM.attributes
                0x00000000000004b7       0x34 Mycode/LC_Nvic/lc_ws2812.o
 .ARM.attributes
                0x00000000000004eb       0x34 lc_rm/source/bsp_can.o
 .ARM.attributes
                0x000000000000051f       0x34 lc_rm/source/pid.o
 .ARM.attributes
                0x0000000000000553       0x34 c:/stm32cubeide_1.6.0/stm32cubeide/plugins/com.st.stm32cube.ide.mcu.externaltools.gnu-tools-for-stm32.9-2020-q2-update.win32_1.5.0.202011040924/tools/bin/../lib/gcc/arm-none-eabi/9.3.1/../../../../arm-none-eabi/lib/thumb/v7e-m+fp/hard\libc_nano.a(lib_a-init.o)
 .ARM.attributes
                0x0000000000000587       0x34 c:/stm32cubeide_1.6.0/stm32cubeide/plugins/com.st.stm32cube.ide.mcu.externaltools.gnu-tools-for-stm32.9-2020-q2-update.win32_1.5.0.202011040924/tools/bin/../lib/gcc/arm-none-eabi/9.3.1/../../../../arm-none-eabi/lib/thumb/v7e-m+fp/hard\libc_nano.a(lib_a-memset.o)
 .ARM.attributes
                0x00000000000005bb       0x1e c:/stm32cubeide_1.6.0/stm32cubeide/plugins/com.st.stm32cube.ide.mcu.externaltools.gnu-tools-for-stm32.9-2020-q2-update.win32_1.5.0.202011040924/tools/bin/../lib/gcc/arm-none-eabi/9.3.1/thumb/v7e-m+fp/hard\libgcc.a(_aeabi_uldivmod.o)
 .ARM.attributes
                0x00000000000005d9       0x34 c:/stm32cubeide_1.6.0/stm32cubeide/plugins/com.st.stm32cube.ide.mcu.externaltools.gnu-tools-for-stm32.9-2020-q2-update.win32_1.5.0.202011040924/tools/bin/../lib/gcc/arm-none-eabi/9.3.1/thumb/v7e-m+fp/hard\libgcc.a(_udivmoddi4.o)
 .ARM.attributes
                0x000000000000060d       0x1e c:/stm32cubeide_1.6.0/stm32cubeide/plugins/com.st.stm32cube.ide.mcu.externaltools.gnu-tools-for-stm32.9-2020-q2-update.win32_1.5.0.202011040924/tools/bin/../lib/gcc/arm-none-eabi/9.3.1/thumb/v7e-m+fp/hard\libgcc.a(_dvmd_tls.o)
 .ARM.attributes
                0x000000000000062b       0x1e c:/stm32cubeide_1.6.0/stm32cubeide/plugins/com.st.stm32cube.ide.mcu.externaltools.gnu-tools-for-stm32.9-2020-q2-update.win32_1.5.0.202011040924/tools/bin/../lib/gcc/arm-none-eabi/9.3.1/thumb/v7e-m+fp/hard/crtn.o
OUTPUT(WINDWILL.elf elf32-littlearm)
LOAD linker stubs
LOAD c:/stm32cubeide_1.6.0/stm32cubeide/plugins/com.st.stm32cube.ide.mcu.externaltools.gnu-tools-for-stm32.9-2020-q2-update.win32_1.5.0.202011040924/tools/bin/../lib/gcc/arm-none-eabi/9.3.1/../../../../arm-none-eabi/lib/thumb/v7e-m+fp/hard\libc.a
LOAD c:/stm32cubeide_1.6.0/stm32cubeide/plugins/com.st.stm32cube.ide.mcu.externaltools.gnu-tools-for-stm32.9-2020-q2-update.win32_1.5.0.202011040924/tools/bin/../lib/gcc/arm-none-eabi/9.3.1/../../../../arm-none-eabi/lib/thumb/v7e-m+fp/hard\libm.a
LOAD c:/stm32cubeide_1.6.0/stm32cubeide/plugins/com.st.stm32cube.ide.mcu.externaltools.gnu-tools-for-stm32.9-2020-q2-update.win32_1.5.0.202011040924/tools/bin/../lib/gcc/arm-none-eabi/9.3.1/thumb/v7e-m+fp/hard\libgcc.a

.debug_info     0x0000000000000000    0x12c14
 .debug_info    0x0000000000000000      0xbbf Core/Src/can.o
 .debug_info    0x0000000000000bbf      0x606 Core/Src/dma.o
 .debug_info    0x00000000000011c5      0x815 Core/Src/gpio.o
 .debug_info    0x00000000000019da     0x1619 Core/Src/main.o
 .debug_info    0x0000000000002ff3      0x3d4 Core/Src/stm32f4xx_hal_msp.o
 .debug_info    0x00000000000033c7      0xf17 Core/Src/stm32f4xx_it.o
 .debug_info    0x00000000000042de      0x5c0 Core/Src/system_stm32f4xx.o
 .debug_info    0x000000000000489e     0x109a Core/Src/tim.o
 .debug_info    0x0000000000005938      0xced Core/Src/usart.o
 .debug_info    0x0000000000006625       0x22 Core/Startup/startup_stm32f427iihx.o
 .debug_info    0x0000000000006647      0xa1e Drivers/STM32F4xx_HAL_Driver/Src/stm32f4xx_hal.o
 .debug_info    0x0000000000007065     0x1090 Drivers/STM32F4xx_HAL_Driver/Src/stm32f4xx_hal_can.o
 .debug_info    0x00000000000080f5      0xf01 Drivers/STM32F4xx_HAL_Driver/Src/stm32f4xx_hal_cortex.o
 .debug_info    0x0000000000008ff6      0x9f1 Drivers/STM32F4xx_HAL_Driver/Src/stm32f4xx_hal_dma.o
 .debug_info    0x00000000000099e7      0x84a Drivers/STM32F4xx_HAL_Driver/Src/stm32f4xx_hal_gpio.o
 .debug_info    0x000000000000a231      0x9b2 Drivers/STM32F4xx_HAL_Driver/Src/stm32f4xx_hal_rcc.o
 .debug_info    0x000000000000abe3     0x26cd Drivers/STM32F4xx_HAL_Driver/Src/stm32f4xx_hal_tim.o
 .debug_info    0x000000000000d2b0     0x125f Drivers/STM32F4xx_HAL_Driver/Src/stm32f4xx_hal_tim_ex.o
 .debug_info    0x000000000000e50f     0x1357 Drivers/STM32F4xx_HAL_Driver/Src/stm32f4xx_hal_uart.o
 .debug_info    0x000000000000f866      0x95a Mycode/LC_Nvic/lc_exit_nvic.o
 .debug_info    0x00000000000101c0      0x730 Mycode/LC_Nvic/lc_pwm.o
 .debug_info    0x00000000000108f0      0x92a Mycode/LC_Nvic/lc_tim_nvic.o
 .debug_info    0x000000000001121a      0xd77 Mycode/LC_Nvic/lc_ws2812.o
 .debug_info    0x0000000000011f91      0x8ee lc_rm/source/bsp_can.o
 .debug_info    0x000000000001287f      0x395 lc_rm/source/pid.o

.debug_abbrev   0x0000000000000000     0x2ddb
 .debug_abbrev  0x0000000000000000      0x1de Core/Src/can.o
 .debug_abbrev  0x00000000000001de      0x11b Core/Src/dma.o
 .debug_abbrev  0x00000000000002f9      0x157 Core/Src/gpio.o
 .debug_abbrev  0x0000000000000450      0x226 Core/Src/main.o
 .debug_abbrev  0x0000000000000676      0x11d Core/Src/stm32f4xx_hal_msp.o
 .debug_abbrev  0x0000000000000793      0x1d2 Core/Src/stm32f4xx_it.o
 .debug_abbrev  0x0000000000000965      0x145 Core/Src/system_stm32f4xx.o
 .debug_abbrev  0x0000000000000aaa      0x228 Core/Src/tim.o
 .debug_abbrev  0x0000000000000cd2      0x1d7 Core/Src/usart.o
 .debug_abbrev  0x0000000000000ea9       0x12 Core/Startup/startup_stm32f427iihx.o
 .debug_abbrev  0x0000000000000ebb      0x1ed Drivers/STM32F4xx_HAL_Driver/Src/stm32f4xx_hal.o
 .debug_abbrev  0x00000000000010a8      0x246 Drivers/STM32F4xx_HAL_Driver/Src/stm32f4xx_hal_can.o
 .debug_abbrev  0x00000000000012ee      0x33c Drivers/STM32F4xx_HAL_Driver/Src/stm32f4xx_hal_cortex.o
 .debug_abbrev  0x000000000000162a      0x259 Drivers/STM32F4xx_HAL_Driver/Src/stm32f4xx_hal_dma.o
 .debug_abbrev  0x0000000000001883      0x1f1 Drivers/STM32F4xx_HAL_Driver/Src/stm32f4xx_hal_gpio.o
 .debug_abbrev  0x0000000000001a74      0x275 Drivers/STM32F4xx_HAL_Driver/Src/stm32f4xx_hal_rcc.o
 .debug_abbrev  0x0000000000001ce9      0x25e Drivers/STM32F4xx_HAL_Driver/Src/stm32f4xx_hal_tim.o
 .debug_abbrev  0x0000000000001f47      0x24c Drivers/STM32F4xx_HAL_Driver/Src/stm32f4xx_hal_tim_ex.o
 .debug_abbrev  0x0000000000002193      0x270 Drivers/STM32F4xx_HAL_Driver/Src/stm32f4xx_hal_uart.o
 .debug_abbrev  0x0000000000002403      0x192 Mycode/LC_Nvic/lc_exit_nvic.o
 .debug_abbrev  0x0000000000002595      0x15c Mycode/LC_Nvic/lc_pwm.o
 .debug_abbrev  0x00000000000026f1      0x1a1 Mycode/LC_Nvic/lc_tim_nvic.o
 .debug_abbrev  0x0000000000002892      0x226 Mycode/LC_Nvic/lc_ws2812.o
 .debug_abbrev  0x0000000000002ab8      0x1df lc_rm/source/bsp_can.o
 .debug_abbrev  0x0000000000002c97      0x144 lc_rm/source/pid.o

.debug_aranges  0x0000000000000000      0xf70
 .debug_aranges
                0x0000000000000000       0x30 Core/Src/can.o
 .debug_aranges
                0x0000000000000030       0x20 Core/Src/dma.o
 .debug_aranges
                0x0000000000000050       0x20 Core/Src/gpio.o
 .debug_aranges
                0x0000000000000070       0x30 Core/Src/main.o
 .debug_aranges
                0x00000000000000a0       0x20 Core/Src/stm32f4xx_hal_msp.o
 .debug_aranges
                0x00000000000000c0       0xe0 Core/Src/stm32f4xx_it.o
 .debug_aranges
                0x00000000000001a0       0x28 Core/Src/system_stm32f4xx.o
 .debug_aranges
                0x00000000000001c8       0x48 Core/Src/tim.o
 .debug_aranges
                0x0000000000000210       0x38 Core/Src/usart.o
 .debug_aranges
                0x0000000000000248       0x28 Core/Startup/startup_stm32f427iihx.o
 .debug_aranges
                0x0000000000000270      0x100 Drivers/STM32F4xx_HAL_Driver/Src/stm32f4xx_hal.o
 .debug_aranges
                0x0000000000000370      0x138 Drivers/STM32F4xx_HAL_Driver/Src/stm32f4xx_hal_can.o
 .debug_aranges
                0x00000000000004a8      0x118 Drivers/STM32F4xx_HAL_Driver/Src/stm32f4xx_hal_cortex.o
 .debug_aranges
                0x00000000000005c0       0x90 Drivers/STM32F4xx_HAL_Driver/Src/stm32f4xx_hal_dma.o
 .debug_aranges
                0x0000000000000650       0x58 Drivers/STM32F4xx_HAL_Driver/Src/stm32f4xx_hal_gpio.o
 .debug_aranges
                0x00000000000006a8       0x88 Drivers/STM32F4xx_HAL_Driver/Src/stm32f4xx_hal_rcc.o
 .debug_aranges
                0x0000000000000730      0x3a8 Drivers/STM32F4xx_HAL_Driver/Src/stm32f4xx_hal_tim.o
 .debug_aranges
                0x0000000000000ad8      0x150 Drivers/STM32F4xx_HAL_Driver/Src/stm32f4xx_hal_tim_ex.o
 .debug_aranges
                0x0000000000000c28      0x1d0 Drivers/STM32F4xx_HAL_Driver/Src/stm32f4xx_hal_uart.o
 .debug_aranges
                0x0000000000000df8       0x38 Mycode/LC_Nvic/lc_exit_nvic.o
 .debug_aranges
                0x0000000000000e30       0x20 Mycode/LC_Nvic/lc_pwm.o
 .debug_aranges
                0x0000000000000e50       0x28 Mycode/LC_Nvic/lc_tim_nvic.o
 .debug_aranges
                0x0000000000000e78       0xa0 Mycode/LC_Nvic/lc_ws2812.o
 .debug_aranges
                0x0000000000000f18       0x30 lc_rm/source/bsp_can.o
 .debug_aranges
                0x0000000000000f48       0x28 lc_rm/source/pid.o

.debug_ranges   0x0000000000000000      0xde8
 .debug_ranges  0x0000000000000000       0x20 Core/Src/can.o
 .debug_ranges  0x0000000000000020       0x10 Core/Src/dma.o
 .debug_ranges  0x0000000000000030       0x10 Core/Src/gpio.o
 .debug_ranges  0x0000000000000040       0x20 Core/Src/main.o
 .debug_ranges  0x0000000000000060       0x10 Core/Src/stm32f4xx_hal_msp.o
 .debug_ranges  0x0000000000000070       0xd0 Core/Src/stm32f4xx_it.o
 .debug_ranges  0x0000000000000140       0x18 Core/Src/system_stm32f4xx.o
 .debug_ranges  0x0000000000000158       0x38 Core/Src/tim.o
 .debug_ranges  0x0000000000000190       0x28 Core/Src/usart.o
 .debug_ranges  0x00000000000001b8       0x20 Core/Startup/startup_stm32f427iihx.o
 .debug_ranges  0x00000000000001d8       0xf0 Drivers/STM32F4xx_HAL_Driver/Src/stm32f4xx_hal.o
 .debug_ranges  0x00000000000002c8      0x128 Drivers/STM32F4xx_HAL_Driver/Src/stm32f4xx_hal_can.o
 .debug_ranges  0x00000000000003f0      0x108 Drivers/STM32F4xx_HAL_Driver/Src/stm32f4xx_hal_cortex.o
 .debug_ranges  0x00000000000004f8       0x80 Drivers/STM32F4xx_HAL_Driver/Src/stm32f4xx_hal_dma.o
 .debug_ranges  0x0000000000000578       0x48 Drivers/STM32F4xx_HAL_Driver/Src/stm32f4xx_hal_gpio.o
 .debug_ranges  0x00000000000005c0       0x78 Drivers/STM32F4xx_HAL_Driver/Src/stm32f4xx_hal_rcc.o
 .debug_ranges  0x0000000000000638      0x398 Drivers/STM32F4xx_HAL_Driver/Src/stm32f4xx_hal_tim.o
 .debug_ranges  0x00000000000009d0      0x140 Drivers/STM32F4xx_HAL_Driver/Src/stm32f4xx_hal_tim_ex.o
 .debug_ranges  0x0000000000000b10      0x1c0 Drivers/STM32F4xx_HAL_Driver/Src/stm32f4xx_hal_uart.o
 .debug_ranges  0x0000000000000cd0       0x28 Mycode/LC_Nvic/lc_exit_nvic.o
 .debug_ranges  0x0000000000000cf8       0x10 Mycode/LC_Nvic/lc_pwm.o
 .debug_ranges  0x0000000000000d08       0x18 Mycode/LC_Nvic/lc_tim_nvic.o
 .debug_ranges  0x0000000000000d20       0x90 Mycode/LC_Nvic/lc_ws2812.o
 .debug_ranges  0x0000000000000db0       0x20 lc_rm/source/bsp_can.o
 .debug_ranges  0x0000000000000dd0       0x18 lc_rm/source/pid.o

.debug_macro    0x0000000000000000    0x23eff
 .debug_macro   0x0000000000000000      0x1f1 Core/Src/can.o
 .debug_macro   0x00000000000001f1      0xaa8 Core/Src/can.o
 .debug_macro   0x0000000000000c99      0x29a Core/Src/can.o
 .debug_macro   0x0000000000000f33       0x2e Core/Src/can.o
 .debug_macro   0x0000000000000f61       0x28 Core/Src/can.o
 .debug_macro   0x0000000000000f89       0x22 Core/Src/can.o
 .debug_macro   0x0000000000000fab       0x8e Core/Src/can.o
 .debug_macro   0x0000000000001039       0x51 Core/Src/can.o
 .debug_macro   0x000000000000108a      0x103 Core/Src/can.o
 .debug_macro   0x000000000000118d       0x6a Core/Src/can.o
 .debug_macro   0x00000000000011f7      0x1df Core/Src/can.o
 .debug_macro   0x00000000000013d6       0x1c Core/Src/can.o
 .debug_macro   0x00000000000013f2       0x22 Core/Src/can.o
 .debug_macro   0x0000000000001414       0xdf Core/Src/can.o
 .debug_macro   0x00000000000014f3     0x102d Core/Src/can.o
 .debug_macro   0x0000000000002520      0x11f Core/Src/can.o
 .debug_macro   0x000000000000263f    0x17859 Core/Src/can.o
 .debug_macro   0x0000000000019e98       0x43 Core/Src/can.o
 .debug_macro   0x0000000000019edb     0x36c9 Core/Src/can.o
 .debug_macro   0x000000000001d5a4      0x174 Core/Src/can.o
 .debug_macro   0x000000000001d718       0x5a Core/Src/can.o
 .debug_macro   0x000000000001d772      0xc6d Core/Src/can.o
 .debug_macro   0x000000000001e3df      0x9fe Core/Src/can.o
 .debug_macro   0x000000000001eddd      0x117 Core/Src/can.o
 .debug_macro   0x000000000001eef4      0x16f Core/Src/can.o
 .debug_macro   0x000000000001f063       0x27 Core/Src/can.o
 .debug_macro   0x000000000001f08a      0x182 Core/Src/can.o
 .debug_macro   0x000000000001f20c      0x287 Core/Src/can.o
 .debug_macro   0x000000000001f493       0x5f Core/Src/can.o
 .debug_macro   0x000000000001f4f2      0x236 Core/Src/can.o
 .debug_macro   0x000000000001f728      0x40f Core/Src/can.o
 .debug_macro   0x000000000001fb37      0x132 Core/Src/can.o
 .debug_macro   0x000000000001fc69      0x41d Core/Src/can.o
 .debug_macro   0x0000000000020086       0x2e Core/Src/can.o
 .debug_macro   0x00000000000200b4      0x11a Core/Src/can.o
 .debug_macro   0x00000000000201ce       0xe2 Core/Src/can.o
 .debug_macro   0x00000000000202b0       0x89 Core/Src/can.o
 .debug_macro   0x0000000000020339      0x8a0 Core/Src/can.o
 .debug_macro   0x0000000000020bd9       0x47 Core/Src/can.o
 .debug_macro   0x0000000000020c20      0x287 Core/Src/can.o
 .debug_macro   0x0000000000020ea7      0x134 Core/Src/can.o
 .debug_macro   0x0000000000020fdb      0x10c Core/Src/can.o
 .debug_macro   0x00000000000210e7      0x1f1 Core/Src/dma.o
 .debug_macro   0x00000000000212d8      0x1f1 Core/Src/gpio.o
 .debug_macro   0x00000000000214c9      0x26b Core/Src/main.o
 .debug_macro   0x0000000000021734       0x64 Core/Src/main.o
 .debug_macro   0x0000000000021798       0x28 Core/Src/main.o
 .debug_macro   0x00000000000217c0      0x1e7 Core/Src/stm32f4xx_hal_msp.o
 .debug_macro   0x00000000000219a7      0x1f1 Core/Src/stm32f4xx_it.o
 .debug_macro   0x0000000000021b98      0x1de Core/Src/system_stm32f4xx.o
 .debug_macro   0x0000000000021d76      0x1f1 Core/Src/tim.o
 .debug_macro   0x0000000000021f67      0x1f1 Core/Src/usart.o
 .debug_macro   0x0000000000022158      0x238 Drivers/STM32F4xx_HAL_Driver/Src/stm32f4xx_hal.o
 .debug_macro   0x0000000000022390      0x1e0 Drivers/STM32F4xx_HAL_Driver/Src/stm32f4xx_hal_can.o
 .debug_macro   0x0000000000022570      0x1d8 Drivers/STM32F4xx_HAL_Driver/Src/stm32f4xx_hal_cortex.o
 .debug_macro   0x0000000000022748      0x1de Drivers/STM32F4xx_HAL_Driver/Src/stm32f4xx_hal_dma.o
 .debug_macro   0x0000000000022926      0x20e Drivers/STM32F4xx_HAL_Driver/Src/stm32f4xx_hal_gpio.o
 .debug_macro   0x0000000000022b34      0x1fc Drivers/STM32F4xx_HAL_Driver/Src/stm32f4xx_hal_rcc.o
 .debug_macro   0x0000000000022d30      0x1d9 Drivers/STM32F4xx_HAL_Driver/Src/stm32f4xx_hal_tim.o
 .debug_macro   0x0000000000022f09      0x1d8 Drivers/STM32F4xx_HAL_Driver/Src/stm32f4xx_hal_tim_ex.o
 .debug_macro   0x00000000000230e1      0x1d9 Drivers/STM32F4xx_HAL_Driver/Src/stm32f4xx_hal_uart.o
 .debug_macro   0x00000000000232ba      0x208 Mycode/LC_Nvic/lc_exit_nvic.o
 .debug_macro   0x00000000000234c2      0x1ff Mycode/LC_Nvic/lc_pwm.o
 .debug_macro   0x00000000000236c1      0x212 Mycode/LC_Nvic/lc_tim_nvic.o
 .debug_macro   0x00000000000238d3      0x21c Mycode/LC_Nvic/lc_ws2812.o
 .debug_macro   0x0000000000023aef      0x200 lc_rm/source/bsp_can.o
 .debug_macro   0x0000000000023cef       0x22 lc_rm/source/bsp_can.o
 .debug_macro   0x0000000000023d11      0x1ee lc_rm/source/pid.o

.debug_line     0x0000000000000000    0x11e4f
 .debug_line    0x0000000000000000      0x743 Core/Src/can.o
 .debug_line    0x0000000000000743      0x6d9 Core/Src/dma.o
 .debug_line    0x0000000000000e1c      0x744 Core/Src/gpio.o
 .debug_line    0x0000000000001560      0x852 Core/Src/main.o
 .debug_line    0x0000000000001db2      0x6d2 Core/Src/stm32f4xx_hal_msp.o
 .debug_line    0x0000000000002484      0x90f Core/Src/stm32f4xx_it.o
 .debug_line    0x0000000000002d93      0x759 Core/Src/system_stm32f4xx.o
 .debug_line    0x00000000000034ec      0xa35 Core/Src/tim.o
 .debug_line    0x0000000000003f21      0x7cb Core/Src/usart.o
 .debug_line    0x00000000000046ec       0x85 Core/Startup/startup_stm32f427iihx.o
 .debug_line    0x0000000000004771      0x9ef Drivers/STM32F4xx_HAL_Driver/Src/stm32f4xx_hal.o
 .debug_line    0x0000000000005160     0x1125 Drivers/STM32F4xx_HAL_Driver/Src/stm32f4xx_hal_can.o
 .debug_line    0x0000000000006285      0xc68 Drivers/STM32F4xx_HAL_Driver/Src/stm32f4xx_hal_cortex.o
 .debug_line    0x0000000000006eed      0xf22 Drivers/STM32F4xx_HAL_Driver/Src/stm32f4xx_hal_dma.o
 .debug_line    0x0000000000007e0f      0xb69 Drivers/STM32F4xx_HAL_Driver/Src/stm32f4xx_hal_gpio.o
 .debug_line    0x0000000000008978      0xd1c Drivers/STM32F4xx_HAL_Driver/Src/stm32f4xx_hal_rcc.o
 .debug_line    0x0000000000009694     0x2996 Drivers/STM32F4xx_HAL_Driver/Src/stm32f4xx_hal_tim.o
 .debug_line    0x000000000000c02a     0x11aa Drivers/STM32F4xx_HAL_Driver/Src/stm32f4xx_hal_tim_ex.o
 .debug_line    0x000000000000d1d4     0x17d1 Drivers/STM32F4xx_HAL_Driver/Src/stm32f4xx_hal_uart.o
 .debug_line    0x000000000000e9a5      0x842 Mycode/LC_Nvic/lc_exit_nvic.o
 .debug_line    0x000000000000f1e7      0x707 Mycode/LC_Nvic/lc_pwm.o
 .debug_line    0x000000000000f8ee      0x790 Mycode/LC_Nvic/lc_tim_nvic.o
 .debug_line    0x000000000001007e      0xd3b Mycode/LC_Nvic/lc_ws2812.o
 .debug_line    0x0000000000010db9      0x7f5 lc_rm/source/bsp_can.o
 .debug_line    0x00000000000115ae      0x8a1 lc_rm/source/pid.o

.debug_str      0x0000000000000000    0xd5c1e
 .debug_str     0x0000000000000000    0xd1a8e Core/Src/can.o
                                      0xd1d98 (size before relaxing)
 .debug_str     0x00000000000d1a8e       0x27 Core/Src/dma.o
                                      0xd1a65 (size before relaxing)
 .debug_str     0x00000000000d1ab5       0x46 Core/Src/gpio.o
                                      0xd1b05 (size before relaxing)
 .debug_str     0x00000000000d1afb      0xbca Core/Src/main.o
                                      0xd2447 (size before relaxing)
 .debug_str     0x00000000000d26c5       0x2c Core/Src/stm32f4xx_hal_msp.o
                                      0xd152f (size before relaxing)
 .debug_str     0x00000000000d26f1      0x22b Core/Src/stm32f4xx_it.o
                                      0xd1ec1 (size before relaxing)
 .debug_str     0x00000000000d291c       0xc4 Core/Src/system_stm32f4xx.o
                                      0xd1039 (size before relaxing)
 .debug_str     0x00000000000d29e0      0x228 Core/Src/tim.o
                                      0xd21b4 (size before relaxing)
 .debug_str     0x00000000000d2c08       0x65 Core/Src/usart.o
                                      0xd1f69 (size before relaxing)
 .debug_str     0x00000000000d2c6d       0x36 Core/Startup/startup_stm32f427iihx.o
                                         0x4f (size before relaxing)
 .debug_str     0x00000000000d2ca3      0x5c8 Drivers/STM32F4xx_HAL_Driver/Src/stm32f4xx_hal.o
                                      0xd1b8e (size before relaxing)
 .debug_str     0x00000000000d326b      0x57a Drivers/STM32F4xx_HAL_Driver/Src/stm32f4xx_hal_can.o
                                      0xd171d (size before relaxing)
 .debug_str     0x00000000000d37e5      0x399 Drivers/STM32F4xx_HAL_Driver/Src/stm32f4xx_hal_cortex.o
                                      0xd192f (size before relaxing)
 .debug_str     0x00000000000d3b7e      0x315 Drivers/STM32F4xx_HAL_Driver/Src/stm32f4xx_hal_dma.o
                                      0xd143b (size before relaxing)
 .debug_str     0x00000000000d3e93      0x207 Drivers/STM32F4xx_HAL_Driver/Src/stm32f4xx_hal_gpio.o
                                      0xd1278 (size before relaxing)
 .debug_str     0x00000000000d409a      0x259 Drivers/STM32F4xx_HAL_Driver/Src/stm32f4xx_hal_rcc.o
                                      0xd1426 (size before relaxing)
 .debug_str     0x00000000000d42f3      0xcb8 Drivers/STM32F4xx_HAL_Driver/Src/stm32f4xx_hal_tim.o
                                      0xd2132 (size before relaxing)
 .debug_str     0x00000000000d4fab      0x40e Drivers/STM32F4xx_HAL_Driver/Src/stm32f4xx_hal_tim_ex.o
                                      0xd1932 (size before relaxing)
 .debug_str     0x00000000000d53b9      0x51c Drivers/STM32F4xx_HAL_Driver/Src/stm32f4xx_hal_uart.o
                                      0xd1872 (size before relaxing)
 .debug_str     0x00000000000d58d5       0x52 Mycode/LC_Nvic/lc_exit_nvic.o
                                      0xd1bd2 (size before relaxing)
 .debug_str     0x00000000000d5927       0x27 Mycode/LC_Nvic/lc_pwm.o
                                      0xd18a7 (size before relaxing)
 .debug_str     0x00000000000d594e       0x35 Mycode/LC_Nvic/lc_tim_nvic.o
                                      0xd1bcc (size before relaxing)
 .debug_str     0x00000000000d5983      0x18c Mycode/LC_Nvic/lc_ws2812.o
                                      0xd1d0a (size before relaxing)
 .debug_str     0x00000000000d5b0f       0x80 lc_rm/source/bsp_can.o
                                      0xd1947 (size before relaxing)
 .debug_str     0x00000000000d5b8f       0x8f lc_rm/source/pid.o
                                      0xd0f87 (size before relaxing)

.comment        0x0000000000000000       0x53
 .comment       0x0000000000000000       0x53 Core/Src/can.o
                                         0x54 (size before relaxing)
 .comment       0x0000000000000053       0x54 Core/Src/dma.o
 .comment       0x0000000000000053       0x54 Core/Src/gpio.o
 .comment       0x0000000000000053       0x54 Core/Src/main.o
 .comment       0x0000000000000053       0x54 Core/Src/stm32f4xx_hal_msp.o
 .comment       0x0000000000000053       0x54 Core/Src/stm32f4xx_it.o
 .comment       0x0000000000000053       0x54 Core/Src/system_stm32f4xx.o
 .comment       0x0000000000000053       0x54 Core/Src/tim.o
 .comment       0x0000000000000053       0x54 Core/Src/usart.o
 .comment       0x0000000000000053       0x54 Drivers/STM32F4xx_HAL_Driver/Src/stm32f4xx_hal.o
 .comment       0x0000000000000053       0x54 Drivers/STM32F4xx_HAL_Driver/Src/stm32f4xx_hal_can.o
 .comment       0x0000000000000053       0x54 Drivers/STM32F4xx_HAL_Driver/Src/stm32f4xx_hal_cortex.o
 .comment       0x0000000000000053       0x54 Drivers/STM32F4xx_HAL_Driver/Src/stm32f4xx_hal_dma.o
 .comment       0x0000000000000053       0x54 Drivers/STM32F4xx_HAL_Driver/Src/stm32f4xx_hal_gpio.o
 .comment       0x0000000000000053       0x54 Drivers/STM32F4xx_HAL_Driver/Src/stm32f4xx_hal_rcc.o
 .comment       0x0000000000000053       0x54 Drivers/STM32F4xx_HAL_Driver/Src/stm32f4xx_hal_tim.o
 .comment       0x0000000000000053       0x54 Drivers/STM32F4xx_HAL_Driver/Src/stm32f4xx_hal_tim_ex.o
 .comment       0x0000000000000053       0x54 Drivers/STM32F4xx_HAL_Driver/Src/stm32f4xx_hal_uart.o
 .comment       0x0000000000000053       0x54 Mycode/LC_Nvic/lc_exit_nvic.o
 .comment       0x0000000000000053       0x54 Mycode/LC_Nvic/lc_pwm.o
 .comment       0x0000000000000053       0x54 Mycode/LC_Nvic/lc_tim_nvic.o
 .comment       0x0000000000000053       0x54 Mycode/LC_Nvic/lc_ws2812.o
 .comment       0x0000000000000053       0x54 lc_rm/source/bsp_can.o
 .comment       0x0000000000000053       0x54 lc_rm/source/pid.o

.debug_frame    0x0000000000000000     0x3dbc
 .debug_frame   0x0000000000000000       0x74 Core/Src/can.o
 .debug_frame   0x0000000000000074       0x34 Core/Src/dma.o
 .debug_frame   0x00000000000000a8       0x38 Core/Src/gpio.o
 .debug_frame   0x00000000000000e0       0x74 Core/Src/main.o
 .debug_frame   0x0000000000000154       0x38 Core/Src/stm32f4xx_hal_msp.o
 .debug_frame   0x000000000000018c      0x2cc Core/Src/stm32f4xx_it.o
 .debug_frame   0x0000000000000458       0x58 Core/Src/system_stm32f4xx.o
 .debug_frame   0x00000000000004b0       0xec Core/Src/tim.o
 .debug_frame   0x000000000000059c       0x90 Core/Src/usart.o
 .debug_frame   0x000000000000062c      0x3b4 Drivers/STM32F4xx_HAL_Driver/Src/stm32f4xx_hal.o
 .debug_frame   0x00000000000009e0      0x5a0 Drivers/STM32F4xx_HAL_Driver/Src/stm32f4xx_hal_can.o
 .debug_frame   0x0000000000000f80      0x498 Drivers/STM32F4xx_HAL_Driver/Src/stm32f4xx_hal_cortex.o
 .debug_frame   0x0000000000001418      0x250 Drivers/STM32F4xx_HAL_Driver/Src/stm32f4xx_hal_dma.o
 .debug_frame   0x0000000000001668      0x14c Drivers/STM32F4xx_HAL_Driver/Src/stm32f4xx_hal_gpio.o
 .debug_frame   0x00000000000017b4      0x1ec Drivers/STM32F4xx_HAL_Driver/Src/stm32f4xx_hal_rcc.o
 .debug_frame   0x00000000000019a0     0x10f0 Drivers/STM32F4xx_HAL_Driver/Src/stm32f4xx_hal_tim.o
 .debug_frame   0x0000000000002a90      0x5c0 Drivers/STM32F4xx_HAL_Driver/Src/stm32f4xx_hal_tim_ex.o
 .debug_frame   0x0000000000003050      0x844 Drivers/STM32F4xx_HAL_Driver/Src/stm32f4xx_hal_uart.o
 .debug_frame   0x0000000000003894       0x94 Mycode/LC_Nvic/lc_exit_nvic.o
 .debug_frame   0x0000000000003928       0x2c Mycode/LC_Nvic/lc_pwm.o
 .debug_frame   0x0000000000003954       0x50 Mycode/LC_Nvic/lc_tim_nvic.o
 .debug_frame   0x00000000000039a4      0x28c Mycode/LC_Nvic/lc_ws2812.o
 .debug_frame   0x0000000000003c30       0x80 lc_rm/source/bsp_can.o
 .debug_frame   0x0000000000003cb0       0x60 lc_rm/source/pid.o
 .debug_frame   0x0000000000003d10       0x2c c:/stm32cubeide_1.6.0/stm32cubeide/plugins/com.st.stm32cube.ide.mcu.externaltools.gnu-tools-for-stm32.9-2020-q2-update.win32_1.5.0.202011040924/tools/bin/../lib/gcc/arm-none-eabi/9.3.1/../../../../arm-none-eabi/lib/thumb/v7e-m+fp/hard\libc_nano.a(lib_a-init.o)
 .debug_frame   0x0000000000003d3c       0x20 c:/stm32cubeide_1.6.0/stm32cubeide/plugins/com.st.stm32cube.ide.mcu.externaltools.gnu-tools-for-stm32.9-2020-q2-update.win32_1.5.0.202011040924/tools/bin/../lib/gcc/arm-none-eabi/9.3.1/../../../../arm-none-eabi/lib/thumb/v7e-m+fp/hard\libc_nano.a(lib_a-memset.o)
 .debug_frame   0x0000000000003d5c       0x2c c:/stm32cubeide_1.6.0/stm32cubeide/plugins/com.st.stm32cube.ide.mcu.externaltools.gnu-tools-for-stm32.9-2020-q2-update.win32_1.5.0.202011040924/tools/bin/../lib/gcc/arm-none-eabi/9.3.1/thumb/v7e-m+fp/hard\libgcc.a(_aeabi_uldivmod.o)
 .debug_frame   0x0000000000003d88       0x34 c:/stm32cubeide_1.6.0/stm32cubeide/plugins/com.st.stm32cube.ide.mcu.externaltools.gnu-tools-for-stm32.9-2020-q2-update.win32_1.5.0.202011040924/tools/bin/../lib/gcc/arm-none-eabi/9.3.1/thumb/v7e-m+fp/hard\libgcc.a(_udivmoddi4.o)
