Archive member included to satisfy reference by file (symbol)

c:/st/stm32cubeide_1.4.0/stm32cubeide/plugins/com.st.stm32cube.ide.mcu.externaltools.gnu-tools-for-stm32.7-2018-q2-update.win32_1.4.0.202007081208/tools/bin/../lib/gcc/arm-none-eabi/7.3.1/../../../../arm-none-eabi/lib/thumb/v7e-m/fpv4-sp/hard\libc_nano.a(lib_a-errno.o)
                              Core/Src/syscalls.o (__errno)
c:/st/stm32cubeide_1.4.0/stm32cubeide/plugins/com.st.stm32cube.ide.mcu.externaltools.gnu-tools-for-stm32.7-2018-q2-update.win32_1.4.0.202007081208/tools/bin/../lib/gcc/arm-none-eabi/7.3.1/../../../../arm-none-eabi/lib/thumb/v7e-m/fpv4-sp/hard\libc_nano.a(lib_a-exit.o)
                              c:/st/stm32cubeide_1.4.0/stm32cubeide/plugins/com.st.stm32cube.ide.mcu.externaltools.gnu-tools-for-stm32.7-2018-q2-update.win32_1.4.0.202007081208/tools/bin/../lib/gcc/arm-none-eabi/7.3.1/../../../../arm-none-eabi/lib/thumb/v7e-m/fpv4-sp/hard/crt0.o (exit)
c:/st/stm32cubeide_1.4.0/stm32cubeide/plugins/com.st.stm32cube.ide.mcu.externaltools.gnu-tools-for-stm32.7-2018-q2-update.win32_1.4.0.202007081208/tools/bin/../lib/gcc/arm-none-eabi/7.3.1/../../../../arm-none-eabi/lib/thumb/v7e-m/fpv4-sp/hard\libc_nano.a(lib_a-impure.o)
                              c:/st/stm32cubeide_1.4.0/stm32cubeide/plugins/com.st.stm32cube.ide.mcu.externaltools.gnu-tools-for-stm32.7-2018-q2-update.win32_1.4.0.202007081208/tools/bin/../lib/gcc/arm-none-eabi/7.3.1/../../../../arm-none-eabi/lib/thumb/v7e-m/fpv4-sp/hard\libc_nano.a(lib_a-exit.o) (_global_impure_ptr)
c:/st/stm32cubeide_1.4.0/stm32cubeide/plugins/com.st.stm32cube.ide.mcu.externaltools.gnu-tools-for-stm32.7-2018-q2-update.win32_1.4.0.202007081208/tools/bin/../lib/gcc/arm-none-eabi/7.3.1/../../../../arm-none-eabi/lib/thumb/v7e-m/fpv4-sp/hard\libc_nano.a(lib_a-init.o)
                              c:/st/stm32cubeide_1.4.0/stm32cubeide/plugins/com.st.stm32cube.ide.mcu.externaltools.gnu-tools-for-stm32.7-2018-q2-update.win32_1.4.0.202007081208/tools/bin/../lib/gcc/arm-none-eabi/7.3.1/../../../../arm-none-eabi/lib/thumb/v7e-m/fpv4-sp/hard/crt0.o (__libc_init_array)
c:/st/stm32cubeide_1.4.0/stm32cubeide/plugins/com.st.stm32cube.ide.mcu.externaltools.gnu-tools-for-stm32.7-2018-q2-update.win32_1.4.0.202007081208/tools/bin/../lib/gcc/arm-none-eabi/7.3.1/../../../../arm-none-eabi/lib/thumb/v7e-m/fpv4-sp/hard\libc_nano.a(lib_a-memset.o)
                              c:/st/stm32cubeide_1.4.0/stm32cubeide/plugins/com.st.stm32cube.ide.mcu.externaltools.gnu-tools-for-stm32.7-2018-q2-update.win32_1.4.0.202007081208/tools/bin/../lib/gcc/arm-none-eabi/7.3.1/../../../../arm-none-eabi/lib/thumb/v7e-m/fpv4-sp/hard/crt0.o (memset)
c:/st/stm32cubeide_1.4.0/stm32cubeide/plugins/com.st.stm32cube.ide.mcu.externaltools.gnu-tools-for-stm32.7-2018-q2-update.win32_1.4.0.202007081208/tools/bin/../lib/gcc/arm-none-eabi/7.3.1/thumb/v7e-m/fpv4-sp/hard\libgcc.a(_aeabi_uldivmod.o)
                              Drivers/STM32F4xx_HAL_Driver/Src/stm32f4xx_hal_rcc.o (__aeabi_uldivmod)
c:/st/stm32cubeide_1.4.0/stm32cubeide/plugins/com.st.stm32cube.ide.mcu.externaltools.gnu-tools-for-stm32.7-2018-q2-update.win32_1.4.0.202007081208/tools/bin/../lib/gcc/arm-none-eabi/7.3.1/thumb/v7e-m/fpv4-sp/hard\libgcc.a(_udivmoddi4.o)
                              c:/st/stm32cubeide_1.4.0/stm32cubeide/plugins/com.st.stm32cube.ide.mcu.externaltools.gnu-tools-for-stm32.7-2018-q2-update.win32_1.4.0.202007081208/tools/bin/../lib/gcc/arm-none-eabi/7.3.1/thumb/v7e-m/fpv4-sp/hard\libgcc.a(_aeabi_uldivmod.o) (__udivmoddi4)
c:/st/stm32cubeide_1.4.0/stm32cubeide/plugins/com.st.stm32cube.ide.mcu.externaltools.gnu-tools-for-stm32.7-2018-q2-update.win32_1.4.0.202007081208/tools/bin/../lib/gcc/arm-none-eabi/7.3.1/thumb/v7e-m/fpv4-sp/hard\libgcc.a(_dvmd_tls.o)
                              c:/st/stm32cubeide_1.4.0/stm32cubeide/plugins/com.st.stm32cube.ide.mcu.externaltools.gnu-tools-for-stm32.7-2018-q2-update.win32_1.4.0.202007081208/tools/bin/../lib/gcc/arm-none-eabi/7.3.1/thumb/v7e-m/fpv4-sp/hard\libgcc.a(_aeabi_uldivmod.o) (__aeabi_ldiv0)

Allocating common symbols
Common symbol       size              file

hdma_tim1_ch1       0x60              Core/Src/tim.o
hdma_tim8_ch2       0x60              Core/Src/tim.o
htim8               0x40              Core/Src/tim.o
hdma_tim1_ch3       0x60              Core/Src/tim.o
hdma_tim1_ch2       0x60              Core/Src/tim.o
uwTick              0x4               Drivers/STM32F4xx_HAL_Driver/Src/stm32f4xx_hal.o
pFlash              0x20              Drivers/STM32F4xx_HAL_Driver/Src/stm32f4xx_hal_flash.o
hdma_tim8_ch4_trig_com
                    0x60              Core/Src/tim.o
UART_Buffer         0x64              lc_rm/source/bsp_usart.o
hdma_usart1_rx      0x60              Core/Src/usart.o
huart1              0x40              Core/Src/usart.o
remote_control      0x14              lc_rm/source/bsp_usart.o
htim1               0x40              Core/Src/tim.o
huart8              0x40              Core/Src/usart.o
[...]
Memory Configuration

Name             Origin             Length             Attributes
CCMRAM           0x0000000010000000 0x0000000000010000 xrw
RAM              0x0000000020000000 0x0000000000030000 xrw
FLASH            0x0000000008000000 0x0000000000200000 xr
*default*        0x0000000000000000 0xffffffffffffffff

Linker script and memory map

LOAD c:/st/stm32cubeide_1.4.0/stm32cubeide/plugins/com.st.stm32cube.ide.mcu.externaltools.gnu-tools-for-stm32.7-2018-q2-update.win32_1.4.0.202007081208/tools/bin/../lib/gcc/arm-none-eabi/7.3.1/thumb/v7e-m/fpv4-sp/hard/crti.o
LOAD c:/st/stm32cubeide_1.4.0/stm32cubeide/plugins/com.st.stm32cube.ide.mcu.externaltools.gnu-tools-for-stm32.7-2018-q2-update.win32_1.4.0.202007081208/tools/bin/../lib/gcc/arm-none-eabi/7.3.1/thumb/v7e-m/fpv4-sp/hard/crtbegin.o
LOAD c:/st/stm32cubeide_1.4.0/stm32cubeide/plugins/com.st.stm32cube.ide.mcu.externaltools.gnu-tools-for-stm32.7-2018-q2-update.win32_1.4.0.202007081208/tools/bin/../lib/gcc/arm-none-eabi/7.3.1/../../../../arm-none-eabi/lib/thumb/v7e-m/fpv4-sp/hard/crt0.o
LOAD Core/Src/can.o
LOAD Core/Src/dma.o
LOAD Core/Src/gpio.o
LOAD Core/Src/main.o
LOAD Core/Src/stm32f4xx_hal_msp.o
LOAD Core/Src/stm32f4xx_it.o
LOAD Core/Src/syscalls.o
LOAD Core/Src/sysmem.o
LOAD Core/Src/system_stm32f4xx.o
LOAD Core/Src/tim.o
LOAD Core/Src/usart.o
LOAD Core/Startup/startup_stm32f427iihx.o
LOAD Drivers/STM32F4xx_HAL_Driver/Src/stm32f4xx_hal.o
LOAD Drivers/STM32F4xx_HAL_Driver/Src/stm32f4xx_hal_can.o
LOAD Drivers/STM32F4xx_HAL_Driver/Src/stm32f4xx_hal_cortex.o
LOAD Drivers/STM32F4xx_HAL_Driver/Src/stm32f4xx_hal_dma.o
LOAD Drivers/STM32F4xx_HAL_Driver/Src/stm32f4xx_hal_dma_ex.o
LOAD Drivers/STM32F4xx_HAL_Driver/Src/stm32f4xx_hal_exti.o
LOAD Drivers/STM32F4xx_HAL_Driver/Src/stm32f4xx_hal_flash.o
LOAD Drivers/STM32F4xx_HAL_Driver/Src/stm32f4xx_hal_flash_ex.o
LOAD Drivers/STM32F4xx_HAL_Driver/Src/stm32f4xx_hal_flash_ramfunc.o
LOAD Drivers/STM32F4xx_HAL_Driver/Src/stm32f4xx_hal_gpio.o
LOAD Drivers/STM32F4xx_HAL_Driver/Src/stm32f4xx_hal_pwr.o
LOAD Drivers/STM32F4xx_HAL_Driver/Src/stm32f4xx_hal_pwr_ex.o
LOAD Drivers/STM32F4xx_HAL_Driver/Src/stm32f4xx_hal_rcc.o
LOAD Drivers/STM32F4xx_HAL_Driver/Src/stm32f4xx_hal_rcc_ex.o
LOAD Drivers/STM32F4xx_HAL_Driver/Src/stm32f4xx_hal_tim.o
LOAD Drivers/STM32F4xx_HAL_Driver/Src/stm32f4xx_hal_tim_ex.o
LOAD Drivers/STM32F4xx_HAL_Driver/Src/stm32f4xx_hal_uart.o
LOAD Mycode/LC_Nvic/lc_exit_nvic.o
LOAD Mycode/LC_Nvic/lc_pwm.o
LOAD Mycode/LC_Nvic/lc_tim_nvic.o
LOAD Mycode/LC_Nvic/lc_ws2812.o
LOAD lc_rm/source/bsp_can.o
LOAD lc_rm/source/bsp_usart.o
LOAD lc_rm/source/pid.o
LOAD lc_rm/source/robomaster_vcan.o
START GROUP
LOAD c:/st/stm32cubeide_1.4.0/stm32cubeide/plugins/com.st.stm32cube.ide.mcu.externaltools.gnu-tools-for-stm32.7-2018-q2-update.win32_1.4.0.202007081208/tools/bin/../lib/gcc/arm-none-eabi/7.3.1/../../../../arm-none-eabi/lib/thumb/v7e-m/fpv4-sp/hard\libc_nano.a
LOAD c:/st/stm32cubeide_1.4.0/stm32cubeide/plugins/com.st.stm32cube.ide.mcu.externaltools.gnu-tools-for-stm32.7-2018-q2-update.win32_1.4.0.202007081208/tools/bin/../lib/gcc/arm-none-eabi/7.3.1/../../../../arm-none-eabi/lib/thumb/v7e-m/fpv4-sp/hard\libm.a
END GROUP
START GROUP
LOAD c:/st/stm32cubeide_1.4.0/stm32cubeide/plugins/com.st.stm32cube.ide.mcu.externaltools.gnu-tools-for-stm32.7-2018-q2-update.win32_1.4.0.202007081208/tools/bin/../lib/gcc/arm-none-eabi/7.3.1/thumb/v7e-m/fpv4-sp/hard\libgcc.a
LOAD c:/st/stm32cubeide_1.4.0/stm32cubeide/plugins/com.st.stm32cube.ide.mcu.externaltools.gnu-tools-for-stm32.7-2018-q2-update.win32_1.4.0.202007081208/tools/bin/../lib/gcc/arm-none-eabi/7.3.1/../../../../arm-none-eabi/lib/thumb/v7e-m/fpv4-sp/hard\libc_nano.a
END GROUP
START GROUP
LOAD c:/st/stm32cubeide_1.4.0/stm32cubeide/plugins/com.st.stm32cube.ide.mcu.externaltools.gnu-tools-for-stm32.7-2018-q2-update.win32_1.4.0.202007081208/tools/bin/../lib/gcc/arm-none-eabi/7.3.1/thumb/v7e-m/fpv4-sp/hard\libgcc.a
LOAD c:/st/stm32cubeide_1.4.0/stm32cubeide/plugins/com.st.stm32cube.ide.mcu.externaltools.gnu-tools-for-stm32.7-2018-q2-update.win32_1.4.0.202007081208/tools/bin/../lib/gcc/arm-none-eabi/7.3.1/../../../../arm-none-eabi/lib/thumb/v7e-m/fpv4-sp/hard\libc_nano.a
LOAD c:/st/stm32cubeide_1.4.0/stm32cubeide/plugins/com.st.stm32cube.ide.mcu.externaltools.gnu-tools-for-stm32.7-2018-q2-update.win32_1.4.0.202007081208/tools/bin/../lib/gcc/arm-none-eabi/7.3.1/../../../../arm-none-eabi/lib/thumb/v7e-m/fpv4-sp/hard\libnosys.a
END GROUP
START GROUP
LOAD c:/st/stm32cubeide_1.4.0/stm32cubeide/plugins/com.st.stm32cube.ide.mcu.externaltools.gnu-tools-for-stm32.7-2018-q2-update.win32_1.4.0.202007081208/tools/bin/../lib/gcc/arm-none-eabi/7.3.1/thumb/v7e-m/fpv4-sp/hard\libgcc.a
LOAD c:/st/stm32cubeide_1.4.0/stm32cubeide/plugins/com.st.stm32cube.ide.mcu.externaltools.gnu-tools-for-stm32.7-2018-q2-update.win32_1.4.0.202007081208/tools/bin/../lib/gcc/arm-none-eabi/7.3.1/../../../../arm-none-eabi/lib/thumb/v7e-m/fpv4-sp/hard\libc_nano.a
LOAD c:/st/stm32cubeide_1.4.0/stm32cubeide/plugins/com.st.stm32cube.ide.mcu.externaltools.gnu-tools-for-stm32.7-2018-q2-update.win32_1.4.0.202007081208/tools/bin/../lib/gcc/arm-none-eabi/7.3.1/../../../../arm-none-eabi/lib/thumb/v7e-m/fpv4-sp/hard\libnosys.a
END GROUP
LOAD c:/st/stm32cubeide_1.4.0/stm32cubeide/plugins/com.st.stm32cube.ide.mcu.externaltools.gnu-tools-for-stm32.7-2018-q2-update.win32_1.4.0.202007081208/tools/bin/../lib/gcc/arm-none-eabi/7.3.1/thumb/v7e-m/fpv4-sp/hard/crtend.o
LOAD c:/st/stm32cubeide_1.4.0/stm32cubeide/plugins/com.st.stm32cube.ide.mcu.externaltools.gnu-tools-for-stm32.7-2018-q2-update.win32_1.4.0.202007081208/tools/bin/../lib/gcc/arm-none-eabi/7.3.1/thumb/v7e-m/fpv4-sp/hard/crtn.o
                0x0000000020030000                _estack = (ORIGIN (RAM) + LENGTH (RAM))
                0x0000000000000200                _Min_Heap_Size = 0x200
                0x0000000000000400                _Min_Stack_Size = 0x400

.isr_vector     0x0000000008000000      0x1ac
                0x0000000008000000                . = ALIGN (0x4)
 *(.isr_vector)
 .isr_vector    0x0000000008000000      0x1ac Core/Startup/startup_stm32f427iihx.o
                0x0000000008000000                g_pfnVectors
                0x00000000080001ac                . = ALIGN (0x4)

.text           0x00000000080001ac     0x6918
                0x00000000080001ac                . = ALIGN (0x4)
 *(.text)
 .text          0x00000000080001ac       0x40 c:/st/stm32cubeide_1.4.0/stm32cubeide/plugins/com.st.stm32cube.ide.mcu.externaltools.gnu-tools-for-stm32.7-2018-q2-update.win32_1.4.0.202007081208/tools/bin/../lib/gcc/arm-none-eabi/7.3.1/thumb/v7e-m/fpv4-sp/hard/crtbegin.o
 .text          0x00000000080001ec       0x30 c:/st/stm32cubeide_1.4.0/stm32cubeide/plugins/com.st.stm32cube.ide.mcu.externaltools.gnu-tools-for-stm32.7-2018-q2-update.win32_1.4.0.202007081208/tools/bin/../lib/gcc/arm-none-eabi/7.3.1/thumb/v7e-m/fpv4-sp/hard\libgcc.a(_aeabi_uldivmod.o)
                0x00000000080001ec                __aeabi_uldivmod
 .text          0x000000000800021c      0x2cc c:/st/stm32cubeide_1.4.0/stm32cubeide/plugins/com.st.stm32cube.ide.mcu.externaltools.gnu-tools-for-stm32.7-2018-q2-update.win32_1.4.0.202007081208/tools/bin/../lib/gcc/arm-none-eabi/7.3.1/thumb/v7e-m/fpv4-sp/hard\libgcc.a(_udivmoddi4.o)
                0x000000000800021c                __udivmoddi4
 .text          0x00000000080004e8        0x4 c:/st/stm32cubeide_1.4.0/stm32cubeide/plugins/com.st.stm32cube.ide.mcu.externaltools.gnu-tools-for-stm32.7-2018-q2-update.win32_1.4.0.202007081208/tools/bin/../lib/gcc/arm-none-eabi/7.3.1/thumb/v7e-m/fpv4-sp/hard\libgcc.a(_dvmd_tls.o)
                0x00000000080004e8                __aeabi_idiv0
                0x00000000080004e8                __aeabi_ldiv0
 *(.text*)
 .text.MX_CAN1_Init
                0x00000000080004ec       0x6c Core/Src/can.o
                0x00000000080004ec                MX_CAN1_Init
 .text.HAL_CAN_MspInit
                0x0000000008000558       0xb0 Core/Src/can.o
                0x0000000008000558                HAL_CAN_MspInit
 .text.MX_DMA_Init
                0x0000000008000608       0xa0 Core/Src/dma.o
                0x0000000008000608                MX_DMA_Init
 .text.MX_GPIO_Init
                0x00000000080006a8      0x244 Core/Src/gpio.o
                0x00000000080006a8                MX_GPIO_Init
 .text.main     0x00000000080008ec      0x10c Core/Src/main.o
                0x00000000080008ec                main
 .text.SystemClock_Config
                0x00000000080009f8       0xd4 Core/Src/main.o
                0x00000000080009f8                SystemClock_Config
 .text.Error_Handler
                0x0000000008000acc        0xe Core/Src/main.o
                0x0000000008000acc                Error_Handler
 *fill*         0x0000000008000ada        0x2 
 .text.HAL_MspInit
                0x0000000008000adc       0x50 Core/Src/stm32f4xx_hal_msp.o
                0x0000000008000adc                HAL_MspInit
 .text.NMI_Handler
                0x0000000008000b2c        0xe Core/Src/stm32f4xx_it.o
                0x0000000008000b2c                NMI_Handler
 .text.HardFault_Handler
                0x0000000008000b3a        0x6 Core/Src/stm32f4xx_it.o
                0x0000000008000b3a                HardFault_Handler
 .text.MemManage_Handler
                0x0000000008000b40        0x6 Core/Src/stm32f4xx_it.o
                0x0000000008000b40                MemManage_Handler
 .text.BusFault_Handler
                0x0000000008000b46        0x6 Core/Src/stm32f4xx_it.o
                0x0000000008000b46                BusFault_Handler
 .text.UsageFault_Handler
                0x0000000008000b4c        0x6 Core/Src/stm32f4xx_it.o
                0x0000000008000b4c                UsageFault_Handler
 .text.SVC_Handler
                0x0000000008000b52        0xe Core/Src/stm32f4xx_it.o
                0x0000000008000b52                SVC_Handler
 .text.DebugMon_Handler
                0x0000000008000b60        0xe Core/Src/stm32f4xx_it.o
                0x0000000008000b60                DebugMon_Handler
 .text.PendSV_Handler
                0x0000000008000b6e        0xe Core/Src/stm32f4xx_it.o
                0x0000000008000b6e                PendSV_Handler
 .text.SysTick_Handler
                0x0000000008000b7c        0xc Core/Src/stm32f4xx_it.o
                0x0000000008000b7c                SysTick_Handler
 .text.EXTI0_IRQHandler
                0x0000000008000b88        0xe Core/Src/stm32f4xx_it.o
                0x0000000008000b88                EXTI0_IRQHandler
 .text.EXTI1_IRQHandler
                0x0000000008000b96        0xe Core/Src/stm32f4xx_it.o
                0x0000000008000b96                EXTI1_IRQHandler
 .text.EXTI4_IRQHandler
                0x0000000008000ba4        0xe Core/Src/stm32f4xx_it.o
                0x0000000008000ba4                EXTI4_IRQHandler
 *fill*         0x0000000008000bb2        0x2 
 .text.CAN1_TX_IRQHandler
                0x0000000008000bb4       0x14 Core/Src/stm32f4xx_it.o
                0x0000000008000bb4                CAN1_TX_IRQHandler
 .text.CAN1_RX0_IRQHandler
                0x0000000008000bc8       0x14 Core/Src/stm32f4xx_it.o
                0x0000000008000bc8                CAN1_RX0_IRQHandler
 .text.EXTI9_5_IRQHandler
                0x0000000008000bdc       0x14 Core/Src/stm32f4xx_it.o
                0x0000000008000bdc                EXTI9_5_IRQHandler
 .text.TIM2_IRQHandler
                0x0000000008000bf0       0x14 Core/Src/stm32f4xx_it.o
                0x0000000008000bf0                TIM2_IRQHandler
 .text.USART1_IRQHandler
                0x0000000008000c04       0x14 Core/Src/stm32f4xx_it.o
                0x0000000008000c04                USART1_IRQHandler
 .text.DMA2_Stream1_IRQHandler
                0x0000000008000c18       0x14 Core/Src/stm32f4xx_it.o
                0x0000000008000c18                DMA2_Stream1_IRQHandler
 .text.DMA2_Stream2_IRQHandler
                0x0000000008000c2c       0x14 Core/Src/stm32f4xx_it.o
                0x0000000008000c2c                DMA2_Stream2_IRQHandler
 .text.DMA2_Stream3_IRQHandler
                0x0000000008000c40       0x14 Core/Src/stm32f4xx_it.o
                0x0000000008000c40                DMA2_Stream3_IRQHandler
 .text.DMA2_Stream4_IRQHandler
                0x0000000008000c54       0x14 Core/Src/stm32f4xx_it.o
                0x0000000008000c54                DMA2_Stream4_IRQHandler
 .text.DMA2_Stream5_IRQHandler
                0x0000000008000c68       0x14 Core/Src/stm32f4xx_it.o
                0x0000000008000c68                DMA2_Stream5_IRQHandler
 .text.DMA2_Stream6_IRQHandler
                0x0000000008000c7c       0x14 Core/Src/stm32f4xx_it.o
                0x0000000008000c7c                DMA2_Stream6_IRQHandler
 .text.DMA2_Stream7_IRQHandler
                0x0000000008000c90       0x14 Core/Src/stm32f4xx_it.o
                0x0000000008000c90                DMA2_Stream7_IRQHandler
 .text.SystemInit
                0x0000000008000ca4       0x2c Core/Src/system_stm32f4xx.o
                0x0000000008000ca4                SystemInit
 .text.MX_TIM1_Init
                0x0000000008000cd0      0x170 Core/Src/tim.o
                0x0000000008000cd0                MX_TIM1_Init
 .text.MX_TIM2_Init
                0x0000000008000e40       0x9c Core/Src/tim.o
                0x0000000008000e40                MX_TIM2_Init
 .text.MX_TIM8_Init
                0x0000000008000edc      0x170 Core/Src/tim.o
                0x0000000008000edc                MX_TIM8_Init
 .text.HAL_TIM_Base_MspInit
                0x000000000800104c      0x340 Core/Src/tim.o
                0x000000000800104c                HAL_TIM_Base_MspInit
 .text.HAL_TIM_MspPostInit
                0x000000000800138c      0x108 Core/Src/tim.o
                0x000000000800138c                HAL_TIM_MspPostInit
 .text.MX_UART8_Init
                0x0000000008001494       0x54 Core/Src/usart.o
                0x0000000008001494                MX_UART8_Init
 .text.MX_USART1_UART_Init
                0x00000000080014e8       0x54 Core/Src/usart.o
                0x00000000080014e8                MX_USART1_UART_Init
 .text.HAL_UART_MspInit
                0x000000000800153c      0x170 Core/Src/usart.o
                0x000000000800153c                HAL_UART_MspInit
 .text.Reset_Handler
                0x00000000080016ac       0x50 Core/Startup/startup_stm32f427iihx.o
                0x00000000080016ac                Reset_Handler
 .text.Default_Handler
                0x00000000080016fc        0x2 Core/Startup/startup_stm32f427iihx.o
                0x00000000080016fc                RTC_Alarm_IRQHandler
                0x00000000080016fc                HASH_RNG_IRQHandler
                0x00000000080016fc                EXTI2_IRQHandler
                0x00000000080016fc                TIM8_CC_IRQHandler
                0x00000000080016fc                UART8_IRQHandler
                0x00000000080016fc                SPI4_IRQHandler
                0x00000000080016fc                TIM1_CC_IRQHandler
                0x00000000080016fc                DMA1_Stream5_IRQHandler
                0x00000000080016fc                PVD_IRQHandler
                0x00000000080016fc                SDIO_IRQHandler
                0x00000000080016fc                TAMP_STAMP_IRQHandler
                0x00000000080016fc                CAN2_RX1_IRQHandler
                0x00000000080016fc                EXTI3_IRQHandler
                0x00000000080016fc                TIM8_TRG_COM_TIM14_IRQHandler
                0x00000000080016fc                TIM1_UP_TIM10_IRQHandler
                0x00000000080016fc                TIM8_UP_TIM13_IRQHandler
                0x00000000080016fc                I2C3_ER_IRQHandler
                0x00000000080016fc                I2C2_EV_IRQHandler
                0x00000000080016fc                DMA1_Stream2_IRQHandler
                0x00000000080016fc                FPU_IRQHandler
                0x00000000080016fc                OTG_HS_WKUP_IRQHandler
                0x00000000080016fc                CAN2_SCE_IRQHandler
                0x00000000080016fc                SPI1_IRQHandler
                0x00000000080016fc                TIM6_DAC_IRQHandler
                0x00000000080016fc                TIM1_BRK_TIM9_IRQHandler
                0x00000000080016fc                DCMI_IRQHandler
                0x00000000080016fc                CAN2_RX0_IRQHandler
                0x00000000080016fc                USART6_IRQHandler
                0x00000000080016fc                USART3_IRQHandler
                0x00000000080016fc                CAN1_RX1_IRQHandler
                0x00000000080016fc                UART5_IRQHandler
                0x00000000080016fc                DMA2_Stream0_IRQHandler
                0x00000000080016fc                TIM4_IRQHandler
                0x00000000080016fc                I2C1_EV_IRQHandler
                0x00000000080016fc                DMA1_Stream6_IRQHandler
                0x00000000080016fc                DMA1_Stream1_IRQHandler
                0x00000000080016fc                UART4_IRQHandler
                0x00000000080016fc                TIM3_IRQHandler
                0x00000000080016fc                RCC_IRQHandler
                0x00000000080016fc                TIM8_BRK_TIM12_IRQHandler
                0x00000000080016fc                Default_Handler
                0x00000000080016fc                EXTI15_10_IRQHandler
                0x00000000080016fc                ADC_IRQHandler
                0x00000000080016fc                DMA1_Stream7_IRQHandler
                0x00000000080016fc                SPI5_IRQHandler
                0x00000000080016fc                TIM7_IRQHandler
                0x00000000080016fc                CAN2_TX_IRQHandler
                0x00000000080016fc                TIM5_IRQHandler
                0x00000000080016fc                I2C3_EV_IRQHandler
                0x00000000080016fc                RTC_WKUP_IRQHandler
                0x00000000080016fc                ETH_WKUP_IRQHandler
                0x00000000080016fc                SPI2_IRQHandler
                0x00000000080016fc                OTG_HS_EP1_IN_IRQHandler
                0x00000000080016fc                DMA1_Stream0_IRQHandler
                0x00000000080016fc                ETH_IRQHandler
                0x00000000080016fc                OTG_HS_EP1_OUT_IRQHandler
                0x00000000080016fc                WWDG_IRQHandler
                0x00000000080016fc                SPI6_IRQHandler
                0x00000000080016fc                OTG_FS_WKUP_IRQHandler
                0x00000000080016fc                TIM1_TRG_COM_TIM11_IRQHandler
                0x00000000080016fc                OTG_HS_IRQHandler
                0x00000000080016fc                DMA2D_IRQHandler
                0x00000000080016fc                UART7_IRQHandler
                0x00000000080016fc                USART2_IRQHandler
                0x00000000080016fc                I2C2_ER_IRQHandler
                0x00000000080016fc                CAN1_SCE_IRQHandler
                0x00000000080016fc                FLASH_IRQHandler
                0x00000000080016fc                OTG_FS_IRQHandler
                0x00000000080016fc                SPI3_IRQHandler
                0x00000000080016fc                DMA1_Stream4_IRQHandler
                0x00000000080016fc                I2C1_ER_IRQHandler
                0x00000000080016fc                FMC_IRQHandler
                0x00000000080016fc                SAI1_IRQHandler
                0x00000000080016fc                DMA1_Stream3_IRQHandler
 *fill*         0x00000000080016fe        0x2 
 .text.HAL_Init
                0x0000000008001700       0x44 Drivers/STM32F4xx_HAL_Driver/Src/stm32f4xx_hal.o
                0x0000000008001700                HAL_Init
 .text.HAL_InitTick
                0x0000000008001744       0x60 Drivers/STM32F4xx_HAL_Driver/Src/stm32f4xx_hal.o
                0x0000000008001744                HAL_InitTick
 .text.HAL_IncTick
                0x00000000080017a4       0x28 Drivers/STM32F4xx_HAL_Driver/Src/stm32f4xx_hal.o
                0x00000000080017a4                HAL_IncTick
 .text.HAL_GetTick
                0x00000000080017cc       0x18 Drivers/STM32F4xx_HAL_Driver/Src/stm32f4xx_hal.o
                0x00000000080017cc                HAL_GetTick
 .text.HAL_Delay
                0x00000000080017e4       0x44 Drivers/STM32F4xx_HAL_Driver/Src/stm32f4xx_hal.o
                0x00000000080017e4                HAL_Delay
 .text.HAL_CAN_Init
                0x0000000008001828      0x1f6 Drivers/STM32F4xx_HAL_Driver/Src/stm32f4xx_hal_can.o
                0x0000000008001828                HAL_CAN_Init
 *fill*         0x0000000008001a1e        0x2 
 .text.HAL_CAN_ConfigFilter
                0x0000000008001a20      0x1c0 Drivers/STM32F4xx_HAL_Driver/Src/stm32f4xx_hal_can.o
                0x0000000008001a20                HAL_CAN_ConfigFilter
 .text.HAL_CAN_Start
                0x0000000008001be0       0x88 Drivers/STM32F4xx_HAL_Driver/Src/stm32f4xx_hal_can.o
                0x0000000008001be0                HAL_CAN_Start
 .text.HAL_CAN_AddTxMessage
                0x0000000008001c68      0x1b6 Drivers/STM32F4xx_HAL_Driver/Src/stm32f4xx_hal_can.o
                0x0000000008001c68                HAL_CAN_AddTxMessage
 .text.HAL_CAN_GetRxMessage
                0x0000000008001e1e      0x224 Drivers/STM32F4xx_HAL_Driver/Src/stm32f4xx_hal_can.o
                0x0000000008001e1e                HAL_CAN_GetRxMessage
 .text.HAL_CAN_ActivateNotification
                0x0000000008002042       0x4c Drivers/STM32F4xx_HAL_Driver/Src/stm32f4xx_hal_can.o
                0x0000000008002042                HAL_CAN_ActivateNotification
 .text.HAL_CAN_IRQHandler
                0x000000000800208e      0x362 Drivers/STM32F4xx_HAL_Driver/Src/stm32f4xx_hal_can.o
                0x000000000800208e                HAL_CAN_IRQHandler
 .text.HAL_CAN_TxMailbox0CompleteCallback
                0x00000000080023f0       0x14 Drivers/STM32F4xx_HAL_Driver/Src/stm32f4xx_hal_can.o
                0x00000000080023f0                HAL_CAN_TxMailbox0CompleteCallback
 .text.HAL_CAN_TxMailbox1CompleteCallback
                0x0000000008002404       0x14 Drivers/STM32F4xx_HAL_Driver/Src/stm32f4xx_hal_can.o
                0x0000000008002404                HAL_CAN_TxMailbox1CompleteCallback
 .text.HAL_CAN_TxMailbox2CompleteCallback
                0x0000000008002418       0x14 Drivers/STM32F4xx_HAL_Driver/Src/stm32f4xx_hal_can.o
                0x0000000008002418                HAL_CAN_TxMailbox2CompleteCallback
 .text.HAL_CAN_TxMailbox0AbortCallback
                0x000000000800242c       0x14 Drivers/STM32F4xx_HAL_Driver/Src/stm32f4xx_hal_can.o
                0x000000000800242c                HAL_CAN_TxMailbox0AbortCallback
 .text.HAL_CAN_TxMailbox1AbortCallback
                0x0000000008002440       0x14 Drivers/STM32F4xx_HAL_Driver/Src/stm32f4xx_hal_can.o
                0x0000000008002440                HAL_CAN_TxMailbox1AbortCallback
 .text.HAL_CAN_TxMailbox2AbortCallback
                0x0000000008002454       0x14 Drivers/STM32F4xx_HAL_Driver/Src/stm32f4xx_hal_can.o
                0x0000000008002454                HAL_CAN_TxMailbox2AbortCallback
 .text.HAL_CAN_RxFifo0FullCallback
                0x0000000008002468       0x14 Drivers/STM32F4xx_HAL_Driver/Src/stm32f4xx_hal_can.o
                0x0000000008002468                HAL_CAN_RxFifo0FullCallback
 .text.HAL_CAN_RxFifo1MsgPendingCallback
                0x000000000800247c       0x14 Drivers/STM32F4xx_HAL_Driver/Src/stm32f4xx_hal_can.o
                0x000000000800247c                HAL_CAN_RxFifo1MsgPendingCallback
 .text.HAL_CAN_RxFifo1FullCallback
                0x0000000008002490       0x14 Drivers/STM32F4xx_HAL_Driver/Src/stm32f4xx_hal_can.o
                0x0000000008002490                HAL_CAN_RxFifo1FullCallback
 .text.HAL_CAN_SleepCallback
                0x00000000080024a4       0x14 Drivers/STM32F4xx_HAL_Driver/Src/stm32f4xx_hal_can.o
                0x00000000080024a4                HAL_CAN_SleepCallback
 .text.HAL_CAN_WakeUpFromRxMsgCallback
                0x00000000080024b8       0x14 Drivers/STM32F4xx_HAL_Driver/Src/stm32f4xx_hal_can.o
                0x00000000080024b8                HAL_CAN_WakeUpFromRxMsgCallback
 .text.HAL_CAN_ErrorCallback
                0x00000000080024cc       0x14 Drivers/STM32F4xx_HAL_Driver/Src/stm32f4xx_hal_can.o
                0x00000000080024cc                HAL_CAN_ErrorCallback
 .text.__NVIC_SetPriorityGrouping
                0x00000000080024e0       0x48 Drivers/STM32F4xx_HAL_Driver/Src/stm32f4xx_hal_cortex.o
 .text.__NVIC_GetPriorityGrouping
                0x0000000008002528       0x1c Drivers/STM32F4xx_HAL_Driver/Src/stm32f4xx_hal_cortex.o
 .text.__NVIC_EnableIRQ
                0x0000000008002544       0x3c Drivers/STM32F4xx_HAL_Driver/Src/stm32f4xx_hal_cortex.o
 .text.__NVIC_SetPriority
                0x0000000008002580       0x54 Drivers/STM32F4xx_HAL_Driver/Src/stm32f4xx_hal_cortex.o
 .text.NVIC_EncodePriority
                0x00000000080025d4       0x66 Drivers/STM32F4xx_HAL_Driver/Src/stm32f4xx_hal_cortex.o
 *fill*         0x000000000800263a        0x2 
 .text.SysTick_Config
                0x000000000800263c       0x44 Drivers/STM32F4xx_HAL_Driver/Src/stm32f4xx_hal_cortex.o
 .text.HAL_NVIC_SetPriorityGrouping
                0x0000000008002680       0x16 Drivers/STM32F4xx_HAL_Driver/Src/stm32f4xx_hal_cortex.o
                0x0000000008002680                HAL_NVIC_SetPriorityGrouping
 .text.HAL_NVIC_SetPriority
                0x0000000008002696       0x38 Drivers/STM32F4xx_HAL_Driver/Src/stm32f4xx_hal_cortex.o
                0x0000000008002696                HAL_NVIC_SetPriority
 .text.HAL_NVIC_EnableIRQ
                0x00000000080026ce       0x1c Drivers/STM32F4xx_HAL_Driver/Src/stm32f4xx_hal_cortex.o
                0x00000000080026ce                HAL_NVIC_EnableIRQ
 .text.HAL_SYSTICK_Config
                0x00000000080026ea       0x18 Drivers/STM32F4xx_HAL_Driver/Src/stm32f4xx_hal_cortex.o
                0x00000000080026ea                HAL_SYSTICK_Config
 *fill*         0x0000000008002702        0x2 
 .text.HAL_DMA_Init
                0x0000000008002704      0x15c Drivers/STM32F4xx_HAL_Driver/Src/stm32f4xx_hal_dma.o
                0x0000000008002704                HAL_DMA_Init
 .text.HAL_DMA_Start_IT
                0x0000000008002860       0xb0 Drivers/STM32F4xx_HAL_Driver/Src/stm32f4xx_hal_dma.o
                0x0000000008002860                HAL_DMA_Start_IT
 .text.HAL_DMA_Abort_IT
                0x0000000008002910       0x44 Drivers/STM32F4xx_HAL_Driver/Src/stm32f4xx_hal_dma.o
                0x0000000008002910                HAL_DMA_Abort_IT
 .text.HAL_DMA_IRQHandler
                0x0000000008002954      0x314 Drivers/STM32F4xx_HAL_Driver/Src/stm32f4xx_hal_dma.o
                0x0000000008002954                HAL_DMA_IRQHandler
 .text.DMA_SetConfig
                0x0000000008002c68       0x5c Drivers/STM32F4xx_HAL_Driver/Src/stm32f4xx_hal_dma.o
 .text.DMA_CalcBaseAndBitshift
                0x0000000008002cc4       0x6c Drivers/STM32F4xx_HAL_Driver/Src/stm32f4xx_hal_dma.o
 .text.DMA_CheckFifoParam
                0x0000000008002d30       0xf4 Drivers/STM32F4xx_HAL_Driver/Src/stm32f4xx_hal_dma.o
 .text.HAL_GPIO_Init
                0x0000000008002e24      0x354 Drivers/STM32F4xx_HAL_Driver/Src/stm32f4xx_hal_gpio.o
                0x0000000008002e24                HAL_GPIO_Init
 .text.HAL_GPIO_WritePin
                0x0000000008003178       0x32 Drivers/STM32F4xx_HAL_Driver/Src/stm32f4xx_hal_gpio.o
                0x0000000008003178                HAL_GPIO_WritePin
 .text.HAL_GPIO_TogglePin
                0x00000000080031aa       0x36 Drivers/STM32F4xx_HAL_Driver/Src/stm32f4xx_hal_gpio.o
                0x00000000080031aa                HAL_GPIO_TogglePin
 .text.HAL_GPIO_EXTI_IRQHandler
                0x00000000080031e0       0x30 Drivers/STM32F4xx_HAL_Driver/Src/stm32f4xx_hal_gpio.o
                0x00000000080031e0                HAL_GPIO_EXTI_IRQHandler
 .text.HAL_RCC_OscConfig
                0x0000000008003210      0x4e0 Drivers/STM32F4xx_HAL_Driver/Src/stm32f4xx_hal_rcc.o
                0x0000000008003210                HAL_RCC_OscConfig
 .text.HAL_RCC_ClockConfig
                0x00000000080036f0      0x1cc Drivers/STM32F4xx_HAL_Driver/Src/stm32f4xx_hal_rcc.o
                0x00000000080036f0                HAL_RCC_ClockConfig
 .text.HAL_RCC_GetSysClockFreq
                0x00000000080038bc      0x164 Drivers/STM32F4xx_HAL_Driver/Src/stm32f4xx_hal_rcc.o
                0x00000000080038bc                HAL_RCC_GetSysClockFreq
 .text.HAL_RCC_GetHCLKFreq
                0x0000000008003a20       0x18 Drivers/STM32F4xx_HAL_Driver/Src/stm32f4xx_hal_rcc.o
                0x0000000008003a20                HAL_RCC_GetHCLKFreq
 .text.HAL_RCC_GetPCLK1Freq
                0x0000000008003a38       0x28 Drivers/STM32F4xx_HAL_Driver/Src/stm32f4xx_hal_rcc.o
                0x0000000008003a38                HAL_RCC_GetPCLK1Freq
 .text.HAL_RCC_GetPCLK2Freq
                0x0000000008003a60       0x28 Drivers/STM32F4xx_HAL_Driver/Src/stm32f4xx_hal_rcc.o
                0x0000000008003a60                HAL_RCC_GetPCLK2Freq
 .text.HAL_TIM_Base_Init
                0x0000000008003a88       0x56 Drivers/STM32F4xx_HAL_Driver/Src/stm32f4xx_hal_tim.o
                0x0000000008003a88                HAL_TIM_Base_Init
 .text.HAL_TIM_PWM_Init
                0x0000000008003ade       0x56 Drivers/STM32F4xx_HAL_Driver/Src/stm32f4xx_hal_tim.o
                0x0000000008003ade                HAL_TIM_PWM_Init
 .text.HAL_TIM_PWM_MspInit
                0x0000000008003b34       0x14 Drivers/STM32F4xx_HAL_Driver/Src/stm32f4xx_hal_tim.o
                0x0000000008003b34                HAL_TIM_PWM_MspInit
 .text.HAL_TIM_PWM_Start
                0x0000000008003b48       0x7c Drivers/STM32F4xx_HAL_Driver/Src/stm32f4xx_hal_tim.o
                0x0000000008003b48                HAL_TIM_PWM_Start
 .text.HAL_TIM_PWM_Start_DMA
                0x0000000008003bc4      0x224 Drivers/STM32F4xx_HAL_Driver/Src/stm32f4xx_hal_tim.o
                0x0000000008003bc4                HAL_TIM_PWM_Start_DMA
 .text.HAL_TIM_PWM_Stop_DMA
                0x0000000008003de8      0x164 Drivers/STM32F4xx_HAL_Driver/Src/stm32f4xx_hal_tim.o
                0x0000000008003de8                HAL_TIM_PWM_Stop_DMA
 .text.HAL_TIM_IRQHandler
                0x0000000008003f4c      0x210 Drivers/STM32F4xx_HAL_Driver/Src/stm32f4xx_hal_tim.o
                0x0000000008003f4c                HAL_TIM_IRQHandler
 .text.HAL_TIM_PWM_ConfigChannel
                0x000000000800415c      0x18c Drivers/STM32F4xx_HAL_Driver/Src/stm32f4xx_hal_tim.o
                0x000000000800415c                HAL_TIM_PWM_ConfigChannel
 .text.HAL_TIM_ConfigClockSource
                0x00000000080042e8      0x16e Drivers/STM32F4xx_HAL_Driver/Src/stm32f4xx_hal_tim.o
                0x00000000080042e8                HAL_TIM_ConfigClockSource
 .text.HAL_TIM_OC_DelayElapsedCallback
                0x0000000008004456       0x14 Drivers/STM32F4xx_HAL_Driver/Src/stm32f4xx_hal_tim.o
                0x0000000008004456                HAL_TIM_OC_DelayElapsedCallback
 .text.HAL_TIM_IC_CaptureCallback
                0x000000000800446a       0x14 Drivers/STM32F4xx_HAL_Driver/Src/stm32f4xx_hal_tim.o
                0x000000000800446a                HAL_TIM_IC_CaptureCallback
 .text.HAL_TIM_PWM_PulseFinishedHalfCpltCallback
                0x000000000800447e       0x14 Drivers/STM32F4xx_HAL_Driver/Src/stm32f4xx_hal_tim.o
                0x000000000800447e                HAL_TIM_PWM_PulseFinishedHalfCpltCallback
 .text.HAL_TIM_TriggerCallback
                0x0000000008004492       0x14 Drivers/STM32F4xx_HAL_Driver/Src/stm32f4xx_hal_tim.o
                0x0000000008004492                HAL_TIM_TriggerCallback
 .text.HAL_TIM_ErrorCallback
                0x00000000080044a6       0x14 Drivers/STM32F4xx_HAL_Driver/Src/stm32f4xx_hal_tim.o
                0x00000000080044a6                HAL_TIM_ErrorCallback
 .text.TIM_DMAError
                0x00000000080044ba       0x24 Drivers/STM32F4xx_HAL_Driver/Src/stm32f4xx_hal_tim.o
                0x00000000080044ba                TIM_DMAError
 .text.TIM_DMADelayPulseCplt
                0x00000000080044de       0x70 Drivers/STM32F4xx_HAL_Driver/Src/stm32f4xx_hal_tim.o
                0x00000000080044de                TIM_DMADelayPulseCplt
 .text.TIM_DMADelayPulseHalfCplt
                0x000000000800454e       0x70 Drivers/STM32F4xx_HAL_Driver/Src/stm32f4xx_hal_tim.o
                0x000000000800454e                TIM_DMADelayPulseHalfCplt
 *fill*         0x00000000080045be        0x2 
 .text.TIM_Base_SetConfig
                0x00000000080045c0      0x140 Drivers/STM32F4xx_HAL_Driver/Src/stm32f4xx_hal_tim.o
                0x00000000080045c0                TIM_Base_SetConfig
 .text.TIM_OC1_SetConfig
                0x0000000008004700       0xe0 Drivers/STM32F4xx_HAL_Driver/Src/stm32f4xx_hal_tim.o
 .text.TIM_OC2_SetConfig
                0x00000000080047e0       0xec Drivers/STM32F4xx_HAL_Driver/Src/stm32f4xx_hal_tim.o
                0x00000000080047e0                TIM_OC2_SetConfig
 .text.TIM_OC3_SetConfig
                0x00000000080048cc       0xe8 Drivers/STM32F4xx_HAL_Driver/Src/stm32f4xx_hal_tim.o
 .text.TIM_OC4_SetConfig
                0x00000000080049b4       0xac Drivers/STM32F4xx_HAL_Driver/Src/stm32f4xx_hal_tim.o
 .text.TIM_TI1_ConfigInputStage
                0x0000000008004a60       0x5e Drivers/STM32F4xx_HAL_Driver/Src/stm32f4xx_hal_tim.o
 .text.TIM_TI2_ConfigInputStage
                0x0000000008004abe       0x60 Drivers/STM32F4xx_HAL_Driver/Src/stm32f4xx_hal_tim.o
 .text.TIM_ITRx_SetConfig
                0x0000000008004b1e       0x36 Drivers/STM32F4xx_HAL_Driver/Src/stm32f4xx_hal_tim.o
 .text.TIM_ETR_SetConfig
                0x0000000008004b54       0x40 Drivers/STM32F4xx_HAL_Driver/Src/stm32f4xx_hal_tim.o
                0x0000000008004b54                TIM_ETR_SetConfig
 .text.TIM_CCxChannelCmd
                0x0000000008004b94       0x4a Drivers/STM32F4xx_HAL_Driver/Src/stm32f4xx_hal_tim.o
                0x0000000008004b94                TIM_CCxChannelCmd
 *fill*         0x0000000008004bde        0x2 
 .text.HAL_TIMEx_MasterConfigSynchronization
                0x0000000008004be0       0xf8 Drivers/STM32F4xx_HAL_Driver/Src/stm32f4xx_hal_tim_ex.o
                0x0000000008004be0                HAL_TIMEx_MasterConfigSynchronization
 .text.HAL_TIMEx_ConfigBreakDeadTime
                0x0000000008004cd8       0xa4 Drivers/STM32F4xx_HAL_Driver/Src/stm32f4xx_hal_tim_ex.o
                0x0000000008004cd8                HAL_TIMEx_ConfigBreakDeadTime
 .text.HAL_TIMEx_CommutCallback
                0x0000000008004d7c       0x14 Drivers/STM32F4xx_HAL_Driver/Src/stm32f4xx_hal_tim_ex.o
                0x0000000008004d7c                HAL_TIMEx_CommutCallback
 .text.HAL_TIMEx_BreakCallback
                0x0000000008004d90       0x14 Drivers/STM32F4xx_HAL_Driver/Src/stm32f4xx_hal_tim_ex.o
                0x0000000008004d90                HAL_TIMEx_BreakCallback
 .text.HAL_UART_Init
                0x0000000008004da4       0x9a Drivers/STM32F4xx_HAL_Driver/Src/stm32f4xx_hal_uart.o
                0x0000000008004da4                HAL_UART_Init
 *fill*         0x0000000008004e3e        0x2 
 .text.HAL_UART_IRQHandler
                0x0000000008004e40      0x200 Drivers/STM32F4xx_HAL_Driver/Src/stm32f4xx_hal_uart.o
                0x0000000008004e40                HAL_UART_IRQHandler
 .text.HAL_UART_TxCpltCallback
                0x0000000008005040       0x14 Drivers/STM32F4xx_HAL_Driver/Src/stm32f4xx_hal_uart.o
                0x0000000008005040                HAL_UART_TxCpltCallback
 .text.HAL_UART_RxCpltCallback
                0x0000000008005054       0x14 Drivers/STM32F4xx_HAL_Driver/Src/stm32f4xx_hal_uart.o
                0x0000000008005054                HAL_UART_RxCpltCallback
 .text.HAL_UART_ErrorCallback
                0x0000000008005068       0x14 Drivers/STM32F4xx_HAL_Driver/Src/stm32f4xx_hal_uart.o
                0x0000000008005068                HAL_UART_ErrorCallback
 .text.UART_EndRxTransfer
                0x000000000800507c       0x3c Drivers/STM32F4xx_HAL_Driver/Src/stm32f4xx_hal_uart.o
 .text.UART_DMAAbortOnError
                0x00000000080050b8       0x28 Drivers/STM32F4xx_HAL_Driver/Src/stm32f4xx_hal_uart.o
 .text.UART_Transmit_IT
                0x00000000080050e0       0xac Drivers/STM32F4xx_HAL_Driver/Src/stm32f4xx_hal_uart.o
 .text.UART_EndTransmit_IT
                0x000000000800518c       0x30 Drivers/STM32F4xx_HAL_Driver/Src/stm32f4xx_hal_uart.o
 .text.UART_Receive_IT
                0x00000000080051bc      0x102 Drivers/STM32F4xx_HAL_Driver/Src/stm32f4xx_hal_uart.o
 *fill*         0x00000000080052be        0x2 
 .text.UART_SetConfig
                0x00000000080052c0      0x6f8 Drivers/STM32F4xx_HAL_Driver/Src/stm32f4xx_hal_uart.o
 .text.GPIO_State_Init
                0x00000000080059b8       0x4c Mycode/LC_Nvic/lc_exit_nvic.o
                0x00000000080059b8                GPIO_State_Init
 .text.GPIO_State_Open
                0x0000000008005a04       0x4c Mycode/LC_Nvic/lc_exit_nvic.o
                0x0000000008005a04                GPIO_State_Open
 .text.HAL_GPIO_EXTI_Callback
                0x0000000008005a50      0x22c Mycode/LC_Nvic/lc_exit_nvic.o
                0x0000000008005a50                HAL_GPIO_EXTI_Callback
 .text.LC_Pwm_Init
                0x0000000008005c7c       0x40 Mycode/LC_Nvic/lc_pwm.o
                0x0000000008005c7c                LC_Pwm_Init
 .text.HAL_TIM_PeriodElapsedCallback
                0x0000000008005cbc      0x148 Mycode/LC_Nvic/lc_tim_nvic.o
                0x0000000008005cbc                HAL_TIM_PeriodElapsedCallback
 .text.LC_Ws2812_Init
                0x0000000008005e04       0x14 Mycode/LC_Nvic/lc_ws2812.o
                0x0000000008005e04                LC_Ws2812_Init
 .text.ws2812_set_RGB_data_Init
                0x0000000008005e18       0xd8 Mycode/LC_Nvic/lc_ws2812.o
                0x0000000008005e18                ws2812_set_RGB_data_Init
 .text.ws2812_set_RGB_rst_Init
                0x0000000008005ef0       0xbc Mycode/LC_Nvic/lc_ws2812.o
                0x0000000008005ef0                ws2812_set_RGB_rst_Init
 .text.Middle_Array_Init
                0x0000000008005fac      0x134 Mycode/LC_Nvic/lc_ws2812.o
                0x0000000008005fac                Middle_Array_Init
 .text.Middle_Data_combination
                0x00000000080060e0       0xf0 Mycode/LC_Nvic/lc_ws2812.o
                0x00000000080060e0                Middle_Data_combination
 .text.ws2812_Middle_Data_fill
                0x00000000080061d0       0xf8 Mycode/LC_Nvic/lc_ws2812.o
                0x00000000080061d0                ws2812_Middle_Data_fill
 .text.ws2812_frame_send
                0x00000000080062c8       0x44 Mycode/LC_Nvic/lc_ws2812.o
                0x00000000080062c8                ws2812_frame_send
 .text.ws2812_middle_send
                0x000000000800630c       0x44 Mycode/LC_Nvic/lc_ws2812.o
                0x000000000800630c                ws2812_middle_send
 .text.ws2812_rst_send
                0x0000000008006350       0x24 Mycode/LC_Nvic/lc_ws2812.o
                0x0000000008006350                ws2812_rst_send
 .text.array_set_init
                0x0000000008006374       0x60 Mycode/LC_Nvic/lc_ws2812.o
                0x0000000008006374                array_set_init
 .text.array_set_rst
                0x00000000080063d4       0x32 Mycode/LC_Nvic/lc_ws2812.o
                0x00000000080063d4                array_set_rst
 *fill*         0x0000000008006406        0x2 
 .text.HAL_TIM_PWM_PulseFinishedCallback
                0x0000000008006408       0xdc Mycode/LC_Nvic/lc_ws2812.o
                0x0000000008006408                HAL_TIM_PWM_PulseFinishedCallback
 .text.can_user_init
                0x00000000080064e4       0x52 lc_rm/source/bsp_can.o
                0x00000000080064e4                can_user_init
 *fill*         0x0000000008006536        0x2 
 .text.HAL_CAN_RxFifo0MsgPendingCallback
                0x0000000008006538      0x110 lc_rm/source/bsp_can.o
                0x0000000008006538                HAL_CAN_RxFifo0MsgPendingCallback
 .text.set_motor_voltage
                0x0000000008006648       0xb0 lc_rm/source/bsp_can.o
                0x0000000008006648                set_motor_voltage
 .text.pid_init
                0x00000000080066f8       0x58 lc_rm/source/pid.o
                0x00000000080066f8                pid_init
 .text.pid_calc
                0x0000000008006750      0x304 lc_rm/source/pid.o
                0x0000000008006750                pid_calc
 .text.__libc_init_array
                0x0000000008006a54       0x48 c:/st/stm32cubeide_1.4.0/stm32cubeide/plugins/com.st.stm32cube.ide.mcu.externaltools.gnu-tools-for-stm32.7-2018-q2-update.win32_1.4.0.202007081208/tools/bin/../lib/gcc/arm-none-eabi/7.3.1/../../../../arm-none-eabi/lib/thumb/v7e-m/fpv4-sp/hard\libc_nano.a(lib_a-init.o)
                0x0000000008006a54                __libc_init_array
 .text.memset   0x0000000008006a9c       0x10 c:/st/stm32cubeide_1.4.0/stm32cubeide/plugins/com.st.stm32cube.ide.mcu.externaltools.gnu-tools-for-stm32.7-2018-q2-update.win32_1.4.0.202007081208/tools/bin/../lib/gcc/arm-none-eabi/7.3.1/../../../../arm-none-eabi/lib/thumb/v7e-m/fpv4-sp/hard\libc_nano.a(lib_a-memset.o)
                0x0000000008006a9c                memset
 *(.glue_7)
 .glue_7        0x0000000008006aac        0x0 linker stubs
 *(.glue_7t)
 .glue_7t       0x0000000008006aac        0x0 linker stubs
 *(.eh_frame)
 .eh_frame      0x0000000008006aac        0x0 c:/st/stm32cubeide_1.4.0/stm32cubeide/plugins/com.st.stm32cube.ide.mcu.externaltools.gnu-tools-for-stm32.7-2018-q2-update.win32_1.4.0.202007081208/tools/bin/../lib/gcc/arm-none-eabi/7.3.1/thumb/v7e-m/fpv4-sp/hard/crtbegin.o
 *(.init)
 .init          0x0000000008006aac        0x4 c:/st/stm32cubeide_1.4.0/stm32cubeide/plugins/com.st.stm32cube.ide.mcu.externaltools.gnu-tools-for-stm32.7-2018-q2-update.win32_1.4.0.202007081208/tools/bin/../lib/gcc/arm-none-eabi/7.3.1/thumb/v7e-m/fpv4-sp/hard/crti.o
                0x0000000008006aac                _init
 .init          0x0000000008006ab0        0x8 c:/st/stm32cubeide_1.4.0/stm32cubeide/plugins/com.st.stm32cube.ide.mcu.externaltools.gnu-tools-for-stm32.7-2018-q2-update.win32_1.4.0.202007081208/tools/bin/../lib/gcc/arm-none-eabi/7.3.1/thumb/v7e-m/fpv4-sp/hard/crtn.o
 *(.fini)
 .fini          0x0000000008006ab8        0x4 c:/st/stm32cubeide_1.4.0/stm32cubeide/plugins/com.st.stm32cube.ide.mcu.externaltools.gnu-tools-for-stm32.7-2018-q2-update.win32_1.4.0.202007081208/tools/bin/../lib/gcc/arm-none-eabi/7.3.1/thumb/v7e-m/fpv4-sp/hard/crti.o
                0x0000000008006ab8                _fini
 .fini          0x0000000008006abc        0x8 c:/st/stm32cubeide_1.4.0/stm32cubeide/plugins/com.st.stm32cube.ide.mcu.externaltools.gnu-tools-for-stm32.7-2018-q2-update.win32_1.4.0.202007081208/tools/bin/../lib/gcc/arm-none-eabi/7.3.1/thumb/v7e-m/fpv4-sp/hard/crtn.o
                0x0000000008006ac4                . = ALIGN (0x4)
                0x0000000008006ac4                _etext = .

.vfp11_veneer   0x0000000008006ac4        0x0
 .vfp11_veneer  0x0000000008006ac4        0x0 linker stubs

.v4_bx          0x0000000008006ac4        0x0
 .v4_bx         0x0000000008006ac4        0x0 linker stubs

.iplt           0x0000000008006ac4        0x0
 .iplt          0x0000000008006ac4        0x0 c:/st/stm32cubeide_1.4.0/stm32cubeide/plugins/com.st.stm32cube.ide.mcu.externaltools.gnu-tools-for-stm32.7-2018-q2-update.win32_1.4.0.202007081208/tools/bin/../lib/gcc/arm-none-eabi/7.3.1/thumb/v7e-m/fpv4-sp/hard/crtbegin.o

.rodata         0x0000000008006ac4       0x20
                0x0000000008006ac4                . = ALIGN (0x4)
 *(.rodata)
 *(.rodata*)
 .rodata.AHBPrescTable
                0x0000000008006ac4       0x10 Core/Src/system_stm32f4xx.o
                0x0000000008006ac4                AHBPrescTable
 .rodata.APBPrescTable
                0x0000000008006ad4        0x8 Core/Src/system_stm32f4xx.o
                0x0000000008006ad4                APBPrescTable
 .rodata.flagBitshiftOffset.8359
                0x0000000008006adc        0x8 Drivers/STM32F4xx_HAL_Driver/Src/stm32f4xx_hal_dma.o
                0x0000000008006ae4                . = ALIGN (0x4)

.ARM.extab      0x0000000008006ae4        0x0
                0x0000000008006ae4                . = ALIGN (0x4)
 *(.ARM.extab* .gnu.linkonce.armextab.*)
                0x0000000008006ae4                . = ALIGN (0x4)

.ARM            0x0000000008006ae4        0x8
                0x0000000008006ae4                . = ALIGN (0x4)
                0x0000000008006ae4                __exidx_start = .
 *(.ARM.exidx*)
 .ARM.exidx     0x0000000008006ae4        0x8 c:/st/stm32cubeide_1.4.0/stm32cubeide/plugins/com.st.stm32cube.ide.mcu.externaltools.gnu-tools-for-stm32.7-2018-q2-update.win32_1.4.0.202007081208/tools/bin/../lib/gcc/arm-none-eabi/7.3.1/thumb/v7e-m/fpv4-sp/hard\libgcc.a(_udivmoddi4.o)
                0x0000000008006aec                __exidx_end = .
                0x0000000008006aec                . = ALIGN (0x4)

.rel.dyn        0x0000000008006aec        0x0
 .rel.iplt      0x0000000008006aec        0x0 c:/st/stm32cubeide_1.4.0/stm32cubeide/plugins/com.st.stm32cube.ide.mcu.externaltools.gnu-tools-for-stm32.7-2018-q2-update.win32_1.4.0.202007081208/tools/bin/../lib/gcc/arm-none-eabi/7.3.1/thumb/v7e-m/fpv4-sp/hard/crtbegin.o

.preinit_array  0x0000000008006aec        0x0
                0x0000000008006aec                . = ALIGN (0x4)
                0x0000000008006aec                PROVIDE (__preinit_array_start = .)
 *(.preinit_array*)
                0x0000000008006aec                PROVIDE (__preinit_array_end = .)
                0x0000000008006aec                . = ALIGN (0x4)

.init_array     0x0000000008006aec        0x4
                0x0000000008006aec                . = ALIGN (0x4)
                0x0000000008006aec                PROVIDE (__init_array_start = .)
 *(SORT_BY_NAME(.init_array.*))
 *(.init_array*)
 .init_array    0x0000000008006aec        0x4 c:/st/stm32cubeide_1.4.0/stm32cubeide/plugins/com.st.stm32cube.ide.mcu.externaltools.gnu-tools-for-stm32.7-2018-q2-update.win32_1.4.0.202007081208/tools/bin/../lib/gcc/arm-none-eabi/7.3.1/thumb/v7e-m/fpv4-sp/hard/crtbegin.o
                0x0000000008006af0                PROVIDE (__init_array_end = .)
                0x0000000008006af0                . = ALIGN (0x4)

.fini_array     0x0000000008006af0        0x4
                0x0000000008006af0                . = ALIGN (0x4)
                [!provide]                        PROVIDE (__fini_array_start = .)
 *(SORT_BY_NAME(.fini_array.*))
 *(.fini_array*)
 .fini_array    0x0000000008006af0        0x4 c:/st/stm32cubeide_1.4.0/stm32cubeide/plugins/com.st.stm32cube.ide.mcu.externaltools.gnu-tools-for-stm32.7-2018-q2-update.win32_1.4.0.202007081208/tools/bin/../lib/gcc/arm-none-eabi/7.3.1/thumb/v7e-m/fpv4-sp/hard/crtbegin.o
                [!provide]                        PROVIDE (__fini_array_end = .)
                0x0000000008006af4                . = ALIGN (0x4)
                0x0000000008006af4                _sidata = LOADADDR (.data)

.data           0x0000000020000000       0x6c load address 0x0000000008006af4
                0x0000000020000000                . = ALIGN (0x4)
                0x0000000020000000                _sdata = .
 *(.data)
 *(.data*)
 .data.windwill_num
                0x0000000020000000        0x1 Core/Src/main.o
                0x0000000020000000                windwill_num
 *fill*         0x0000000020000001        0x3 
 .data.SystemCoreClock
                0x0000000020000004        0x4 Core/Src/system_stm32f4xx.o
                0x0000000020000004                SystemCoreClock
 .data.uwTickPrio
                0x0000000020000008        0x4 Drivers/STM32F4xx_HAL_Driver/Src/stm32f4xx_hal.o
                0x0000000020000008                uwTickPrio
 .data.uwTickFreq
                0x000000002000000c        0x1 Drivers/STM32F4xx_HAL_Driver/Src/stm32f4xx_hal.o
                0x000000002000000c                uwTickFreq
 *fill*         0x000000002000000d        0x1 
 .data.shift_count
                0x000000002000000e        0x2 Mycode/LC_Nvic/lc_tim_nvic.o
                0x000000002000000e                shift_count
 .data.red_value
                0x0000000020000010        0x3 Mycode/LC_Nvic/lc_ws2812.o
                0x0000000020000010                red_value
 *fill*         0x0000000020000013        0x1 
 .data.blue_value
                0x0000000020000014        0x3 Mycode/LC_Nvic/lc_ws2812.o
                0x0000000020000014                blue_value
 *fill*         0x0000000020000017        0x1 
 .data.motor_info
                0x0000000020000018       0x54 lc_rm/source/bsp_can.o
                0x0000000020000018                motor_info
                0x000000002000006c                . = ALIGN (0x4)
                0x000000002000006c                _edata = .

.igot.plt       0x000000002000006c        0x0 load address 0x0000000008006b60
 .igot.plt      0x000000002000006c        0x0 c:/st/stm32cubeide_1.4.0/stm32cubeide/plugins/com.st.stm32cube.ide.mcu.externaltools.gnu-tools-for-stm32.7-2018-q2-update.win32_1.4.0.202007081208/tools/bin/../lib/gcc/arm-none-eabi/7.3.1/thumb/v7e-m/fpv4-sp/hard/crtbegin.o
                0x000000002000006c                . = ALIGN (0x4)

.bss            0x000000002000006c     0x7c64 load address 0x0000000008006b60
                0x000000002000006c                _sbss = .
                0x000000002000006c                __bss_start__ = _sbss
 *(.bss)
 .bss           0x000000002000006c       0x1c c:/st/stm32cubeide_1.4.0/stm32cubeide/plugins/com.st.stm32cube.ide.mcu.externaltools.gnu-tools-for-stm32.7-2018-q2-update.win32_1.4.0.202007081208/tools/bin/../lib/gcc/arm-none-eabi/7.3.1/thumb/v7e-m/fpv4-sp/hard/crtbegin.o
 *(.bss*)
 .bss.windwill_state
                0x0000000020000088        0x1 Core/Src/main.o
                0x0000000020000088                windwill_state
 .bss.windwill_strike_completed
                0x0000000020000089        0x1 Core/Src/main.o
                0x0000000020000089                windwill_strike_completed
 .bss.Globle_State
                0x000000002000008a        0x1 Mycode/LC_Nvic/lc_ws2812.o
                0x000000002000008a                Globle_State
 *fill*         0x000000002000008b        0x1 
 .bss.RGB_Blade_Red_buffur
                0x000000002000008c     0x17c0 Mycode/LC_Nvic/lc_ws2812.o
                0x000000002000008c                RGB_Blade_Red_buffur
 .bss.RGB_Blade_Blue_buffur
                0x000000002000184c     0x17c0 Mycode/LC_Nvic/lc_ws2812.o
                0x000000002000184c                RGB_Blade_Blue_buffur
 .bss.RGB_Rst_buffur
                0x000000002000300c     0x17c0 Mycode/LC_Nvic/lc_ws2812.o
                0x000000002000300c                RGB_Rst_buffur
 .bss.RGB_Array1
                0x00000000200047cc       0x64 Mycode/LC_Nvic/lc_ws2812.o
                0x00000000200047cc                RGB_Array1
 .bss.RGB_Array2
                0x0000000020004830       0x64 Mycode/LC_Nvic/lc_ws2812.o
                0x0000000020004830                RGB_Array2
 .bss.RGB_Array3
                0x0000000020004894       0x64 Mycode/LC_Nvic/lc_ws2812.o
                0x0000000020004894                RGB_Array3
 .bss.RGB_Middle_Red_buffur
                0x00000000200048f8     0x17c0 Mycode/LC_Nvic/lc_ws2812.o
                0x00000000200048f8                RGB_Middle_Red_buffur
 .bss.RGB_Middle_Blue_buffur
                0x00000000200060b8     0x17c0 Mycode/LC_Nvic/lc_ws2812.o
                0x00000000200060b8                RGB_Middle_Blue_buffur
 *(COMMON)
 COMMON         0x0000000020007878       0x28 Core/Src/can.o
                0x0000000020007878                hcan1
 COMMON         0x00000000200078a0       0x48 Core/Src/main.o
                0x00000000200078a0                windwill_motor_PID
 COMMON         0x00000000200078e8      0x300 Core/Src/tim.o
                0x00000000200078e8                hdma_tim1_ch1
                0x0000000020007948                hdma_tim8_ch2
                0x00000000200079a8                htim8
                0x00000000200079e8                hdma_tim1_ch3
                0x0000000020007a48                hdma_tim1_ch2
                0x0000000020007aa8                hdma_tim8_ch4_trig_com
                0x0000000020007b08                htim1
                0x0000000020007b48                htim2
                0x0000000020007b88                hdma_tim8_ch3
 COMMON         0x0000000020007be8       0xe0 Core/Src/usart.o
                0x0000000020007be8                hdma_usart1_rx
                0x0000000020007c48                huart1
                0x0000000020007c88                huart8
 COMMON         0x0000000020007cc8        0x4 Drivers/STM32F4xx_HAL_Driver/Src/stm32f4xx_hal.o
                0x0000000020007cc8                uwTick
 COMMON         0x0000000020007ccc        0x2 lc_rm/source/bsp_can.o
                0x0000000020007ccc                can_cnt
                0x0000000020007cd0                . = ALIGN (0x4)
 *fill*         0x0000000020007cce        0x2 
                0x0000000020007cd0                _ebss = .
                0x0000000020007cd0                __bss_end__ = _ebss

._user_heap_stack
                0x0000000020007cd0      0x600 load address 0x0000000008006b60
                0x0000000020007cd0                . = ALIGN (0x8)
                [!provide]                        PROVIDE (end = .)
                0x0000000020007cd0                PROVIDE (_end = .)
                0x0000000020007ed0                . = (. + _Min_Heap_Size)
 *fill*         0x0000000020007cd0      0x200 
                0x00000000200082d0                . = (. + _Min_Stack_Size)
 *fill*         0x0000000020007ed0      0x400 
                0x00000000200082d0                . = ALIGN (0x8)

/DISCARD/
 libc.a(*)
 libm.a(*)
 libgcc.a(*)

.ARM.attributes
                0x0000000000000000       0x30
 *(.ARM.attributes)
 .ARM.attributes
                0x0000000000000000       0x22 c:/st/stm32cubeide_1.4.0/stm32cubeide/plugins/com.st.stm32cube.ide.mcu.externaltools.gnu-tools-for-stm32.7-2018-q2-update.win32_1.4.0.202007081208/tools/bin/../lib/gcc/arm-none-eabi/7.3.1/thumb/v7e-m/fpv4-sp/hard/crti.o
 .ARM.attributes
                0x0000000000000022       0x34 c:/st/stm32cubeide_1.4.0/stm32cubeide/plugins/com.st.stm32cube.ide.mcu.externaltools.gnu-tools-for-stm32.7-2018-q2-update.win32_1.4.0.202007081208/tools/bin/../lib/gcc/arm-none-eabi/7.3.1/thumb/v7e-m/fpv4-sp/hard/crtbegin.o
 .ARM.attributes
                0x0000000000000056       0x39 Core/Src/can.o
 .ARM.attributes
                0x000000000000008f       0x39 Core/Src/dma.o
 .ARM.attributes
                0x00000000000000c8       0x39 Core/Src/gpio.o
 .ARM.attributes
                0x0000000000000101       0x39 Core/Src/main.o
 .ARM.attributes
                0x000000000000013a       0x39 Core/Src/stm32f4xx_hal_msp.o
 .ARM.attributes
                0x0000000000000173       0x39 Core/Src/stm32f4xx_it.o
 .ARM.attributes
                0x00000000000001ac       0x39 Core/Src/system_stm32f4xx.o
 .ARM.attributes
                0x00000000000001e5       0x39 Core/Src/tim.o
 .ARM.attributes
                0x000000000000021e       0x39 Core/Src/usart.o
 .ARM.attributes
                0x0000000000000257       0x21 Core/Startup/startup_stm32f427iihx.o
 .ARM.attributes
                0x0000000000000278       0x39 Drivers/STM32F4xx_HAL_Driver/Src/stm32f4xx_hal.o
 .ARM.attributes
                0x00000000000002b1       0x39 Drivers/STM32F4xx_HAL_Driver/Src/stm32f4xx_hal_can.o
 .ARM.attributes
                0x00000000000002ea       0x39 Drivers/STM32F4xx_HAL_Driver/Src/stm32f4xx_hal_cortex.o
 .ARM.attributes
                0x0000000000000323       0x39 Drivers/STM32F4xx_HAL_Driver/Src/stm32f4xx_hal_dma.o
 .ARM.attributes
                0x000000000000035c       0x39 Drivers/STM32F4xx_HAL_Driver/Src/stm32f4xx_hal_gpio.o
 .ARM.attributes
                0x0000000000000395       0x39 Drivers/STM32F4xx_HAL_Driver/Src/stm32f4xx_hal_rcc.o
 .ARM.attributes
                0x00000000000003ce       0x39 Drivers/STM32F4xx_HAL_Driver/Src/stm32f4xx_hal_tim.o
 .ARM.attributes
                0x0000000000000407       0x39 Drivers/STM32F4xx_HAL_Driver/Src/stm32f4xx_hal_tim_ex.o
 .ARM.attributes
                0x0000000000000440       0x39 Drivers/STM32F4xx_HAL_Driver/Src/stm32f4xx_hal_uart.o
 .ARM.attributes
                0x0000000000000479       0x39 Mycode/LC_Nvic/lc_exit_nvic.o
 .ARM.attributes
                0x00000000000004b2       0x39 Mycode/LC_Nvic/lc_pwm.o
 .ARM.attributes
                0x00000000000004eb       0x39 Mycode/LC_Nvic/lc_tim_nvic.o
 .ARM.attributes
                0x0000000000000524       0x39 Mycode/LC_Nvic/lc_ws2812.o
 .ARM.attributes
                0x000000000000055d       0x39 lc_rm/source/bsp_can.o
 .ARM.attributes
                0x0000000000000596       0x39 lc_rm/source/pid.o
 .ARM.attributes
                0x00000000000005cf       0x34 c:/st/stm32cubeide_1.4.0/stm32cubeide/plugins/com.st.stm32cube.ide.mcu.externaltools.gnu-tools-for-stm32.7-2018-q2-update.win32_1.4.0.202007081208/tools/bin/../lib/gcc/arm-none-eabi/7.3.1/../../../../arm-none-eabi/lib/thumb/v7e-m/fpv4-sp/hard\libc_nano.a(lib_a-init.o)
 .ARM.attributes
                0x0000000000000603       0x34 c:/st/stm32cubeide_1.4.0/stm32cubeide/plugins/com.st.stm32cube.ide.mcu.externaltools.gnu-tools-for-stm32.7-2018-q2-update.win32_1.4.0.202007081208/tools/bin/../lib/gcc/arm-none-eabi/7.3.1/../../../../arm-none-eabi/lib/thumb/v7e-m/fpv4-sp/hard\libc_nano.a(lib_a-memset.o)
 .ARM.attributes
                0x0000000000000637       0x22 c:/st/stm32cubeide_1.4.0/stm32cubeide/plugins/com.st.stm32cube.ide.mcu.externaltools.gnu-tools-for-stm32.7-2018-q2-update.win32_1.4.0.202007081208/tools/bin/../lib/gcc/arm-none-eabi/7.3.1/thumb/v7e-m/fpv4-sp/hard\libgcc.a(_aeabi_uldivmod.o)
 .ARM.attributes
                0x0000000000000659       0x34 c:/st/stm32cubeide_1.4.0/stm32cubeide/plugins/com.st.stm32cube.ide.mcu.externaltools.gnu-tools-for-stm32.7-2018-q2-update.win32_1.4.0.202007081208/tools/bin/../lib/gcc/arm-none-eabi/7.3.1/thumb/v7e-m/fpv4-sp/hard\libgcc.a(_udivmoddi4.o)
 .ARM.attributes
                0x000000000000068d       0x22 c:/st/stm32cubeide_1.4.0/stm32cubeide/plugins/com.st.stm32cube.ide.mcu.externaltools.gnu-tools-for-stm32.7-2018-q2-update.win32_1.4.0.202007081208/tools/bin/../lib/gcc/arm-none-eabi/7.3.1/thumb/v7e-m/fpv4-sp/hard\libgcc.a(_dvmd_tls.o)
 .ARM.attributes
                0x00000000000006af       0x22 c:/st/stm32cubeide_1.4.0/stm32cubeide/plugins/com.st.stm32cube.ide.mcu.externaltools.gnu-tools-for-stm32.7-2018-q2-update.win32_1.4.0.202007081208/tools/bin/../lib/gcc/arm-none-eabi/7.3.1/thumb/v7e-m/fpv4-sp/hard/crtn.o
OUTPUT(WINDWILL.elf elf32-littlearm)

.debug_info     0x0000000000000000    0x11943
 .debug_info    0x0000000000000000      0xb2c Core/Src/can.o
 .debug_info    0x0000000000000b2c      0x5cf Core/Src/dma.o
 .debug_info    0x00000000000010fb      0x7c1 Core/Src/gpio.o
 .debug_info    0x00000000000018bc     0x147f Core/Src/main.o
 .debug_info    0x0000000000002d3b      0x39d Core/Src/stm32f4xx_hal_msp.o
 .debug_info    0x00000000000030d8      0xe16 Core/Src/stm32f4xx_it.o
 .debug_info    0x0000000000003eee      0x56e Core/Src/system_stm32f4xx.o
 .debug_info    0x000000000000445c      0xfb3 Core/Src/tim.o
 .debug_info    0x000000000000540f      0xc45 Core/Src/usart.o
 .debug_info    0x0000000000006054       0x22 Core/Startup/startup_stm32f427iihx.o
 .debug_info    0x0000000000006076      0x9ad Drivers/STM32F4xx_HAL_Driver/Src/stm32f4xx_hal.o
 .debug_info    0x0000000000006a23      0xfae Drivers/STM32F4xx_HAL_Driver/Src/stm32f4xx_hal_can.o
 .debug_info    0x00000000000079d1      0xe52 Drivers/STM32F4xx_HAL_Driver/Src/stm32f4xx_hal_cortex.o
 .debug_info    0x0000000000008823      0x968 Drivers/STM32F4xx_HAL_Driver/Src/stm32f4xx_hal_dma.o
 .debug_info    0x000000000000918b      0x7cf Drivers/STM32F4xx_HAL_Driver/Src/stm32f4xx_hal_gpio.o
 .debug_info    0x000000000000995a      0x91e Drivers/STM32F4xx_HAL_Driver/Src/stm32f4xx_hal_rcc.o
 .debug_info    0x000000000000a278     0x24a9 Drivers/STM32F4xx_HAL_Driver/Src/stm32f4xx_hal_tim.o
 .debug_info    0x000000000000c721     0x1157 Drivers/STM32F4xx_HAL_Driver/Src/stm32f4xx_hal_tim_ex.o
 .debug_info    0x000000000000d878     0x124c Drivers/STM32F4xx_HAL_Driver/Src/stm32f4xx_hal_uart.o
 .debug_info    0x000000000000eac4      0x86f Mycode/LC_Nvic/lc_exit_nvic.o
 .debug_info    0x000000000000f333      0x6c0 Mycode/LC_Nvic/lc_pwm.o
 .debug_info    0x000000000000f9f3      0x8a5 Mycode/LC_Nvic/lc_tim_nvic.o
 .debug_info    0x0000000000010298      0xae5 Mycode/LC_Nvic/lc_ws2812.o
 .debug_info    0x0000000000010d7d      0x860 lc_rm/source/bsp_can.o
 .debug_info    0x00000000000115dd      0x366 lc_rm/source/pid.o

.debug_abbrev   0x0000000000000000     0x2a69
 .debug_abbrev  0x0000000000000000      0x1b6 Core/Src/can.o
 .debug_abbrev  0x00000000000001b6      0x107 Core/Src/dma.o
 .debug_abbrev  0x00000000000002bd      0x13d Core/Src/gpio.o
 .debug_abbrev  0x00000000000003fa      0x1fa Core/Src/main.o
 .debug_abbrev  0x00000000000005f4      0x109 Core/Src/stm32f4xx_hal_msp.o
 .debug_abbrev  0x00000000000006fd      0x1ac Core/Src/stm32f4xx_it.o
 .debug_abbrev  0x00000000000008a9      0x12b Core/Src/system_stm32f4xx.o
 .debug_abbrev  0x00000000000009d4      0x1fc Core/Src/tim.o
 .debug_abbrev  0x0000000000000bd0      0x1b3 Core/Src/usart.o
 .debug_abbrev  0x0000000000000d83       0x12 Core/Startup/startup_stm32f427iihx.o
 .debug_abbrev  0x0000000000000d95      0x1c7 Drivers/STM32F4xx_HAL_Driver/Src/stm32f4xx_hal.o
 .debug_abbrev  0x0000000000000f5c      0x21d Drivers/STM32F4xx_HAL_Driver/Src/stm32f4xx_hal_can.o
 .debug_abbrev  0x0000000000001179      0x2fa Drivers/STM32F4xx_HAL_Driver/Src/stm32f4xx_hal_cortex.o
 .debug_abbrev  0x0000000000001473      0x229 Drivers/STM32F4xx_HAL_Driver/Src/stm32f4xx_hal_dma.o
 .debug_abbrev  0x000000000000169c      0x1c9 Drivers/STM32F4xx_HAL_Driver/Src/stm32f4xx_hal_gpio.o
 .debug_abbrev  0x0000000000001865      0x245 Drivers/STM32F4xx_HAL_Driver/Src/stm32f4xx_hal_rcc.o
 .debug_abbrev  0x0000000000001aaa      0x230 Drivers/STM32F4xx_HAL_Driver/Src/stm32f4xx_hal_tim.o
 .debug_abbrev  0x0000000000001cda      0x21e Drivers/STM32F4xx_HAL_Driver/Src/stm32f4xx_hal_tim_ex.o
 .debug_abbrev  0x0000000000001ef8      0x242 Drivers/STM32F4xx_HAL_Driver/Src/stm32f4xx_hal_uart.o
 .debug_abbrev  0x000000000000213a      0x174 Mycode/LC_Nvic/lc_exit_nvic.o
 .debug_abbrev  0x00000000000022ae      0x142 Mycode/LC_Nvic/lc_pwm.o
 .debug_abbrev  0x00000000000023f0      0x19c Mycode/LC_Nvic/lc_tim_nvic.o
 .debug_abbrev  0x000000000000258c      0x1fa Mycode/LC_Nvic/lc_ws2812.o
 .debug_abbrev  0x0000000000002786      0x1b5 lc_rm/source/bsp_can.o
 .debug_abbrev  0x000000000000293b      0x12e lc_rm/source/pid.o

.debug_aranges  0x0000000000000000      0xf38
 .debug_aranges
                0x0000000000000000       0x30 Core/Src/can.o
 .debug_aranges
                0x0000000000000030       0x20 Core/Src/dma.o
 .debug_aranges
                0x0000000000000050       0x20 Core/Src/gpio.o
 .debug_aranges
                0x0000000000000070       0x30 Core/Src/main.o
 .debug_aranges
                0x00000000000000a0       0x20 Core/Src/stm32f4xx_hal_msp.o
 .debug_aranges
                0x00000000000000c0       0xd8 Core/Src/stm32f4xx_it.o
 .debug_aranges
                0x0000000000000198       0x28 Core/Src/system_stm32f4xx.o
 .debug_aranges
                0x00000000000001c0       0x48 Core/Src/tim.o
 .debug_aranges
                0x0000000000000208       0x38 Core/Src/usart.o
 .debug_aranges
                0x0000000000000240       0x28 Core/Startup/startup_stm32f427iihx.o
 .debug_aranges
                0x0000000000000268      0x100 Drivers/STM32F4xx_HAL_Driver/Src/stm32f4xx_hal.o
 .debug_aranges
                0x0000000000000368      0x138 Drivers/STM32F4xx_HAL_Driver/Src/stm32f4xx_hal_can.o
 .debug_aranges
                0x00000000000004a0      0x118 Drivers/STM32F4xx_HAL_Driver/Src/stm32f4xx_hal_cortex.o
 .debug_aranges
                0x00000000000005b8       0x90 Drivers/STM32F4xx_HAL_Driver/Src/stm32f4xx_hal_dma.o
 .debug_aranges
                0x0000000000000648       0x58 Drivers/STM32F4xx_HAL_Driver/Src/stm32f4xx_hal_gpio.o
 .debug_aranges
                0x00000000000006a0       0x88 Drivers/STM32F4xx_HAL_Driver/Src/stm32f4xx_hal_rcc.o
 .debug_aranges
                0x0000000000000728      0x3a8 Drivers/STM32F4xx_HAL_Driver/Src/stm32f4xx_hal_tim.o
 .debug_aranges
                0x0000000000000ad0      0x150 Drivers/STM32F4xx_HAL_Driver/Src/stm32f4xx_hal_tim_ex.o
 .debug_aranges
                0x0000000000000c20      0x1d0 Drivers/STM32F4xx_HAL_Driver/Src/stm32f4xx_hal_uart.o
 .debug_aranges
                0x0000000000000df0       0x30 Mycode/LC_Nvic/lc_exit_nvic.o
 .debug_aranges
                0x0000000000000e20       0x20 Mycode/LC_Nvic/lc_pwm.o
 .debug_aranges
                0x0000000000000e40       0x28 Mycode/LC_Nvic/lc_tim_nvic.o
 .debug_aranges
                0x0000000000000e68       0x78 Mycode/LC_Nvic/lc_ws2812.o
 .debug_aranges
                0x0000000000000ee0       0x30 lc_rm/source/bsp_can.o
 .debug_aranges
                0x0000000000000f10       0x28 lc_rm/source/pid.o

.debug_ranges   0x0000000000000000      0xdc8
 .debug_ranges  0x0000000000000000       0x20 Core/Src/can.o
 .debug_ranges  0x0000000000000020       0x10 Core/Src/dma.o
 .debug_ranges  0x0000000000000030       0x10 Core/Src/gpio.o
 .debug_ranges  0x0000000000000040       0x20 Core/Src/main.o
 .debug_ranges  0x0000000000000060       0x10 Core/Src/stm32f4xx_hal_msp.o
 .debug_ranges  0x0000000000000070       0xc8 Core/Src/stm32f4xx_it.o
 .debug_ranges  0x0000000000000138       0x18 Core/Src/system_stm32f4xx.o
 .debug_ranges  0x0000000000000150       0x38 Core/Src/tim.o
 .debug_ranges  0x0000000000000188       0x28 Core/Src/usart.o
 .debug_ranges  0x00000000000001b0       0x20 Core/Startup/startup_stm32f427iihx.o
 .debug_ranges  0x00000000000001d0       0xf0 Drivers/STM32F4xx_HAL_Driver/Src/stm32f4xx_hal.o
 .debug_ranges  0x00000000000002c0      0x128 Drivers/STM32F4xx_HAL_Driver/Src/stm32f4xx_hal_can.o
 .debug_ranges  0x00000000000003e8      0x108 Drivers/STM32F4xx_HAL_Driver/Src/stm32f4xx_hal_cortex.o
 .debug_ranges  0x00000000000004f0       0x80 Drivers/STM32F4xx_HAL_Driver/Src/stm32f4xx_hal_dma.o
 .debug_ranges  0x0000000000000570       0x48 Drivers/STM32F4xx_HAL_Driver/Src/stm32f4xx_hal_gpio.o
 .debug_ranges  0x00000000000005b8       0x78 Drivers/STM32F4xx_HAL_Driver/Src/stm32f4xx_hal_rcc.o
 .debug_ranges  0x0000000000000630      0x398 Drivers/STM32F4xx_HAL_Driver/Src/stm32f4xx_hal_tim.o
 .debug_ranges  0x00000000000009c8      0x140 Drivers/STM32F4xx_HAL_Driver/Src/stm32f4xx_hal_tim_ex.o
 .debug_ranges  0x0000000000000b08      0x1c0 Drivers/STM32F4xx_HAL_Driver/Src/stm32f4xx_hal_uart.o
 .debug_ranges  0x0000000000000cc8       0x20 Mycode/LC_Nvic/lc_exit_nvic.o
 .debug_ranges  0x0000000000000ce8       0x10 Mycode/LC_Nvic/lc_pwm.o
 .debug_ranges  0x0000000000000cf8       0x30 Mycode/LC_Nvic/lc_tim_nvic.o
 .debug_ranges  0x0000000000000d28       0x68 Mycode/LC_Nvic/lc_ws2812.o
 .debug_ranges  0x0000000000000d90       0x20 lc_rm/source/bsp_can.o
 .debug_ranges  0x0000000000000db0       0x18 lc_rm/source/pid.o

.debug_macro    0x0000000000000000    0x23e6d
 .debug_macro   0x0000000000000000      0x1f1 Core/Src/can.o
 .debug_macro   0x00000000000001f1      0xa5a Core/Src/can.o
 .debug_macro   0x0000000000000c4b      0x29a Core/Src/can.o
 .debug_macro   0x0000000000000ee5       0x2e Core/Src/can.o
 .debug_macro   0x0000000000000f13       0x28 Core/Src/can.o
 .debug_macro   0x0000000000000f3b       0x22 Core/Src/can.o
 .debug_macro   0x0000000000000f5d       0x8e Core/Src/can.o
 .debug_macro   0x0000000000000feb       0x51 Core/Src/can.o
 .debug_macro   0x000000000000103c       0xef Core/Src/can.o
 .debug_macro   0x000000000000112b       0x6a Core/Src/can.o
 .debug_macro   0x0000000000001195      0x1df Core/Src/can.o
 .debug_macro   0x0000000000001374       0x1c Core/Src/can.o
 .debug_macro   0x0000000000001390       0x22 Core/Src/can.o
 .debug_macro   0x00000000000013b2       0xdf Core/Src/can.o
 .debug_macro   0x0000000000001491     0x102d Core/Src/can.o
 .debug_macro   0x00000000000024be      0x11f Core/Src/can.o
 .debug_macro   0x00000000000025dd    0x17859 Core/Src/can.o
 .debug_macro   0x0000000000019e36       0x43 Core/Src/can.o
 .debug_macro   0x0000000000019e79     0x36c9 Core/Src/can.o
 .debug_macro   0x000000000001d542      0x174 Core/Src/can.o
 .debug_macro   0x000000000001d6b6       0x5a Core/Src/can.o
 .debug_macro   0x000000000001d710      0xc6d Core/Src/can.o
 .debug_macro   0x000000000001e37d      0x9fe Core/Src/can.o
 .debug_macro   0x000000000001ed7b      0x117 Core/Src/can.o
 .debug_macro   0x000000000001ee92      0x16f Core/Src/can.o
 .debug_macro   0x000000000001f001       0x27 Core/Src/can.o
 .debug_macro   0x000000000001f028      0x182 Core/Src/can.o
 .debug_macro   0x000000000001f1aa      0x287 Core/Src/can.o
 .debug_macro   0x000000000001f431       0x5f Core/Src/can.o
 .debug_macro   0x000000000001f490      0x236 Core/Src/can.o
 .debug_macro   0x000000000001f6c6      0x40f Core/Src/can.o
 .debug_macro   0x000000000001fad5      0x132 Core/Src/can.o
 .debug_macro   0x000000000001fc07      0x41d Core/Src/can.o
 .debug_macro   0x0000000000020024       0x2e Core/Src/can.o
 .debug_macro   0x0000000000020052      0x11a Core/Src/can.o
 .debug_macro   0x000000000002016c       0xe2 Core/Src/can.o
 .debug_macro   0x000000000002024e       0x89 Core/Src/can.o
 .debug_macro   0x00000000000202d7      0x8a0 Core/Src/can.o
 .debug_macro   0x0000000000020b77       0x47 Core/Src/can.o
 .debug_macro   0x0000000000020bbe      0x287 Core/Src/can.o
 .debug_macro   0x0000000000020e45      0x134 Core/Src/can.o
 .debug_macro   0x0000000000020f79       0xfa Core/Src/can.o
 .debug_macro   0x0000000000021073      0x1f1 Core/Src/dma.o
 .debug_macro   0x0000000000021264      0x1f1 Core/Src/gpio.o
 .debug_macro   0x0000000000021455      0x261 Core/Src/main.o
 .debug_macro   0x00000000000216b6       0x64 Core/Src/main.o
 .debug_macro   0x000000000002171a       0x28 Core/Src/main.o
 .debug_macro   0x0000000000021742      0x1e7 Core/Src/stm32f4xx_hal_msp.o
 .debug_macro   0x0000000000021929      0x1f1 Core/Src/stm32f4xx_it.o
 .debug_macro   0x0000000000021b1a      0x1de Core/Src/system_stm32f4xx.o
 .debug_macro   0x0000000000021cf8      0x1f1 Core/Src/tim.o
 .debug_macro   0x0000000000021ee9      0x1f1 Core/Src/usart.o
 .debug_macro   0x00000000000220da      0x238 Drivers/STM32F4xx_HAL_Driver/Src/stm32f4xx_hal.o
 .debug_macro   0x0000000000022312      0x1e0 Drivers/STM32F4xx_HAL_Driver/Src/stm32f4xx_hal_can.o
 .debug_macro   0x00000000000224f2      0x1d8 Drivers/STM32F4xx_HAL_Driver/Src/stm32f4xx_hal_cortex.o
 .debug_macro   0x00000000000226ca      0x1de Drivers/STM32F4xx_HAL_Driver/Src/stm32f4xx_hal_dma.o
 .debug_macro   0x00000000000228a8      0x20e Drivers/STM32F4xx_HAL_Driver/Src/stm32f4xx_hal_gpio.o
 .debug_macro   0x0000000000022ab6      0x1fc Drivers/STM32F4xx_HAL_Driver/Src/stm32f4xx_hal_rcc.o
 .debug_macro   0x0000000000022cb2      0x1d9 Drivers/STM32F4xx_HAL_Driver/Src/stm32f4xx_hal_tim.o
 .debug_macro   0x0000000000022e8b      0x1d8 Drivers/STM32F4xx_HAL_Driver/Src/stm32f4xx_hal_tim_ex.o
 .debug_macro   0x0000000000023063      0x1d9 Drivers/STM32F4xx_HAL_Driver/Src/stm32f4xx_hal_uart.o
 .debug_macro   0x000000000002323c      0x208 Mycode/LC_Nvic/lc_exit_nvic.o
 .debug_macro   0x0000000000023444      0x1ff Mycode/LC_Nvic/lc_pwm.o
 .debug_macro   0x0000000000023643      0x208 Mycode/LC_Nvic/lc_tim_nvic.o
 .debug_macro   0x000000000002384b      0x212 Mycode/LC_Nvic/lc_ws2812.o
 .debug_macro   0x0000000000023a5d      0x200 lc_rm/source/bsp_can.o
 .debug_macro   0x0000000000023c5d       0x22 lc_rm/source/bsp_can.o
 .debug_macro   0x0000000000023c7f      0x1ee lc_rm/source/pid.o

.debug_line     0x0000000000000000     0xe290
 .debug_line    0x0000000000000000      0x712 Core/Src/can.o
 .debug_line    0x0000000000000712      0x6df Core/Src/dma.o
 .debug_line    0x0000000000000df1      0x707 Core/Src/gpio.o
 .debug_line    0x00000000000014f8      0x802 Core/Src/main.o
 .debug_line    0x0000000000001cfa      0x6d8 Core/Src/stm32f4xx_hal_msp.o
 .debug_line    0x00000000000023d2      0x88b Core/Src/stm32f4xx_it.o
 .debug_line    0x0000000000002c5d      0x6f3 Core/Src/system_stm32f4xx.o
 .debug_line    0x0000000000003350      0x82c Core/Src/tim.o
 .debug_line    0x0000000000003b7c      0x74e Core/Src/usart.o
 .debug_line    0x00000000000042ca       0x85 Core/Startup/startup_stm32f427iihx.o
 .debug_line    0x000000000000434f      0x901 Drivers/STM32F4xx_HAL_Driver/Src/stm32f4xx_hal.o
 .debug_line    0x0000000000004c50      0xb86 Drivers/STM32F4xx_HAL_Driver/Src/stm32f4xx_hal_can.o
 .debug_line    0x00000000000057d6      0xa01 Drivers/STM32F4xx_HAL_Driver/Src/stm32f4xx_hal_cortex.o
 .debug_line    0x00000000000061d7      0x9ab Drivers/STM32F4xx_HAL_Driver/Src/stm32f4xx_hal_dma.o
 .debug_line    0x0000000000006b82      0x8e4 Drivers/STM32F4xx_HAL_Driver/Src/stm32f4xx_hal_gpio.o
 .debug_line    0x0000000000007466      0x935 Drivers/STM32F4xx_HAL_Driver/Src/stm32f4xx_hal_rcc.o
 .debug_line    0x0000000000007d9b     0x1956 Drivers/STM32F4xx_HAL_Driver/Src/stm32f4xx_hal_tim.o
 .debug_line    0x00000000000096f1      0xcf3 Drivers/STM32F4xx_HAL_Driver/Src/stm32f4xx_hal_tim_ex.o
 .debug_line    0x000000000000a3e4      0xfeb Drivers/STM32F4xx_HAL_Driver/Src/stm32f4xx_hal_uart.o
 .debug_line    0x000000000000b3cf      0x7a3 Mycode/LC_Nvic/lc_exit_nvic.o
 .debug_line    0x000000000000bb72      0x711 Mycode/LC_Nvic/lc_pwm.o
 .debug_line    0x000000000000c283      0x764 Mycode/LC_Nvic/lc_tim_nvic.o
 .debug_line    0x000000000000c9e7      0x98d Mycode/LC_Nvic/lc_ws2812.o
 .debug_line    0x000000000000d374      0x76a lc_rm/source/bsp_can.o
 .debug_line    0x000000000000dade      0x7b2 lc_rm/source/pid.o

.debug_str      0x0000000000000000    0xd59fc
 .debug_str     0x0000000000000000    0xd1963 Core/Src/can.o
                                      0xd1c62 (size before relaxing)
 .debug_str     0x00000000000d1963       0x27 Core/Src/dma.o
                                      0xd192f (size before relaxing)
 .debug_str     0x00000000000d198a       0x46 Core/Src/gpio.o
                                      0xd19cf (size before relaxing)
 .debug_str     0x00000000000d19d0      0xb6b Core/Src/main.o
                                      0xd22b2 (size before relaxing)
 .debug_str     0x00000000000d253b       0x2c Core/Src/stm32f4xx_hal_msp.o
                                      0xd13f9 (size before relaxing)
 .debug_str     0x00000000000d2567      0x21a Core/Src/stm32f4xx_it.o
                                      0xd1d7a (size before relaxing)
 .debug_str     0x00000000000d2781       0xc4 Core/Src/system_stm32f4xx.o
                                      0xd0f61 (size before relaxing)
 .debug_str     0x00000000000d2845      0x228 Core/Src/tim.o
                                      0xd207e (size before relaxing)
 .debug_str     0x00000000000d2a6d       0x65 Core/Src/usart.o
                                      0xd1e33 (size before relaxing)
 .debug_str     0x00000000000d2ad2       0x36 Core/Startup/startup_stm32f427iihx.o
                                         0x53 (size before relaxing)
 .debug_str     0x00000000000d2b08      0x5c8 Drivers/STM32F4xx_HAL_Driver/Src/stm32f4xx_hal.o
                                      0xd1ab6 (size before relaxing)
 .debug_str     0x00000000000d30d0      0x57a Drivers/STM32F4xx_HAL_Driver/Src/stm32f4xx_hal_can.o
                                      0xd1645 (size before relaxing)
 .debug_str     0x00000000000d364a      0x399 Drivers/STM32F4xx_HAL_Driver/Src/stm32f4xx_hal_cortex.o
                                      0xd1857 (size before relaxing)
 .debug_str     0x00000000000d39e3      0x315 Drivers/STM32F4xx_HAL_Driver/Src/stm32f4xx_hal_dma.o
                                      0xd1363 (size before relaxing)
 .debug_str     0x00000000000d3cf8      0x207 Drivers/STM32F4xx_HAL_Driver/Src/stm32f4xx_hal_gpio.o
                                      0xd11a0 (size before relaxing)
 .debug_str     0x00000000000d3eff      0x259 Drivers/STM32F4xx_HAL_Driver/Src/stm32f4xx_hal_rcc.o
                                      0xd134e (size before relaxing)
 .debug_str     0x00000000000d4158      0xcb8 Drivers/STM32F4xx_HAL_Driver/Src/stm32f4xx_hal_tim.o
                                      0xd205a (size before relaxing)
 .debug_str     0x00000000000d4e10      0x40e Drivers/STM32F4xx_HAL_Driver/Src/stm32f4xx_hal_tim_ex.o
                                      0xd185a (size before relaxing)
 .debug_str     0x00000000000d521e      0x51c Drivers/STM32F4xx_HAL_Driver/Src/stm32f4xx_hal_uart.o
                                      0xd179a (size before relaxing)
 .debug_str     0x00000000000d573a       0x41 Mycode/LC_Nvic/lc_exit_nvic.o
                                      0xd1a4a (size before relaxing)
 .debug_str     0x00000000000d577b       0x27 Mycode/LC_Nvic/lc_pwm.o
                                      0xd1771 (size before relaxing)
 .debug_str     0x00000000000d57a2       0x59 Mycode/LC_Nvic/lc_tim_nvic.o
                                      0xd1a6e (size before relaxing)
 .debug_str     0x00000000000d57fb       0xf2 Mycode/LC_Nvic/lc_ws2812.o
                                      0xd1ac9 (size before relaxing)
 .debug_str     0x00000000000d58ed       0x80 lc_rm/source/bsp_can.o
                                      0xd1811 (size before relaxing)
 .debug_str     0x00000000000d596d       0x8f lc_rm/source/pid.o
                                      0xd0eaf (size before relaxing)

.comment        0x0000000000000000       0x7b
 .comment       0x0000000000000000       0x7b Core/Src/can.o
                                         0x7c (size before relaxing)
 .comment       0x000000000000007b       0x7c Core/Src/dma.o
 .comment       0x000000000000007b       0x7c Core/Src/gpio.o
 .comment       0x000000000000007b       0x7c Core/Src/main.o
 .comment       0x000000000000007b       0x7c Core/Src/stm32f4xx_hal_msp.o
 .comment       0x000000000000007b       0x7c Core/Src/stm32f4xx_it.o
 .comment       0x000000000000007b       0x7c Core/Src/system_stm32f4xx.o
 .comment       0x000000000000007b       0x7c Core/Src/tim.o
 .comment       0x000000000000007b       0x7c Core/Src/usart.o
 .comment       0x000000000000007b       0x7c Drivers/STM32F4xx_HAL_Driver/Src/stm32f4xx_hal.o
 .comment       0x000000000000007b       0x7c Drivers/STM32F4xx_HAL_Driver/Src/stm32f4xx_hal_can.o
 .comment       0x000000000000007b       0x7c Drivers/STM32F4xx_HAL_Driver/Src/stm32f4xx_hal_cortex.o
 .comment       0x000000000000007b       0x7c Drivers/STM32F4xx_HAL_Driver/Src/stm32f4xx_hal_dma.o
 .comment       0x000000000000007b       0x7c Drivers/STM32F4xx_HAL_Driver/Src/stm32f4xx_hal_gpio.o
 .comment       0x000000000000007b       0x7c Drivers/STM32F4xx_HAL_Driver/Src/stm32f4xx_hal_rcc.o
 .comment       0x000000000000007b       0x7c Drivers/STM32F4xx_HAL_Driver/Src/stm32f4xx_hal_tim.o
 .comment       0x000000000000007b       0x7c Drivers/STM32F4xx_HAL_Driver/Src/stm32f4xx_hal_tim_ex.o
 .comment       0x000000000000007b       0x7c Drivers/STM32F4xx_HAL_Driver/Src/stm32f4xx_hal_uart.o
 .comment       0x000000000000007b       0x7c Mycode/LC_Nvic/lc_exit_nvic.o
 .comment       0x000000000000007b       0x7c Mycode/LC_Nvic/lc_pwm.o
 .comment       0x000000000000007b       0x7c Mycode/LC_Nvic/lc_tim_nvic.o
 .comment       0x000000000000007b       0x7c Mycode/LC_Nvic/lc_ws2812.o
 .comment       0x000000000000007b       0x7c lc_rm/source/bsp_can.o
 .comment       0x000000000000007b       0x7c lc_rm/source/pid.o

.debug_frame    0x0000000000000000     0x3cc8
 .debug_frame   0x0000000000000000       0x74 Core/Src/can.o
 .debug_frame   0x0000000000000074       0x34 Core/Src/dma.o
 .debug_frame   0x00000000000000a8       0x38 Core/Src/gpio.o
 .debug_frame   0x00000000000000e0       0x74 Core/Src/main.o
 .debug_frame   0x0000000000000154       0x38 Core/Src/stm32f4xx_hal_msp.o
 .debug_frame   0x000000000000018c      0x2b0 Core/Src/stm32f4xx_it.o
 .debug_frame   0x000000000000043c       0x58 Core/Src/system_stm32f4xx.o
 .debug_frame   0x0000000000000494       0xec Core/Src/tim.o
 .debug_frame   0x0000000000000580       0x90 Core/Src/usart.o
 .debug_frame   0x0000000000000610      0x3b4 Drivers/STM32F4xx_HAL_Driver/Src/stm32f4xx_hal.o
 .debug_frame   0x00000000000009c4      0x5a0 Drivers/STM32F4xx_HAL_Driver/Src/stm32f4xx_hal_can.o
 .debug_frame   0x0000000000000f64      0x498 Drivers/STM32F4xx_HAL_Driver/Src/stm32f4xx_hal_cortex.o
 .debug_frame   0x00000000000013fc      0x250 Drivers/STM32F4xx_HAL_Driver/Src/stm32f4xx_hal_dma.o
 .debug_frame   0x000000000000164c      0x14c Drivers/STM32F4xx_HAL_Driver/Src/stm32f4xx_hal_gpio.o
 .debug_frame   0x0000000000001798      0x1f0 Drivers/STM32F4xx_HAL_Driver/Src/stm32f4xx_hal_rcc.o
 .debug_frame   0x0000000000001988     0x10f0 Drivers/STM32F4xx_HAL_Driver/Src/stm32f4xx_hal_tim.o
 .debug_frame   0x0000000000002a78      0x5c0 Drivers/STM32F4xx_HAL_Driver/Src/stm32f4xx_hal_tim_ex.o
 .debug_frame   0x0000000000003038      0x844 Drivers/STM32F4xx_HAL_Driver/Src/stm32f4xx_hal_uart.o
 .debug_frame   0x000000000000387c       0x70 Mycode/LC_Nvic/lc_exit_nvic.o
 .debug_frame   0x00000000000038ec       0x2c Mycode/LC_Nvic/lc_pwm.o
 .debug_frame   0x0000000000003918       0x50 Mycode/LC_Nvic/lc_tim_nvic.o
 .debug_frame   0x0000000000003968      0x1d4 Mycode/LC_Nvic/lc_ws2812.o
 .debug_frame   0x0000000000003b3c       0x80 lc_rm/source/bsp_can.o
 .debug_frame   0x0000000000003bbc       0x60 lc_rm/source/pid.o
 .debug_frame   0x0000000000003c1c       0x2c c:/st/stm32cubeide_1.4.0/stm32cubeide/plugins/com.st.stm32cube.ide.mcu.externaltools.gnu-tools-for-stm32.7-2018-q2-update.win32_1.4.0.202007081208/tools/bin/../lib/gcc/arm-none-eabi/7.3.1/../../../../arm-none-eabi/lib/thumb/v7e-m/fpv4-sp/hard\libc_nano.a(lib_a-init.o)
 .debug_frame   0x0000000000003c48       0x20 c:/st/stm32cubeide_1.4.0/stm32cubeide/plugins/com.st.stm32cube.ide.mcu.externaltools.gnu-tools-for-stm32.7-2018-q2-update.win32_1.4.0.202007081208/tools/bin/../lib/gcc/arm-none-eabi/7.3.1/../../../../arm-none-eabi/lib/thumb/v7e-m/fpv4-sp/hard\libc_nano.a(lib_a-memset.o)
 .debug_frame   0x0000000000003c68       0x2c c:/st/stm32cubeide_1.4.0/stm32cubeide/plugins/com.st.stm32cube.ide.mcu.externaltools.gnu-tools-for-stm32.7-2018-q2-update.win32_1.4.0.202007081208/tools/bin/../lib/gcc/arm-none-eabi/7.3.1/thumb/v7e-m/fpv4-sp/hard\libgcc.a(_aeabi_uldivmod.o)
 .debug_frame   0x0000000000003c94       0x34 c:/st/stm32cubeide_1.4.0/stm32cubeide/plugins/com.st.stm32cube.ide.mcu.externaltools.gnu-tools-for-stm32.7-2018-q2-update.win32_1.4.0.202007081208/tools/bin/../lib/gcc/arm-none-eabi/7.3.1/thumb/v7e-m/fpv4-sp/hard\libgcc.a(_udivmoddi4.o)
