stm32f4xx_it.c:77:6:NMI_Handler	4	static
stm32f4xx_it.c:90:6:HardFault_Handler	4	static
stm32f4xx_it.c:105:6:MemManage_Handler	4	static
stm32f4xx_it.c:120:6:BusFault_Handler	4	static
stm32f4xx_it.c:135:6:UsageFault_Handler	4	static
stm32f4xx_it.c:150:6:SVC_Handler	4	static
stm32f4xx_it.c:163:6:DebugMon_Handler	4	static
stm32f4xx_it.c:176:6:PendSV_Handler	4	static
stm32f4xx_it.c:189:6:SysTick_Handler	8	static
stm32f4xx_it.c:210:6:EXTI0_IRQHandler	8	static
stm32f4xx_it.c:224:6:EXTI1_IRQHandler	8	static
stm32f4xx_it.c:238:6:EXTI4_IRQHandler	8	static
stm32f4xx_it.c:252:6:CAN1_TX_IRQHandler	8	static
stm32f4xx_it.c:266:6:CAN1_RX0_IRQHandler	8	static
stm32f4xx_it.c:280:6:EXTI9_5_IRQHandler	8	static
stm32f4xx_it.c:295:6:USART1_IRQHandler	8	static
stm32f4xx_it.c:309:6:DMA2_Stream1_IRQHandler	8	static
stm32f4xx_it.c:323:6:DMA2_Stream2_IRQHandler	8	static
stm32f4xx_it.c:337:6:DMA2_Stream3_IRQHandler	8	static
stm32f4xx_it.c:351:6:DMA2_Stream4_IRQHandler	8	static
stm32f4xx_it.c:365:6:DMA2_Stream5_IRQHandler	8	static
stm32f4xx_it.c:379:6:DMA2_Stream6_IRQHandler	8	static
