lc_ws2812.c:50:6:LC_Ws2812_Init	8	static
lc_ws2812.c:67:6:ws2812_lamp_strip_Init	8	static
lc_ws2812.c:94:6:ws2812_set_RGB_data_Init	24	static
lc_ws2812.c:118:6:ws2812_Set_Wait_Hit_RGB_data_Init	24	static
lc_ws2812.c:140:6:ws2812_set_RGB_rst_Init	24	static
lc_ws2812.c:159:6:Middle_Array_Init	16	static
lc_ws2812.c:211:6:Middle_Data_combination	24	static
lc_ws2812.c:248:6:ws2812_Middle_Data_fill	32	static
lc_ws2812.c:298:6:ws2812_frame_send	24	static
lc_ws2812.c:311:6:ws2812_middle_send	24	static
lc_ws2812.c:325:6:ws2812_Wait_Hit_frame_send	24	static
lc_ws2812.c:338:6:ws2812_rst_send	16	static
lc_ws2812.c:349:6:array_set_init	32	static
lc_ws2812.c:365:6:array_set_rst	16	static
lc_ws2812.c:380:6:array_wait_hit_set_init	40	static
lc_ws2812.c:402:6:HAL_TIM_PWM_PulseFinishedCallback	16	static
lc_ws2812.c:436:6:ws2812_Mission_Accomplished	16	static
