lc_ws2812.c:45:6:LC_Ws2812_Init	8	static
lc_ws2812.c:60:6:ws2812_lamp_strip_Init	8	static
lc_ws2812.c:86:6:ws2812_set_RGB_data_Init	24	static
lc_ws2812.c:108:6:ws2812_set_RGB_rst_Init	24	static
lc_ws2812.c:127:6:Middle_Array_Init	16	static
lc_ws2812.c:179:6:Middle_Data_combination	24	static
lc_ws2812.c:216:6:ws2812_Middle_Data_fill	32	static
lc_ws2812.c:266:6:ws2812_frame_send	24	static
lc_ws2812.c:279:6:ws2812_middle_send	24	static
lc_ws2812.c:292:6:ws2812_rst_send	16	static
lc_ws2812.c:303:6:array_set_init	32	static
lc_ws2812.c:319:6:array_set_rst	16	static
lc_ws2812.c:332:6:HAL_TIM_PWM_PulseFinishedCallback	16	static
lc_ws2812.c:366:6:ws2812_Mission_Accomplished	16	static
